Archive member included to satisfy reference by file (symbol)

d:/mounriver/mounriver_studio/toolchain/risc-v embedded gcc/bin/../lib/gcc/riscv-none-embed/8.2.0/../../../../riscv-none-embed/lib/rv32imafc/ilp32f\libm.a(lib_a-s_cos.o)
                              ./zf_device/zf_device_gnss.o (cos)
d:/mounriver/mounriver_studio/toolchain/risc-v embedded gcc/bin/../lib/gcc/riscv-none-embed/8.2.0/../../../../riscv-none-embed/lib/rv32imafc/ilp32f\libm.a(lib_a-s_sin.o)
                              ./zf_device/zf_device_gnss.o (sin)
d:/mounriver/mounriver_studio/toolchain/risc-v embedded gcc/bin/../lib/gcc/riscv-none-embed/8.2.0/../../../../riscv-none-embed/lib/rv32imafc/ilp32f\libm.a(lib_a-w_asin.o)
                              ./zf_device/zf_device_gnss.o (asin)
d:/mounriver/mounriver_studio/toolchain/risc-v embedded gcc/bin/../lib/gcc/riscv-none-embed/8.2.0/../../../../riscv-none-embed/lib/rv32imafc/ilp32f\libm.a(lib_a-w_atan2.o)
                              ./zf_device/zf_device_gnss.o (atan2)
d:/mounriver/mounriver_studio/toolchain/risc-v embedded gcc/bin/../lib/gcc/riscv-none-embed/8.2.0/../../../../riscv-none-embed/lib/rv32imafc/ilp32f\libm.a(lib_a-w_pow.o)
                              ./zf_device/zf_device_gnss.o (pow)
d:/mounriver/mounriver_studio/toolchain/risc-v embedded gcc/bin/../lib/gcc/riscv-none-embed/8.2.0/../../../../riscv-none-embed/lib/rv32imafc/ilp32f\libm.a(lib_a-w_sqrt.o)
                              ./zf_device/zf_device_gnss.o (sqrt)
d:/mounriver/mounriver_studio/toolchain/risc-v embedded gcc/bin/../lib/gcc/riscv-none-embed/8.2.0/../../../../riscv-none-embed/lib/rv32imafc/ilp32f\libm.a(lib_a-wf_atan2.o)
                              ./code/image_process.o (atan2f)
d:/mounriver/mounriver_studio/toolchain/risc-v embedded gcc/bin/../lib/gcc/riscv-none-embed/8.2.0/../../../../riscv-none-embed/lib/rv32imafc/ilp32f\libm.a(lib_a-wf_sqrt.o)
                              ./code/image_process.o (sqrtf)
d:/mounriver/mounriver_studio/toolchain/risc-v embedded gcc/bin/../lib/gcc/riscv-none-embed/8.2.0/../../../../riscv-none-embed/lib/rv32imafc/ilp32f\libm.a(lib_a-e_asin.o)
                              d:/mounriver/mounriver_studio/toolchain/risc-v embedded gcc/bin/../lib/gcc/riscv-none-embed/8.2.0/../../../../riscv-none-embed/lib/rv32imafc/ilp32f\libm.a(lib_a-w_asin.o) (__ieee754_asin)
d:/mounriver/mounriver_studio/toolchain/risc-v embedded gcc/bin/../lib/gcc/riscv-none-embed/8.2.0/../../../../riscv-none-embed/lib/rv32imafc/ilp32f\libm.a(lib_a-e_atan2.o)
                              d:/mounriver/mounriver_studio/toolchain/risc-v embedded gcc/bin/../lib/gcc/riscv-none-embed/8.2.0/../../../../riscv-none-embed/lib/rv32imafc/ilp32f\libm.a(lib_a-w_atan2.o) (__ieee754_atan2)
d:/mounriver/mounriver_studio/toolchain/risc-v embedded gcc/bin/../lib/gcc/riscv-none-embed/8.2.0/../../../../riscv-none-embed/lib/rv32imafc/ilp32f\libm.a(lib_a-e_pow.o)
                              d:/mounriver/mounriver_studio/toolchain/risc-v embedded gcc/bin/../lib/gcc/riscv-none-embed/8.2.0/../../../../riscv-none-embed/lib/rv32imafc/ilp32f\libm.a(lib_a-w_pow.o) (__ieee754_pow)
d:/mounriver/mounriver_studio/toolchain/risc-v embedded gcc/bin/../lib/gcc/riscv-none-embed/8.2.0/../../../../riscv-none-embed/lib/rv32imafc/ilp32f\libm.a(lib_a-e_rem_pio2.o)
                              d:/mounriver/mounriver_studio/toolchain/risc-v embedded gcc/bin/../lib/gcc/riscv-none-embed/8.2.0/../../../../riscv-none-embed/lib/rv32imafc/ilp32f\libm.a(lib_a-s_cos.o) (__ieee754_rem_pio2)
d:/mounriver/mounriver_studio/toolchain/risc-v embedded gcc/bin/../lib/gcc/riscv-none-embed/8.2.0/../../../../riscv-none-embed/lib/rv32imafc/ilp32f\libm.a(lib_a-e_sqrt.o)
                              d:/mounriver/mounriver_studio/toolchain/risc-v embedded gcc/bin/../lib/gcc/riscv-none-embed/8.2.0/../../../../riscv-none-embed/lib/rv32imafc/ilp32f\libm.a(lib_a-w_sqrt.o) (__ieee754_sqrt)
d:/mounriver/mounriver_studio/toolchain/risc-v embedded gcc/bin/../lib/gcc/riscv-none-embed/8.2.0/../../../../riscv-none-embed/lib/rv32imafc/ilp32f\libm.a(lib_a-ef_atan2.o)
                              d:/mounriver/mounriver_studio/toolchain/risc-v embedded gcc/bin/../lib/gcc/riscv-none-embed/8.2.0/../../../../riscv-none-embed/lib/rv32imafc/ilp32f\libm.a(lib_a-wf_atan2.o) (__ieee754_atan2f)
d:/mounriver/mounriver_studio/toolchain/risc-v embedded gcc/bin/../lib/gcc/riscv-none-embed/8.2.0/../../../../riscv-none-embed/lib/rv32imafc/ilp32f\libm.a(lib_a-ef_sqrt.o)
                              d:/mounriver/mounriver_studio/toolchain/risc-v embedded gcc/bin/../lib/gcc/riscv-none-embed/8.2.0/../../../../riscv-none-embed/lib/rv32imafc/ilp32f\libm.a(lib_a-wf_sqrt.o) (__ieee754_sqrtf)
d:/mounriver/mounriver_studio/toolchain/risc-v embedded gcc/bin/../lib/gcc/riscv-none-embed/8.2.0/../../../../riscv-none-embed/lib/rv32imafc/ilp32f\libm.a(lib_a-k_cos.o)
[...]
Memory Configuration

Name             Origin             Length             Attributes
RAM              0x0000000020000040 0x0000000000018800 xrw
FLASH            0x0000000000000000 0x0000000000040000 xr
*default*        0x0000000000000000 0xffffffffffffffff

Linker script and memory map

LOAD ./zf_driver/zf_driver_adc.o
LOAD ./zf_driver/zf_driver_delay.o
LOAD ./zf_driver/zf_driver_dvp.o
LOAD ./zf_driver/zf_driver_encoder.o
LOAD ./zf_driver/zf_driver_exti.o
LOAD ./zf_driver/zf_driver_flash.o
LOAD ./zf_driver/zf_driver_gpio.o
LOAD ./zf_driver/zf_driver_iic.o
LOAD ./zf_driver/zf_driver_pit.o
LOAD ./zf_driver/zf_driver_pwm.o
LOAD ./zf_driver/zf_driver_soft_iic.o
LOAD ./zf_driver/zf_driver_soft_spi.o
LOAD ./zf_driver/zf_driver_spi.o
LOAD ./zf_driver/zf_driver_timer.o
LOAD ./zf_driver/zf_driver_uart.o
LOAD ./zf_driver/zf_driver_usb_cdc.o
LOAD ./zf_device/zf_device_absolute_encoder.o
LOAD ./zf_device/zf_device_aht20.o
LOAD ./zf_device/zf_device_bluetooth_ch9141.o
LOAD ./zf_device/zf_device_camera.o
LOAD ./zf_device/zf_device_dl1a.o
LOAD ./zf_device/zf_device_dl1b.o
LOAD ./zf_device/zf_device_dm1xa.o
LOAD ./zf_device/zf_device_gnss.o
LOAD ./zf_device/zf_device_icm20602.o
LOAD ./zf_device/zf_device_imu660ra.o
LOAD ./zf_device/zf_device_imu963ra.o
LOAD ./zf_device/zf_device_ips114.o
LOAD ./zf_device/zf_device_ips200.o
LOAD ./zf_device/zf_device_k24c02.o
LOAD ./zf_device/zf_device_key.o
LOAD ./zf_device/zf_device_mpu6050.o
LOAD ./zf_device/zf_device_mt9v03x_dvp.o
LOAD ./zf_device/zf_device_oled.o
LOAD ./zf_device/zf_device_scc8660_dvp.o
LOAD ./zf_device/zf_device_tft180.o
LOAD ./zf_device/zf_device_type.o
LOAD ./zf_device/zf_device_virtual_oscilloscope.o
LOAD ./zf_device/zf_device_w25q32.o
LOAD ./zf_device/zf_device_wifi_spi.o
LOAD ./zf_device/zf_device_wifi_uart.o
LOAD ./zf_device/zf_device_wireless_ch573.o
LOAD ./zf_device/zf_device_wireless_uart.o
LOAD ./zf_components/seekfree_assistant.o
LOAD ./zf_components/seekfree_assistant_interface.o
LOAD ./zf_common/zf_common_clock.o
LOAD ./zf_common/zf_common_debug.o
LOAD ./zf_common/zf_common_fifo.o
LOAD ./zf_common/zf_common_font.o
LOAD ./zf_common/zf_common_function.o
LOAD ./zf_common/zf_common_interrupt.o
LOAD ./user_c/isr.o
LOAD ./user_c/main.o
LOAD ./sdk/Startup/startup_ch32v30x_D8C.o
LOAD ./sdk/Peripheral/ch32v30x_adc.o
LOAD ./sdk/Peripheral/ch32v30x_bkp.o
LOAD ./sdk/Peripheral/ch32v30x_can.o
LOAD ./sdk/Peripheral/ch32v30x_crc.o
LOAD ./sdk/Peripheral/ch32v30x_dac.o
LOAD ./sdk/Peripheral/ch32v30x_dbgmcu.o
LOAD ./sdk/Peripheral/ch32v30x_dma.o
LOAD ./sdk/Peripheral/ch32v30x_dvp.o
LOAD ./sdk/Peripheral/ch32v30x_eth.o
LOAD ./sdk/Peripheral/ch32v30x_exti.o
LOAD ./sdk/Peripheral/ch32v30x_flash.o
LOAD ./sdk/Peripheral/ch32v30x_fsmc.o
LOAD ./sdk/Peripheral/ch32v30x_gpio.o
LOAD ./sdk/Peripheral/ch32v30x_i2c.o
LOAD ./sdk/Peripheral/ch32v30x_iwdg.o
LOAD ./sdk/Peripheral/ch32v30x_opa.o
LOAD ./sdk/Peripheral/ch32v30x_pwr.o
LOAD ./sdk/Peripheral/ch32v30x_rcc.o
LOAD ./sdk/Peripheral/ch32v30x_rng.o
LOAD ./sdk/Peripheral/ch32v30x_rtc.o
LOAD ./sdk/Peripheral/ch32v30x_sdio.o
LOAD ./sdk/Peripheral/ch32v30x_spi.o
LOAD ./sdk/Peripheral/ch32v30x_tim.o
LOAD ./sdk/Peripheral/ch32v30x_usart.o
LOAD ./sdk/Peripheral/ch32v30x_usbotg_device.o
LOAD ./sdk/Peripheral/ch32v30x_wwdg.o
LOAD ./sdk/Core/core_riscv.o
LOAD ./code/circle.o
LOAD ./code/cross.o
LOAD ./code/image_process.o
LOAD ./code/pid.o
LOAD d:/mounriver/mounriver_studio/toolchain/risc-v embedded gcc/bin/../lib/gcc/riscv-none-embed/8.2.0/../../../../riscv-none-embed/lib/rv32imafc/ilp32f\libm.a
LOAD C:\Users\admin\Desktop\E01_gpio_demo\libraries\zf_device\libzf_device_config.a
LOAD d:/mounriver/mounriver_studio/toolchain/risc-v embedded gcc/bin/../lib/gcc/riscv-none-embed/8.2.0/rv32imafc/ilp32f\libgcc.a
LOAD d:/mounriver/mounriver_studio/toolchain/risc-v embedded gcc/bin/../lib/gcc/riscv-none-embed/8.2.0/../../../../riscv-none-embed/lib/rv32imafc/ilp32f\libg_nano.a
LOAD d:/mounriver/mounriver_studio/toolchain/risc-v embedded gcc/bin/../lib/gcc/riscv-none-embed/8.2.0/../../../../riscv-none-embed/lib/rv32imafc/ilp32f\libc_nano.a
LOAD d:/mounriver/mounriver_studio/toolchain/risc-v embedded gcc/bin/../lib/gcc/riscv-none-embed/8.2.0/rv32imafc/ilp32f\libgcc.a
START GROUP
LOAD d:/mounriver/mounriver_studio/toolchain/risc-v embedded gcc/bin/../lib/gcc/riscv-none-embed/8.2.0/rv32imafc/ilp32f\libgcc.a
LOAD d:/mounriver/mounriver_studio/toolchain/risc-v embedded gcc/bin/../lib/gcc/riscv-none-embed/8.2.0/../../../../riscv-none-embed/lib/rv32imafc/ilp32f\libc_nano.a
LOAD d:/mounriver/mounriver_studio/toolchain/risc-v embedded gcc/bin/../lib/gcc/riscv-none-embed/8.2.0/../../../../riscv-none-embed/lib/rv32imafc/ilp32f\libnosys.a
END GROUP
START GROUP
LOAD d:/mounriver/mounriver_studio/toolchain/risc-v embedded gcc/bin/../lib/gcc/riscv-none-embed/8.2.0/rv32imafc/ilp32f\libgcc.a
LOAD d:/mounriver/mounriver_studio/toolchain/risc-v embedded gcc/bin/../lib/gcc/riscv-none-embed/8.2.0/../../../../riscv-none-embed/lib/rv32imafc/ilp32f\libc_nano.a
LOAD d:/mounriver/mounriver_studio/toolchain/risc-v embedded gcc/bin/../lib/gcc/riscv-none-embed/8.2.0/../../../../riscv-none-embed/lib/rv32imafc/ilp32f\libnosys.a
END GROUP
                0x0000000000000800                __stack_size = 0x800
                [!provide]                        PROVIDE (_stack_size = __stack_size)

.init           0x0000000000000000       0x38
                0x0000000000000000                _sinit = .
                0x0000000000000000                . = ALIGN (0x4)
 *(SORT_NONE(.init))
 .init          0x0000000000000000       0x38 ./sdk/Startup/startup_ch32v30x_D8C.o
                0x0000000000000000                _start
                0x0000000000000038                . = ALIGN (0x4)
                0x0000000000000038                _einit = .

.vector         0x0000000000000038      0x1c8
 *(.vector)
 .vector        0x0000000000000038      0x1a0 ./sdk/Startup/startup_ch32v30x_D8C.o
                0x0000000000000200                . = ALIGN (0x40)
 *fill*         0x00000000000001d8       0x28 

.text           0x0000000000000200    0x21a64
                0x0000000000000200                . = ALIGN (0x4)
 *(.text)
 .text          0x0000000000000200       0xa8 d:/mounriver/mounriver_studio/toolchain/risc-v embedded gcc/bin/../lib/gcc/riscv-none-embed/8.2.0/../../../../riscv-none-embed/lib/rv32imafc/ilp32f\libg_nano.a(lib_a-memset.o)
                0x0000000000000200                memset
 *(.text.*)
 .text.system_delay_ms
                0x00000000000002a8       0xa2 ./zf_driver/zf_driver_delay.o
                0x00000000000002a8                system_delay_ms
 .text.dvp_gpio_init
                0x000000000000034a      0x102 ./zf_driver/zf_driver_dvp.o
                0x000000000000034a                dvp_gpio_init
 .text.dvp_camera_init
                0x000000000000044c       0x8c ./zf_driver/zf_driver_dvp.o
                0x000000000000044c                dvp_camera_init
 .text.gpio_get_level
                0x00000000000004d8       0x42 ./zf_driver/zf_driver_gpio.o
                0x00000000000004d8                gpio_get_level
 .text.gpio_toggle_level
                0x000000000000051a       0x6a ./zf_driver/zf_driver_gpio.o
                0x000000000000051a                gpio_toggle_level
 .text.gpio_init
                0x0000000000000584      0x15c ./zf_driver/zf_driver_gpio.o
                0x0000000000000584                gpio_init
 .text.pwm_init
                0x00000000000006e0      0x416 ./zf_driver/zf_driver_pwm.o
                0x00000000000006e0                pwm_init
 .text.soft_iic_start
                0x0000000000000af6      0x128 ./zf_driver/zf_driver_soft_iic.o
 .text.soft_iic_stop
                0x0000000000000c1e      0x142 ./zf_driver/zf_driver_soft_iic.o
 .text.soft_iic_send_ack
                0x0000000000000d60      0x196 ./zf_driver/zf_driver_soft_iic.o
 .text.soft_iic_wait_ack
                0x0000000000000ef6      0x160 ./zf_driver/zf_driver_soft_iic.o
 .text.soft_iic_send_data
                0x0000000000001056      0x16e ./zf_driver/zf_driver_soft_iic.o
 .text.soft_iic_read_data
                0x00000000000011c4      0x1e8 ./zf_driver/zf_driver_soft_iic.o
 .text.soft_iic_sccb_write_register
                0x00000000000013ac       0x80 ./zf_driver/zf_driver_soft_iic.o
                0x00000000000013ac                soft_iic_sccb_write_register
 .text.soft_iic_sccb_read_register
                0x000000000000142c       0xb4 ./zf_driver/zf_driver_soft_iic.o
                0x000000000000142c                soft_iic_sccb_read_register
 .text.soft_iic_init
                0x00000000000014e0       0xb2 ./zf_driver/zf_driver_soft_iic.o
                0x00000000000014e0                soft_iic_init
 .text.spi_write_8bit
                0x0000000000001592       0x56 ./zf_driver/zf_driver_spi.o
                0x0000000000001592                spi_write_8bit
 .text.spi_write_16bit
                0x00000000000015e8       0xa4 ./zf_driver/zf_driver_spi.o
                0x00000000000015e8                spi_write_16bit
 .text.spi_write_16bit_array
                0x000000000000168c       0xe4 ./zf_driver/zf_driver_spi.o
                0x000000000000168c                spi_write_16bit_array
 .text.spi_init
                0x0000000000001770      0x2d4 ./zf_driver/zf_driver_spi.o
                0x0000000000001770                spi_init
 .text.timer_funciton_check
                0x0000000000001a44       0x66 ./zf_driver/zf_driver_timer.o
                0x0000000000001a44                timer_funciton_check
 .text.timer_clock_enable
                0x0000000000001aaa       0xe2 ./zf_driver/zf_driver_timer.o
                0x0000000000001aaa                timer_clock_enable
 .text.timer_get
                0x0000000000001b8c       0xfe ./zf_driver/zf_driver_timer.o
                0x0000000000001b8c                timer_get
 .text.timer_clear
                0x0000000000001c8a       0xc4 ./zf_driver/zf_driver_timer.o
                0x0000000000001c8a                timer_clear
 .text.uart_write_byte
                0x0000000000001d4e       0x56 ./zf_driver/zf_driver_uart.o
                0x0000000000001d4e                uart_write_byte
 .text.uart_write_buffer
                0x0000000000001da4       0x64 ./zf_driver/zf_driver_uart.o
                0x0000000000001da4                uart_write_buffer
 .text.uart_write_string
                0x0000000000001e08       0x60 ./zf_driver/zf_driver_uart.o
                0x0000000000001e08                uart_write_string
 .text.uart_rx_interrupt
                0x0000000000001e68       0x84 ./zf_driver/zf_driver_uart.o
                0x0000000000001e68                uart_rx_interrupt
 .text.uart_query_byte
                0x0000000000001eec       0x5e ./zf_driver/zf_driver_uart.o
                0x0000000000001eec                uart_query_byte
 .text.uart_init
                0x0000000000001f4a      0x5aa ./zf_driver/zf_driver_uart.o
                0x0000000000001f4a                uart_init
 .text.dm1xa_sound_callback
                0x00000000000024f4       0xf6 ./zf_device/zf_device_dm1xa.o
                0x00000000000024f4                dm1xa_sound_callback
 .text.dm1xa_light_callback
                0x00000000000025ea       0x32 ./zf_device/zf_device_dm1xa.o
                0x00000000000025ea                dm1xa_light_callback
 .text.gnss_uart_callback
                0x000000000000261c      0x15c ./zf_device/zf_device_gnss.o
                0x000000000000261c                gnss_uart_callback
 .text.ips114_write_index
                0x0000000000002778       0x40 ./zf_device/zf_device_ips114.o
 .text.ips114_set_region
                0x00000000000027b8      0x26e ./zf_device/zf_device_ips114.o
 .text.ips114_debug_init
                0x0000000000002a26       0x86 ./zf_device/zf_device_ips114.o
 .text.ips114_clear
                0x0000000000002aac      0x124 ./zf_device/zf_device_ips114.o
                0x0000000000002aac                ips114_clear
 .text.ips114_set_dir
                0x0000000000002bd0       0x4c ./zf_device/zf_device_ips114.o
                0x0000000000002bd0                ips114_set_dir
 .text.ips114_set_color
                0x0000000000002c1c       0x34 ./zf_device/zf_device_ips114.o
                0x0000000000002c1c                ips114_set_color
 .text.ips114_show_char
                0x0000000000002c50      0x322 ./zf_device/zf_device_ips114.o
                0x0000000000002c50                ips114_show_char
 .text.ips114_show_string
                0x0000000000002f72      0x110 ./zf_device/zf_device_ips114.o
                0x0000000000002f72                ips114_show_string
 .text.ips114_init
                0x0000000000003082      0x342 ./zf_device/zf_device_ips114.o
                0x0000000000003082                ips114_init
 .text.mt9v03x_set_config
                0x00000000000033c4      0x132 ./zf_device/zf_device_mt9v03x_dvp.o
 .text.mt9v03x_get_config
                0x00000000000034f6      0x176 ./zf_device/zf_device_mt9v03x_dvp.o
 .text.mt9v03x_uart_check_id
                0x000000000000366c       0xda ./zf_device/zf_device_mt9v03x_dvp.o
 .text.mt9v03x_uart_handler
                0x0000000000003746       0x4e ./zf_device/zf_device_mt9v03x_dvp.o
 .text.mt9v03x_dvp_handler
                0x0000000000003794       0x14 ./zf_device/zf_device_mt9v03x_dvp.o
                0x0000000000003794                mt9v03x_dvp_handler
 .text.mt9v03x_get_version
                0x00000000000037a8       0xb0 ./zf_device/zf_device_mt9v03x_dvp.o
                0x00000000000037a8                mt9v03x_get_version
 .text.mt9v03x_sccb_init
                0x0000000000003858       0xc2 ./zf_device/zf_device_mt9v03x_dvp.o
                0x0000000000003858                mt9v03x_sccb_init
 .text.mt9v03x_uart_init
                0x000000000000391a      0x2ae ./zf_device/zf_device_mt9v03x_dvp.o
                0x000000000000391a                mt9v03x_uart_init
 .text.mt9v03x_init
                0x0000000000003bc8       0xa8 ./zf_device/zf_device_mt9v03x_dvp.o
                0x0000000000003bc8                mt9v03x_init
 .text.type_default_callback
                0x0000000000003c70        0xe ./zf_device/zf_device_type.o
 .text.set_camera_type
                0x0000000000003c7e       0x52 ./zf_device/zf_device_type.o
                0x0000000000003c7e                set_camera_type
 .text.clock_reset
                0x0000000000003cd0       0x76 ./zf_common/zf_common_clock.o
                0x0000000000003cd0                clock_reset
 .text.clock_set_freq
                0x0000000000003d46      0x1e0 ./zf_common/zf_common_clock.o
                0x0000000000003d46                clock_set_freq
 .text.clock_init
                0x0000000000003f26       0x2e ./zf_common/zf_common_clock.o
                0x0000000000003f26                clock_init
 .text.__NOP    0x0000000000003f54       0x10 ./zf_common/zf_common_debug.o
 .text.debug_delay
                0x0000000000003f64       0x52 ./zf_common/zf_common_debug.o
 .text.debug_protective_handler
                0x0000000000003fb6        0xe ./zf_common/zf_common_debug.o
 .text.debug_uart_str_output
                0x0000000000003fc4       0x20 ./zf_common/zf_common_debug.o
 .text.debug_output
                0x0000000000003fe4      0x564 ./zf_common/zf_common_debug.o
 .text._write   0x0000000000004548       0x7c ./zf_common/zf_common_debug.o
                0x0000000000004548                _write
 .text.debug_assert_handler
                0x00000000000045c4       0x68 ./zf_common/zf_common_debug.o
                0x00000000000045c4                debug_assert_handler
 .text.debug_log_handler
                0x000000000000462c       0x4e ./zf_common/zf_common_debug.o
                0x000000000000462c                debug_log_handler
 .text.debug_output_struct_init
                0x000000000000467a       0x5a ./zf_common/zf_common_debug.o
                0x000000000000467a                debug_output_struct_init
 .text.debug_output_init
                0x00000000000046d4       0xa8 ./zf_common/zf_common_debug.o
                0x00000000000046d4                debug_output_init
 .text.debug_init
                0x000000000000477c       0x6c ./zf_common/zf_common_debug.o
                0x000000000000477c                debug_init
 .text.fifo_head_offset
                0x00000000000047e8      0x184 ./zf_common/zf_common_fifo.o
 .text.fifo_end_offset
                0x000000000000496c      0x184 ./zf_common/zf_common_fifo.o
 .text.fifo_clear
                0x0000000000004af0      0x24a ./zf_common/zf_common_fifo.o
                0x0000000000004af0                fifo_clear
 .text.fifo_used
                0x0000000000004d3a       0x7a ./zf_common/zf_common_fifo.o
                0x0000000000004d3a                fifo_used
 .text.fifo_write_element
                0x0000000000004db4      0x260 ./zf_common/zf_common_fifo.o
                0x0000000000004db4                fifo_write_element
 .text.fifo_write_buffer
                0x0000000000005014      0x5ea ./zf_common/zf_common_fifo.o
                0x0000000000005014                fifo_write_buffer
 .text.fifo_read_buffer
                0x00000000000055fe      0x5a4 ./zf_common/zf_common_fifo.o
                0x00000000000055fe                fifo_read_buffer
 .text.fifo_init
                0x0000000000005ba2      0x248 ./zf_common/zf_common_fifo.o
                0x0000000000005ba2                fifo_init
 .text.__enable_irq
                0x0000000000005dea       0x18 ./zf_common/zf_common_interrupt.o
 .text.__disable_irq
                0x0000000000005e02       0x14 ./zf_common/zf_common_interrupt.o
 .text.NVIC_EnableIRQ
                0x0000000000005e16       0x32 ./zf_common/zf_common_interrupt.o
 .text.NVIC_DisableIRQ
                0x0000000000005e48       0x32 ./zf_common/zf_common_interrupt.o
 .text.NVIC_SetPriority
                0x0000000000005e7a       0x2a ./zf_common/zf_common_interrupt.o
 .text.interrupt_enable
                0x0000000000005ea4       0x1e ./zf_common/zf_common_interrupt.o
                0x0000000000005ea4                interrupt_enable
 .text.interrupt_disable
                0x0000000000005ec2       0x1e ./zf_common/zf_common_interrupt.o
                0x0000000000005ec2                interrupt_disable
 .text.interrupt_set_priority
                0x0000000000005ee0       0x2a ./zf_common/zf_common_interrupt.o
                0x0000000000005ee0                interrupt_set_priority
 .text.interrupt_global_enable
                0x0000000000005f0a       0x32 ./zf_common/zf_common_interrupt.o
                0x0000000000005f0a                interrupt_global_enable
 .text.interrupt_global_disable
                0x0000000000005f3c       0x2c ./zf_common/zf_common_interrupt.o
                0x0000000000005f3c                interrupt_global_disable
 .text.interrupt_init
                0x0000000000005f68       0x18 ./zf_common/zf_common_interrupt.o
                0x0000000000005f68                interrupt_init
 .text.USART1_IRQHandler
                0x0000000000005f80       0xc4 ./user_c/isr.o
                0x0000000000005f80                USART1_IRQHandler
 .text.USART2_IRQHandler
                0x0000000000006044       0xc4 ./user_c/isr.o
                0x0000000000006044                USART2_IRQHandler
 .text.USART3_IRQHandler
                0x0000000000006108       0xc4 ./user_c/isr.o
                0x0000000000006108                USART3_IRQHandler
 .text.UART4_IRQHandler
                0x00000000000061cc       0xc4 ./user_c/isr.o
                0x00000000000061cc                UART4_IRQHandler
 .text.UART5_IRQHandler
                0x0000000000006290       0xc2 ./user_c/isr.o
                0x0000000000006290                UART5_IRQHandler
 .text.UART6_IRQHandler
                0x0000000000006352       0xc4 ./user_c/isr.o
                0x0000000000006352                UART6_IRQHandler
 .text.UART7_IRQHandler
                0x0000000000006416       0xca ./user_c/isr.o
                0x0000000000006416                UART7_IRQHandler
 .text.UART8_IRQHandler
                0x00000000000064e0       0xc0 ./user_c/isr.o
                0x00000000000064e0                UART8_IRQHandler
 .text.DVP_IRQHandler
                0x00000000000065a0       0xd0 ./user_c/isr.o
                0x00000000000065a0                DVP_IRQHandler
 .text.EXTI0_IRQHandler
                0x0000000000006670       0xb4 ./user_c/isr.o
                0x0000000000006670                EXTI0_IRQHandler
 .text.EXTI1_IRQHandler
                0x0000000000006724       0xb4 ./user_c/isr.o
                0x0000000000006724                EXTI1_IRQHandler
 .text.EXTI2_IRQHandler
                0x00000000000067d8       0xb4 ./user_c/isr.o
                0x00000000000067d8                EXTI2_IRQHandler
 .text.EXTI3_IRQHandler
                0x000000000000688c       0xb4 ./user_c/isr.o
                0x000000000000688c                EXTI3_IRQHandler
 .text.EXTI4_IRQHandler
                0x0000000000006940       0xb4 ./user_c/isr.o
                0x0000000000006940                EXTI4_IRQHandler
 .text.EXTI9_5_IRQHandler
                0x00000000000069f4      0x118 ./user_c/isr.o
                0x00000000000069f4                EXTI9_5_IRQHandler
 .text.EXTI15_10_IRQHandler
                0x0000000000006b0c      0x132 ./user_c/isr.o
                0x0000000000006b0c                EXTI15_10_IRQHandler
 .text.TIM1_UP_IRQHandler
                0x0000000000006c3e       0xc0 ./user_c/isr.o
                0x0000000000006c3e                TIM1_UP_IRQHandler
 .text.TIM2_IRQHandler
                0x0000000000006cfe       0xc0 ./user_c/isr.o
                0x0000000000006cfe                TIM2_IRQHandler
 .text.TIM3_IRQHandler
                0x0000000000006dbe       0xc0 ./user_c/isr.o
                0x0000000000006dbe                TIM3_IRQHandler
 .text.TIM4_IRQHandler
                0x0000000000006e7e       0xc0 ./user_c/isr.o
                0x0000000000006e7e                TIM4_IRQHandler
 .text.TIM5_IRQHandler
                0x0000000000006f3e       0xc0 ./user_c/isr.o
                0x0000000000006f3e                TIM5_IRQHandler
 .text.TIM6_IRQHandler
                0x0000000000006ffe       0xb8 ./user_c/isr.o
                0x0000000000006ffe                TIM6_IRQHandler
 .text.TIM7_IRQHandler
                0x00000000000070b6       0xc0 ./user_c/isr.o
                0x00000000000070b6                TIM7_IRQHandler
 .text.TIM8_UP_IRQHandler
                0x0000000000007176       0xc0 ./user_c/isr.o
                0x0000000000007176                TIM8_UP_IRQHandler
 .text.TIM9_UP_IRQHandler
                0x0000000000007236       0xc0 ./user_c/isr.o
                0x0000000000007236                TIM9_UP_IRQHandler
 .text.TIM10_UP_IRQHandler
                0x00000000000072f6       0xb8 ./user_c/isr.o
                0x00000000000072f6                TIM10_UP_IRQHandler
 .text.NMI_Handler
                0x00000000000073ae       0x10 ./user_c/isr.o
                0x00000000000073ae                NMI_Handler
 .text.HardFault_Handler
                0x00000000000073be        0x8 ./user_c/isr.o
                0x00000000000073be                HardFault_Handler
 .text.main     0x00000000000073c6      0x32c ./user_c/main.o
                0x00000000000073c6                main
 .text.vector_handler
                0x00000000000076f2       0xbe ./sdk/Startup/startup_ch32v30x_D8C.o
                0x00000000000076f6                Ecall_M_Mode_Handler
                0x00000000000076f8                Ecall_U_Mode_Handler
                0x00000000000076fa                Break_Point_Handler
                0x00000000000076fc                SysTick_Handler
                0x00000000000076fe                SW_Handler
                0x0000000000007700                WWDG_IRQHandler
                0x0000000000007702                PVD_IRQHandler
                0x0000000000007704                TAMPER_IRQHandler
                0x0000000000007706                RTC_IRQHandler
                0x0000000000007708                FLASH_IRQHandler
                0x000000000000770a                RCC_IRQHandler
                0x0000000000007716                DMA1_Channel1_IRQHandler
                0x0000000000007718                DMA1_Channel2_IRQHandler
                0x000000000000771a                DMA1_Channel3_IRQHandler
                0x000000000000771c                DMA1_Channel4_IRQHandler
                0x000000000000771e                DMA1_Channel5_IRQHandler
                0x0000000000007720                DMA1_Channel6_IRQHandler
                0x0000000000007722                DMA1_Channel7_IRQHandler
                0x0000000000007724                ADC1_2_IRQHandler
                0x0000000000007726                USB_HP_CAN1_TX_IRQHandler
                0x0000000000007728                USB_LP_CAN1_RX0_IRQHandler
                0x000000000000772a                CAN1_RX1_IRQHandler
                0x000000000000772c                CAN1_SCE_IRQHandler
                0x0000000000007730                TIM1_BRK_IRQHandler
                0x0000000000007734                TIM1_TRG_COM_IRQHandler
                0x0000000000007736                TIM1_CC_IRQHandler
                0x000000000000773e                I2C1_EV_IRQHandler
                0x0000000000007740                I2C1_ER_IRQHandler
                0x0000000000007742                I2C2_EV_IRQHandler
                0x0000000000007744                I2C2_ER_IRQHandler
                0x0000000000007746                SPI1_IRQHandler
                0x0000000000007748                SPI2_IRQHandler
                0x0000000000007752                RTCAlarm_IRQHandler
                0x0000000000007754                USBWakeUp_IRQHandler
                0x0000000000007756                TIM8_BRK_IRQHandler
                0x000000000000775a                TIM8_TRG_COM_IRQHandler
                0x000000000000775c                TIM8_CC_IRQHandler
                0x000000000000775e                RNG_IRQHandler
                0x0000000000007760                FSMC_IRQHandler
                0x0000000000007762                SDIO_IRQHandler
                0x0000000000007766                SPI3_IRQHandler
                0x0000000000007770                DMA2_Channel1_IRQHandler
                0x0000000000007772                DMA2_Channel2_IRQHandler
                0x0000000000007774                DMA2_Channel3_IRQHandler
                0x0000000000007776                DMA2_Channel4_IRQHandler
                0x0000000000007778                DMA2_Channel5_IRQHandler
                0x000000000000777a                ETH_IRQHandler
                0x000000000000777c                ETH_WKUP_IRQHandler
                0x000000000000777e                CAN2_TX_IRQHandler
                0x0000000000007780                CAN2_RX0_IRQHandler
                0x0000000000007782                CAN2_RX1_IRQHandler
                0x0000000000007784                CAN2_SCE_IRQHandler
                0x0000000000007788                USBHSWakeup_IRQHandler
                0x000000000000778a                USBHS_IRQHandler
                0x0000000000007794                TIM9_BRK_IRQHandler
                0x0000000000007798                TIM9_TRG_COM_IRQHandler
                0x000000000000779a                TIM9_CC_IRQHandler
                0x000000000000779c                TIM10_BRK_IRQHandler
                0x00000000000077a0                TIM10_TRG_COM_IRQHandler
                0x00000000000077a2                TIM10_CC_IRQHandler
                0x00000000000077a4                DMA2_Channel6_IRQHandler
                0x00000000000077a6                DMA2_Channel7_IRQHandler
                0x00000000000077a8                DMA2_Channel8_IRQHandler
                0x00000000000077aa                DMA2_Channel9_IRQHandler
                0x00000000000077ac                DMA2_Channel10_IRQHandler
                0x00000000000077ae                DMA2_Channel11_IRQHandler
 .text.handle_reset
                0x00000000000077b0       0x8a ./sdk/Startup/startup_ch32v30x_D8C.o
                0x00000000000077b0                handle_reset
 .text.EXTI_GetITStatus
                0x000000000000783a       0x56 ./sdk/Peripheral/ch32v30x_exti.o
                0x000000000000783a                EXTI_GetITStatus
 .text.EXTI_ClearITPendingBit
                0x0000000000007890       0x20 ./sdk/Peripheral/ch32v30x_exti.o
                0x0000000000007890                EXTI_ClearITPendingBit
 .text.GPIO_Init
                0x00000000000078b0      0x22a ./sdk/Peripheral/ch32v30x_gpio.o
                0x00000000000078b0                GPIO_Init
 .text.GPIO_WriteBit
                0x0000000000007ada       0x38 ./sdk/Peripheral/ch32v30x_gpio.o
                0x0000000000007ada                GPIO_WriteBit
 .text.GPIO_PinRemapConfig
                0x0000000000007b12      0x1c8 ./sdk/Peripheral/ch32v30x_gpio.o
                0x0000000000007b12                GPIO_PinRemapConfig
 .text.RCC_GetClocksFreq
                0x0000000000007cda      0x2c6 ./sdk/Peripheral/ch32v30x_rcc.o
                0x0000000000007cda                RCC_GetClocksFreq
 .text.RCC_AHBPeriphClockCmd
                0x0000000000007fa0       0x46 ./sdk/Peripheral/ch32v30x_rcc.o
                0x0000000000007fa0                RCC_AHBPeriphClockCmd
 .text.RCC_APB2PeriphClockCmd
                0x0000000000007fe6       0x46 ./sdk/Peripheral/ch32v30x_rcc.o
                0x0000000000007fe6                RCC_APB2PeriphClockCmd
 .text.RCC_APB1PeriphClockCmd
                0x000000000000802c       0x46 ./sdk/Peripheral/ch32v30x_rcc.o
                0x000000000000802c                RCC_APB1PeriphClockCmd
 .text.RCC_APB2PeriphResetCmd
                0x0000000000008072       0x46 ./sdk/Peripheral/ch32v30x_rcc.o
                0x0000000000008072                RCC_APB2PeriphResetCmd
 .text.RCC_APB1PeriphResetCmd
                0x00000000000080b8       0x46 ./sdk/Peripheral/ch32v30x_rcc.o
                0x00000000000080b8                RCC_APB1PeriphResetCmd
 .text.SPI_I2S_DeInit
                0x00000000000080fe       0x76 ./sdk/Peripheral/ch32v30x_spi.o
                0x00000000000080fe                SPI_I2S_DeInit
 .text.SPI_Init
                0x0000000000008174       0xf8 ./sdk/Peripheral/ch32v30x_spi.o
                0x0000000000008174                SPI_Init
 .text.SPI_Cmd  0x000000000000826c       0x5a ./sdk/Peripheral/ch32v30x_spi.o
                0x000000000000826c                SPI_Cmd
 .text.TIM_TimeBaseInit
                0x00000000000082c6      0x17e ./sdk/Peripheral/ch32v30x_tim.o
                0x00000000000082c6                TIM_TimeBaseInit
 .text.TIM_OC1Init
                0x0000000000008444      0x19c ./sdk/Peripheral/ch32v30x_tim.o
                0x0000000000008444                TIM_OC1Init
 .text.TIM_OC2Init
                0x00000000000085e0      0x1e2 ./sdk/Peripheral/ch32v30x_tim.o
                0x00000000000085e0                TIM_OC2Init
 .text.TIM_OC3Init
                0x00000000000087c2      0x1dc ./sdk/Peripheral/ch32v30x_tim.o
                0x00000000000087c2                TIM_OC3Init
 .text.TIM_OC4Init
                0x000000000000899e      0x176 ./sdk/Peripheral/ch32v30x_tim.o
                0x000000000000899e                TIM_OC4Init
 .text.TIM_Cmd  0x0000000000008b14       0x58 ./sdk/Peripheral/ch32v30x_tim.o
                0x0000000000008b14                TIM_Cmd
 .text.TIM_CtrlPWMOutputs
                0x0000000000008b6c       0x60 ./sdk/Peripheral/ch32v30x_tim.o
                0x0000000000008b6c                TIM_CtrlPWMOutputs
 .text.TIM_OC1PreloadConfig
                0x0000000000008bcc       0x4c ./sdk/Peripheral/ch32v30x_tim.o
                0x0000000000008bcc                TIM_OC1PreloadConfig
 .text.TIM_OC2PreloadConfig
                0x0000000000008c18       0x5a ./sdk/Peripheral/ch32v30x_tim.o
                0x0000000000008c18                TIM_OC2PreloadConfig
 .text.TIM_OC3PreloadConfig
                0x0000000000008c72       0x4c ./sdk/Peripheral/ch32v30x_tim.o
                0x0000000000008c72                TIM_OC3PreloadConfig
 .text.TIM_OC4PreloadConfig
                0x0000000000008cbe       0x5a ./sdk/Peripheral/ch32v30x_tim.o
                0x0000000000008cbe                TIM_OC4PreloadConfig
 .text.TIM_OC1FastConfig
                0x0000000000008d18       0x4c ./sdk/Peripheral/ch32v30x_tim.o
                0x0000000000008d18                TIM_OC1FastConfig
 .text.TIM_OC2FastConfig
                0x0000000000008d64       0x56 ./sdk/Peripheral/ch32v30x_tim.o
                0x0000000000008d64                TIM_OC2FastConfig
 .text.TIM_OC3FastConfig
                0x0000000000008dba       0x4c ./sdk/Peripheral/ch32v30x_tim.o
                0x0000000000008dba                TIM_OC3FastConfig
 .text.TIM_OC4FastConfig
                0x0000000000008e06       0x56 ./sdk/Peripheral/ch32v30x_tim.o
                0x0000000000008e06                TIM_OC4FastConfig
 .text.TIM_GetITStatus
                0x0000000000008e5c       0x70 ./sdk/Peripheral/ch32v30x_tim.o
                0x0000000000008e5c                TIM_GetITStatus
 .text.TIM_ClearITPendingBit
                0x0000000000008ecc       0x2e ./sdk/Peripheral/ch32v30x_tim.o
                0x0000000000008ecc                TIM_ClearITPendingBit
 .text.USART_Init
                0x0000000000008efa      0x234 ./sdk/Peripheral/ch32v30x_usart.o
                0x0000000000008efa                USART_Init
 .text.USART_Cmd
                0x000000000000912e       0x60 ./sdk/Peripheral/ch32v30x_usart.o
                0x000000000000912e                USART_Cmd
 .text.USART_ITConfig
                0x000000000000918e       0xc4 ./sdk/Peripheral/ch32v30x_usart.o
                0x000000000000918e                USART_ITConfig
 .text.USART_SendData
                0x0000000000009252       0x2e ./sdk/Peripheral/ch32v30x_usart.o
                0x0000000000009252                USART_SendData
 .text.USART_GetFlagStatus
                0x0000000000009280       0x46 ./sdk/Peripheral/ch32v30x_usart.o
                0x0000000000009280                USART_GetFlagStatus
 .text.USART_GetITStatus
                0x00000000000092c6      0x102 ./sdk/Peripheral/ch32v30x_usart.o
                0x00000000000092c6                USART_GetITStatus
 .text.USART_ClearITPendingBit
                0x00000000000093c8       0x4e ./sdk/Peripheral/ch32v30x_usart.o
                0x00000000000093c8                USART_ClearITPendingBit
 .text.DevEP1_IN_Deal
                0x0000000000009416       0x3e ./sdk/Peripheral/ch32v30x_usbotg_device.o
                0x0000000000009416                DevEP1_IN_Deal
 .text.DevEP2_IN_Deal
                0x0000000000009454       0x3e ./sdk/Peripheral/ch32v30x_usbotg_device.o
                0x0000000000009454                DevEP2_IN_Deal
 .text.DevEP1_OUT_Deal
                0x0000000000009492       0x66 ./sdk/Peripheral/ch32v30x_usbotg_device.o
                0x0000000000009492                DevEP1_OUT_Deal
 .text.DevEP2_OUT_Deal
                0x00000000000094f8       0x66 ./sdk/Peripheral/ch32v30x_usbotg_device.o
                0x00000000000094f8                DevEP2_OUT_Deal
 .text.OTG_FS_IRQHandler
                0x000000000000955e      0xd16 ./sdk/Peripheral/ch32v30x_usbotg_device.o
                0x000000000000955e                OTG_FS_IRQHandler
 .text.check_circle
                0x000000000000a274       0x4a ./code/circle.o
                0x000000000000a274                check_circle
 .text.run_circle
                0x000000000000a2be      0x258 ./code/circle.o
                0x000000000000a2be                run_circle
 .text.check_cross
                0x000000000000a516       0x40 ./code/cross.o
                0x000000000000a516                check_cross
 .text.run_cross
                0x000000000000a556      0x130 ./code/cross.o
                0x000000000000a556                run_cross
 .text.cross_farline
                0x000000000000a686      0x682 ./code/cross.o
                0x000000000000a686                cross_farline
 .text.clear_IMG
                0x000000000000ad08       0x86 ./code/image_process.o
                0x000000000000ad08                clear_IMG
 .text.limit    0x000000000000ad8e       0x5c ./code/image_process.o
                0x000000000000ad8e                limit
 .text.MIN      0x000000000000adea       0x38 ./code/image_process.o
                0x000000000000adea                MIN
 .text.find_leftline
                0x000000000000ae22      0x4ac ./code/image_process.o
                0x000000000000ae22                find_leftline
 .text.find_farleftline
                0x000000000000b2ce      0x330 ./code/image_process.o
                0x000000000000b2ce                find_farleftline
 .text.find_rightline
                0x000000000000b5fe      0x4b0 ./code/image_process.o
                0x000000000000b5fe                find_rightline
 .text.find_farrightline
                0x000000000000baae      0x330 ./code/image_process.o
                0x000000000000baae                find_farrightline
 .text.image_Perspective_Correction
                0x000000000000bdde       0xbe ./code/image_process.o
                0x000000000000bdde                image_Perspective_Correction
 .text.far_blur_points
                0x000000000000be9c      0x45c ./code/image_process.o
                0x000000000000be9c                far_blur_points
 .text.resample_points
                0x000000000000c2f8      0x550 ./code/image_process.o
                0x000000000000c2f8                resample_points
 .text.far_resample_points
                0x000000000000c848      0x54c ./code/image_process.o
                0x000000000000c848                far_resample_points
 .text.local_angle_points
                0x000000000000cd94      0x59c ./code/image_process.o
                0x000000000000cd94                local_angle_points
 .text.far_local_angle_points
                0x000000000000d330      0x59c ./code/image_process.o
                0x000000000000d330                far_local_angle_points
 .text.nms_angle
                0x000000000000d8cc      0x1ec ./code/image_process.o
                0x000000000000d8cc                nms_angle
 .text.far_nms_angle
                0x000000000000dab8      0x1ec ./code/image_process.o
                0x000000000000dab8                far_nms_angle
 .text.track_leftline
                0x000000000000dca4      0x26c ./code/image_process.o
                0x000000000000dca4                track_leftline
 .text.track_rightline
                0x000000000000df10      0x26a ./code/image_process.o
                0x000000000000df10                track_rightline
 .text.find_corners
                0x000000000000e17a      0x436 ./code/image_process.o
                0x000000000000e17a                find_corners
 .text.Position_PID
                0x000000000000e5b0       0xb4 ./code/pid.o
                0x000000000000e5b0                Position_PID
 .text.sqrt     0x000000000000e664       0xb6 d:/mounriver/mounriver_studio/toolchain/risc-v embedded gcc/bin/../lib/gcc/riscv-none-embed/8.2.0/../../../../riscv-none-embed/lib/rv32imafc/ilp32f\libm.a(lib_a-w_sqrt.o)
                0x000000000000e664                sqrt
 .text.atan2f   0x000000000000e71a        0x2 d:/mounriver/mounriver_studio/toolchain/risc-v embedded gcc/bin/../lib/gcc/riscv-none-embed/8.2.0/../../../../riscv-none-embed/lib/rv32imafc/ilp32f\libm.a(lib_a-wf_atan2.o)
                0x000000000000e71a                atan2f
 .text.sqrtf    0x000000000000e71c       0xa4 d:/mounriver/mounriver_studio/toolchain/risc-v embedded gcc/bin/../lib/gcc/riscv-none-embed/8.2.0/../../../../riscv-none-embed/lib/rv32imafc/ilp32f\libm.a(lib_a-wf_sqrt.o)
                0x000000000000e71c                sqrtf
 .text.__ieee754_sqrt
                0x000000000000e7c0      0x1d6 d:/mounriver/mounriver_studio/toolchain/risc-v embedded gcc/bin/../lib/gcc/riscv-none-embed/8.2.0/../../../../riscv-none-embed/lib/rv32imafc/ilp32f\libm.a(lib_a-e_sqrt.o)
                0x000000000000e7c0                __ieee754_sqrt
 .text.__ieee754_atan2f
                0x000000000000e996      0x1be d:/mounriver/mounriver_studio/toolchain/risc-v embedded gcc/bin/../lib/gcc/riscv-none-embed/8.2.0/../../../../riscv-none-embed/lib/rv32imafc/ilp32f\libm.a(lib_a-ef_atan2.o)
                0x000000000000e996                __ieee754_atan2f
 .text.__ieee754_sqrtf
                0x000000000000eb54       0xcc d:/mounriver/mounriver_studio/toolchain/risc-v embedded gcc/bin/../lib/gcc/riscv-none-embed/8.2.0/../../../../riscv-none-embed/lib/rv32imafc/ilp32f\libm.a(lib_a-ef_sqrt.o)
                0x000000000000eb54                __ieee754_sqrtf
 .text.matherr  0x000000000000ec20        0x4 d:/mounriver/mounriver_studio/toolchain/risc-v embedded gcc/bin/../lib/gcc/riscv-none-embed/8.2.0/../../../../riscv-none-embed/lib/rv32imafc/ilp32f\libm.a(lib_a-s_matherr.o)
                0x000000000000ec20                matherr
 .text.atanf    0x000000000000ec24      0x204 d:/mounriver/mounriver_studio/toolchain/risc-v embedded gcc/bin/../lib/gcc/riscv-none-embed/8.2.0/../../../../riscv-none-embed/lib/rv32imafc/ilp32f\libm.a(lib_a-sf_atan.o)
                0x000000000000ec24                atanf
 .text.fabsf    0x000000000000ee28        0xe d:/mounriver/mounriver_studio/toolchain/risc-v embedded gcc/bin/../lib/gcc/riscv-none-embed/8.2.0/../../../../riscv-none-embed/lib/rv32imafc/ilp32f\libm.a(lib_a-sf_fabs.o)
                0x000000000000ee28                fabsf
 .text.mt9v03x_write_and_check_word_sccb
                0x000000000000ee36       0x92 C:\Users\admin\Desktop\E01_gpio_demo\libraries\zf_device\libzf_device_config.a(zf_device_config.o)
 .text.mt9v03x_write_word_sccb
                0x000000000000eec8       0x34 C:\Users\admin\Desktop\E01_gpio_demo\libraries\zf_device\libzf_device_config.a(zf_device_config.o)
 .text.mt9v03x_read_word_sccb.constprop.0
                0x000000000000eefc       0x36 C:\Users\admin\Desktop\E01_gpio_demo\libraries\zf_device\libzf_device_config.a(zf_device_config.o)
 .text.mt9v03x_sccb_check_id
                0x000000000000ef32       0x5e C:\Users\admin\Desktop\E01_gpio_demo\libraries\zf_device\libzf_device_config.a(zf_device_config.o)
                0x000000000000ef32                mt9v03x_sccb_check_id
 .text.mt9v03x_sccb_set_config
                0x000000000000ef90      0x5a2 C:\Users\admin\Desktop\E01_gpio_demo\libraries\zf_device\libzf_device_config.a(zf_device_config.o)
                0x000000000000ef90                mt9v03x_sccb_set_config
 .text.__adddf3
                0x000000000000f532      0xa0e d:/mounriver/mounriver_studio/toolchain/risc-v embedded gcc/bin/../lib/gcc/riscv-none-embed/8.2.0/rv32imafc/ilp32f\libgcc.a(adddf3.o)
                0x000000000000f532                __adddf3
 .text.__divdf3
                0x000000000000ff40      0x7ea d:/mounriver/mounriver_studio/toolchain/risc-v embedded gcc/bin/../lib/gcc/riscv-none-embed/8.2.0/rv32imafc/ilp32f\libgcc.a(divdf3.o)
                0x000000000000ff40                __divdf3
 .text.__eqdf2  0x000000000001072a       0x98 d:/mounriver/mounriver_studio/toolchain/risc-v embedded gcc/bin/../lib/gcc/riscv-none-embed/8.2.0/rv32imafc/ilp32f\libgcc.a(eqdf2.o)
                0x000000000001072a                __nedf2
                0x000000000001072a                __eqdf2
 .text.__gedf2  0x00000000000107c2       0xb6 d:/mounriver/mounriver_studio/toolchain/risc-v embedded gcc/bin/../lib/gcc/riscv-none-embed/8.2.0/rv32imafc/ilp32f\libgcc.a(gedf2.o)
                0x00000000000107c2                __gedf2
                0x00000000000107c2                __gtdf2
 .text.__ledf2  0x0000000000010878       0xb6 d:/mounriver/mounriver_studio/toolchain/risc-v embedded gcc/bin/../lib/gcc/riscv-none-embed/8.2.0/rv32imafc/ilp32f\libgcc.a(ledf2.o)
                0x0000000000010878                __ledf2
                0x0000000000010878                __ltdf2
 .text.__muldf3
                0x000000000001092e      0x656 d:/mounriver/mounriver_studio/toolchain/risc-v embedded gcc/bin/../lib/gcc/riscv-none-embed/8.2.0/rv32imafc/ilp32f\libgcc.a(muldf3.o)
                0x000000000001092e                __muldf3
 .text.__subdf3
                0x0000000000010f84      0xa8c d:/mounriver/mounriver_studio/toolchain/risc-v embedded gcc/bin/../lib/gcc/riscv-none-embed/8.2.0/rv32imafc/ilp32f\libgcc.a(subdf3.o)
                0x0000000000010f84                __subdf3
 .text.__unorddf2
                0x0000000000011a10       0x7c d:/mounriver/mounriver_studio/toolchain/risc-v embedded gcc/bin/../lib/gcc/riscv-none-embed/8.2.0/rv32imafc/ilp32f\libgcc.a(unorddf2.o)
                0x0000000000011a10                __unorddf2
 .text.__fixdfsi
                0x0000000000011a8c       0xd8 d:/mounriver/mounriver_studio/toolchain/risc-v embedded gcc/bin/../lib/gcc/riscv-none-embed/8.2.0/rv32imafc/ilp32f\libgcc.a(fixdfsi.o)
                0x0000000000011a8c                __fixdfsi
 .text.__fixunsdfsi
                0x0000000000011b64       0x9e d:/mounriver/mounriver_studio/toolchain/risc-v embedded gcc/bin/../lib/gcc/riscv-none-embed/8.2.0/rv32imafc/ilp32f\libgcc.a(fixunsdfsi.o)
                0x0000000000011b64                __fixunsdfsi
 .text.__floatsidf
                0x0000000000011c02       0x70 d:/mounriver/mounriver_studio/toolchain/risc-v embedded gcc/bin/../lib/gcc/riscv-none-embed/8.2.0/rv32imafc/ilp32f\libgcc.a(floatsidf.o)
                0x0000000000011c02                __floatsidf
 .text.__floatunsidf
                0x0000000000011c72       0x66 d:/mounriver/mounriver_studio/toolchain/risc-v embedded gcc/bin/../lib/gcc/riscv-none-embed/8.2.0/rv32imafc/ilp32f\libgcc.a(floatunsidf.o)
                0x0000000000011c72                __floatunsidf
 .text.__extendsfdf2
                0x0000000000011cd8       0xe8 d:/mounriver/mounriver_studio/toolchain/risc-v embedded gcc/bin/../lib/gcc/riscv-none-embed/8.2.0/rv32imafc/ilp32f\libgcc.a(extendsfdf2.o)
                0x0000000000011cd8                __extendsfdf2
 .text.__truncdfsf2
                0x0000000000011dc0      0x31e d:/mounriver/mounriver_studio/toolchain/risc-v embedded gcc/bin/../lib/gcc/riscv-none-embed/8.2.0/rv32imafc/ilp32f\libgcc.a(truncdfsf2.o)
                0x0000000000011dc0                __truncdfsf2
 .text.__clzsi2
                0x00000000000120de       0x76 d:/mounriver/mounriver_studio/toolchain/risc-v embedded gcc/bin/../lib/gcc/riscv-none-embed/8.2.0/rv32imafc/ilp32f\libgcc.a(_clzsi2.o)
                0x00000000000120de                __clzsi2
 .text.__errno  0x0000000000012154        0x8 d:/mounriver/mounriver_studio/toolchain/risc-v embedded gcc/bin/../lib/gcc/riscv-none-embed/8.2.0/../../../../riscv-none-embed/lib/rv32imafc/ilp32f\libg_nano.a(lib_a-errno.o)
                0x0000000000012154                __errno
 .text.malloc   0x000000000001215c        0xa d:/mounriver/mounriver_studio/toolchain/risc-v embedded gcc/bin/../lib/gcc/riscv-none-embed/8.2.0/../../../../riscv-none-embed/lib/rv32imafc/ilp32f\libg_nano.a(lib_a-malloc.o)
                0x000000000001215c                malloc
 .text.free     0x0000000000012166        0xa d:/mounriver/mounriver_studio/toolchain/risc-v embedded gcc/bin/../lib/gcc/riscv-none-embed/8.2.0/../../../../riscv-none-embed/lib/rv32imafc/ilp32f\libg_nano.a(lib_a-malloc.o)
                0x0000000000012166                free
 .text.memcpy   0x0000000000012170       0xb6 d:/mounriver/mounriver_studio/toolchain/risc-v embedded gcc/bin/../lib/gcc/riscv-none-embed/8.2.0/../../../../riscv-none-embed/lib/rv32imafc/ilp32f\libg_nano.a(lib_a-memcpy.o)
                0x0000000000012170                memcpy
 .text._free_r  0x0000000000012226       0xa8 d:/mounriver/mounriver_studio/toolchain/risc-v embedded gcc/bin/../lib/gcc/riscv-none-embed/8.2.0/../../../../riscv-none-embed/lib/rv32imafc/ilp32f\libg_nano.a(lib_a-nano-freer.o)
                0x0000000000012226                _free_r
 .text._malloc_r
                0x00000000000122ce       0xda d:/mounriver/mounriver_studio/toolchain/risc-v embedded gcc/bin/../lib/gcc/riscv-none-embed/8.2.0/../../../../riscv-none-embed/lib/rv32imafc/ilp32f\libg_nano.a(lib_a-nano-mallocr.o)
                0x00000000000122ce                _malloc_r
 .text.__cvt    0x00000000000123a8       0xee d:/mounriver/mounriver_studio/toolchain/risc-v embedded gcc/bin/../lib/gcc/riscv-none-embed/8.2.0/../../../../riscv-none-embed/lib/rv32imafc/ilp32f\libg_nano.a(lib_a-nano-vfprintf_float.o)
                0x00000000000123a8                __cvt
 .text.__exponent
                0x0000000000012496       0x8c d:/mounriver/mounriver_studio/toolchain/risc-v embedded gcc/bin/../lib/gcc/riscv-none-embed/8.2.0/../../../../riscv-none-embed/lib/rv32imafc/ilp32f\libg_nano.a(lib_a-nano-vfprintf_float.o)
                0x0000000000012496                __exponent
 .text._printf_float
                0x0000000000012522      0x4c4 d:/mounriver/mounriver_studio/toolchain/risc-v embedded gcc/bin/../lib/gcc/riscv-none-embed/8.2.0/../../../../riscv-none-embed/lib/rv32imafc/ilp32f\libg_nano.a(lib_a-nano-vfprintf_float.o)
                0x0000000000012522                _printf_float
 .text._printf_common
                0x00000000000129e6      0x10c d:/mounriver/mounriver_studio/toolchain/risc-v embedded gcc/bin/../lib/gcc/riscv-none-embed/8.2.0/../../../../riscv-none-embed/lib/rv32imafc/ilp32f\libg_nano.a(lib_a-nano-vfprintf_i.o)
                0x00000000000129e6                _printf_common
 .text._printf_i
                0x0000000000012af2      0x2ac d:/mounriver/mounriver_studio/toolchain/risc-v embedded gcc/bin/../lib/gcc/riscv-none-embed/8.2.0/../../../../riscv-none-embed/lib/rv32imafc/ilp32f\libg_nano.a(lib_a-nano-vfprintf_i.o)
                0x0000000000012af2                _printf_i
 .text.printf   0x0000000000012d9e       0x42 d:/mounriver/mounriver_studio/toolchain/risc-v embedded gcc/bin/../lib/gcc/riscv-none-embed/8.2.0/../../../../riscv-none-embed/lib/rv32imafc/ilp32f\libg_nano.a(lib_a-printf.o)
                0x0000000000012d9e                iprintf
                0x0000000000012d9e                printf
 .text._sbrk_r  0x0000000000012de0       0x32 d:/mounriver/mounriver_studio/toolchain/risc-v embedded gcc/bin/../lib/gcc/riscv-none-embed/8.2.0/../../../../riscv-none-embed/lib/rv32imafc/ilp32f\libg_nano.a(lib_a-sbrkr.o)
                0x0000000000012de0                _sbrk_r
 .text.sprintf  0x0000000000012e12       0x46 d:/mounriver/mounriver_studio/toolchain/risc-v embedded gcc/bin/../lib/gcc/riscv-none-embed/8.2.0/../../../../riscv-none-embed/lib/rv32imafc/ilp32f\libg_nano.a(lib_a-sprintf.o)
                0x0000000000012e12                siprintf
                0x0000000000012e12                sprintf
 .text.strlen   0x0000000000012e58       0x12 d:/mounriver/mounriver_studio/toolchain/risc-v embedded gcc/bin/../lib/gcc/riscv-none-embed/8.2.0/../../../../riscv-none-embed/lib/rv32imafc/ilp32f\libg_nano.a(lib_a-strlen.o)
                0x0000000000012e58                strlen
 .text.strncmp  0x0000000000012e6a       0x2c d:/mounriver/mounriver_studio/toolchain/risc-v embedded gcc/bin/../lib/gcc/riscv-none-embed/8.2.0/../../../../riscv-none-embed/lib/rv32imafc/ilp32f\libg_nano.a(lib_a-strncmp.o)
                0x0000000000012e6a                strncmp
 .text.quorem   0x0000000000012e96      0x13a d:/mounriver/mounriver_studio/toolchain/risc-v embedded gcc/bin/../lib/gcc/riscv-none-embed/8.2.0/../../../../riscv-none-embed/lib/rv32imafc/ilp32f\libg_nano.a(lib_a-dtoa.o)
 .text._dtoa_r  0x0000000000012fd0      0xbea d:/mounriver/mounriver_studio/toolchain/risc-v embedded gcc/bin/../lib/gcc/riscv-none-embed/8.2.0/../../../../riscv-none-embed/lib/rv32imafc/ilp32f\libg_nano.a(lib_a-dtoa.o)
                0x0000000000012fd0                _dtoa_r
 .text.std      0x0000000000013bba       0x6a d:/mounriver/mounriver_studio/toolchain/risc-v embedded gcc/bin/../lib/gcc/riscv-none-embed/8.2.0/../../../../riscv-none-embed/lib/rv32imafc/ilp32f\libg_nano.a(lib_a-findfp.o)
 .text._cleanup_r
                0x0000000000013c24        0xa d:/mounriver/mounriver_studio/toolchain/risc-v embedded gcc/bin/../lib/gcc/riscv-none-embed/8.2.0/../../../../riscv-none-embed/lib/rv32imafc/ilp32f\libg_nano.a(lib_a-findfp.o)
                0x0000000000013c24                _cleanup_r
 .text.__sfmoreglue
                0x0000000000013c2e       0x48 d:/mounriver/mounriver_studio/toolchain/risc-v embedded gcc/bin/../lib/gcc/riscv-none-embed/8.2.0/../../../../riscv-none-embed/lib/rv32imafc/ilp32f\libg_nano.a(lib_a-findfp.o)
                0x0000000000013c2e                __sfmoreglue
 .text.__sinit  0x0000000000013c76       0x6c d:/mounriver/mounriver_studio/toolchain/risc-v embedded gcc/bin/../lib/gcc/riscv-none-embed/8.2.0/../../../../riscv-none-embed/lib/rv32imafc/ilp32f\libg_nano.a(lib_a-findfp.o)
                0x0000000000013c76                __sinit
 .text.__sfp    0x0000000000013ce2       0xa0 d:/mounriver/mounriver_studio/toolchain/risc-v embedded gcc/bin/../lib/gcc/riscv-none-embed/8.2.0/../../../../riscv-none-embed/lib/rv32imafc/ilp32f\libg_nano.a(lib_a-findfp.o)
                0x0000000000013ce2                __sfp
 .text._fwalk_reent
                0x0000000000013d82       0x6c d:/mounriver/mounriver_studio/toolchain/risc-v embedded gcc/bin/../lib/gcc/riscv-none-embed/8.2.0/../../../../riscv-none-embed/lib/rv32imafc/ilp32f\libg_nano.a(lib_a-fwalk.o)
                0x0000000000013d82                _fwalk_reent
 .text._localeconv_r
                0x0000000000013dee       0x18 d:/mounriver/mounriver_studio/toolchain/risc-v embedded gcc/bin/../lib/gcc/riscv-none-embed/8.2.0/../../../../riscv-none-embed/lib/rv32imafc/ilp32f\libg_nano.a(lib_a-localeconv.o)
                0x0000000000013dee                _localeconv_r
 .text.memchr   0x0000000000013e06       0x1a d:/mounriver/mounriver_studio/toolchain/risc-v embedded gcc/bin/../lib/gcc/riscv-none-embed/8.2.0/../../../../riscv-none-embed/lib/rv32imafc/ilp32f\libg_nano.a(lib_a-memchr.o)
                0x0000000000013e06                memchr
 .text.__malloc_lock
                0x0000000000013e20        0x2 d:/mounriver/mounriver_studio/toolchain/risc-v embedded gcc/bin/../lib/gcc/riscv-none-embed/8.2.0/../../../../riscv-none-embed/lib/rv32imafc/ilp32f\libg_nano.a(lib_a-mlock.o)
                0x0000000000013e20                __malloc_lock
 .text.__malloc_unlock
                0x0000000000013e22        0x2 d:/mounriver/mounriver_studio/toolchain/risc-v embedded gcc/bin/../lib/gcc/riscv-none-embed/8.2.0/../../../../riscv-none-embed/lib/rv32imafc/ilp32f\libg_nano.a(lib_a-mlock.o)
                0x0000000000013e22                __malloc_unlock
 .text._Balloc  0x0000000000013e24       0x88 d:/mounriver/mounriver_studio/toolchain/risc-v embedded gcc/bin/../lib/gcc/riscv-none-embed/8.2.0/../../../../riscv-none-embed/lib/rv32imafc/ilp32f\libg_nano.a(lib_a-mprec.o)
                0x0000000000013e24                _Balloc
 .text._Bfree   0x0000000000013eac       0x44 d:/mounriver/mounriver_studio/toolchain/risc-v embedded gcc/bin/../lib/gcc/riscv-none-embed/8.2.0/../../../../riscv-none-embed/lib/rv32imafc/ilp32f\libg_nano.a(lib_a-mprec.o)
                0x0000000000013eac                _Bfree
 .text.__multadd
                0x0000000000013ef0       0x98 d:/mounriver/mounriver_studio/toolchain/risc-v embedded gcc/bin/../lib/gcc/riscv-none-embed/8.2.0/../../../../riscv-none-embed/lib/rv32imafc/ilp32f\libg_nano.a(lib_a-mprec.o)
                0x0000000000013ef0                __multadd
 .text.__hi0bits
                0x0000000000013f88       0x46 d:/mounriver/mounriver_studio/toolchain/risc-v embedded gcc/bin/../lib/gcc/riscv-none-embed/8.2.0/../../../../riscv-none-embed/lib/rv32imafc/ilp32f\libg_nano.a(lib_a-mprec.o)
                0x0000000000013f88                __hi0bits
 .text.__lo0bits
                0x0000000000013fce       0x6a d:/mounriver/mounriver_studio/toolchain/risc-v embedded gcc/bin/../lib/gcc/riscv-none-embed/8.2.0/../../../../riscv-none-embed/lib/rv32imafc/ilp32f\libg_nano.a(lib_a-mprec.o)
                0x0000000000013fce                __lo0bits
 .text.__i2b    0x0000000000014038       0x1c d:/mounriver/mounriver_studio/toolchain/risc-v embedded gcc/bin/../lib/gcc/riscv-none-embed/8.2.0/../../../../riscv-none-embed/lib/rv32imafc/ilp32f\libg_nano.a(lib_a-mprec.o)
                0x0000000000014038                __i2b
 .text.__multiply
                0x0000000000014054      0x144 d:/mounriver/mounriver_studio/toolchain/risc-v embedded gcc/bin/../lib/gcc/riscv-none-embed/8.2.0/../../../../riscv-none-embed/lib/rv32imafc/ilp32f\libg_nano.a(lib_a-mprec.o)
                0x0000000000014054                __multiply
 .text.__pow5mult
                0x0000000000014198       0xbe d:/mounriver/mounriver_studio/toolchain/risc-v embedded gcc/bin/../lib/gcc/riscv-none-embed/8.2.0/../../../../riscv-none-embed/lib/rv32imafc/ilp32f\libg_nano.a(lib_a-mprec.o)
                0x0000000000014198                __pow5mult
 .text.__lshift
                0x0000000000014256       0xce d:/mounriver/mounriver_studio/toolchain/risc-v embedded gcc/bin/../lib/gcc/riscv-none-embed/8.2.0/../../../../riscv-none-embed/lib/rv32imafc/ilp32f\libg_nano.a(lib_a-mprec.o)
                0x0000000000014256                __lshift
 .text.__mcmp   0x0000000000014324       0x32 d:/mounriver/mounriver_studio/toolchain/risc-v embedded gcc/bin/../lib/gcc/riscv-none-embed/8.2.0/../../../../riscv-none-embed/lib/rv32imafc/ilp32f\libg_nano.a(lib_a-mprec.o)
                0x0000000000014324                __mcmp
 .text.__mdiff  0x0000000000014356       0xf2 d:/mounriver/mounriver_studio/toolchain/risc-v embedded gcc/bin/../lib/gcc/riscv-none-embed/8.2.0/../../../../riscv-none-embed/lib/rv32imafc/ilp32f\libg_nano.a(lib_a-mprec.o)
                0x0000000000014356                __mdiff
 .text.__d2b    0x0000000000014448       0xd4 d:/mounriver/mounriver_studio/toolchain/risc-v embedded gcc/bin/../lib/gcc/riscv-none-embed/8.2.0/../../../../riscv-none-embed/lib/rv32imafc/ilp32f\libg_nano.a(lib_a-mprec.o)
                0x0000000000014448                __d2b
 .text._calloc_r
                0x000000000001451c       0x28 d:/mounriver/mounriver_studio/toolchain/risc-v embedded gcc/bin/../lib/gcc/riscv-none-embed/8.2.0/../../../../riscv-none-embed/lib/rv32imafc/ilp32f\libg_nano.a(lib_a-nano-callocr.o)
                0x000000000001451c                _calloc_r
 .text.__ssputs_r
                0x0000000000014544       0xee d:/mounriver/mounriver_studio/toolchain/risc-v embedded gcc/bin/../lib/gcc/riscv-none-embed/8.2.0/../../../../riscv-none-embed/lib/rv32imafc/ilp32f\libg_nano.a(lib_a-nano-svfprintf.o)
                0x0000000000014544                __ssputs_r
 .text._svfprintf_r
                0x0000000000014632      0x27e d:/mounriver/mounriver_studio/toolchain/risc-v embedded gcc/bin/../lib/gcc/riscv-none-embed/8.2.0/../../../../riscv-none-embed/lib/rv32imafc/ilp32f\libg_nano.a(lib_a-nano-svfprintf.o)
                0x0000000000014632                _svfiprintf_r
                0x0000000000014632                _svfprintf_r
 .text.__sfputc_r
                0x00000000000148b0       0x28 d:/mounriver/mounriver_studio/toolchain/risc-v embedded gcc/bin/../lib/gcc/riscv-none-embed/8.2.0/../../../../riscv-none-embed/lib/rv32imafc/ilp32f\libg_nano.a(lib_a-nano-vfprintf.o)
 .text.__sfputs_r
                0x00000000000148d8       0x44 d:/mounriver/mounriver_studio/toolchain/risc-v embedded gcc/bin/../lib/gcc/riscv-none-embed/8.2.0/../../../../riscv-none-embed/lib/rv32imafc/ilp32f\libg_nano.a(lib_a-nano-vfprintf.o)
                0x00000000000148d8                __sfputs_r
 .text._vfprintf_r
                0x000000000001491c      0x29e d:/mounriver/mounriver_studio/toolchain/risc-v embedded gcc/bin/../lib/gcc/riscv-none-embed/8.2.0/../../../../riscv-none-embed/lib/rv32imafc/ilp32f\libg_nano.a(lib_a-nano-vfprintf.o)
                0x000000000001491c                _vfprintf_r
                0x000000000001491c                _vfiprintf_r
 .text.__sread  0x0000000000014bba       0x30 d:/mounriver/mounriver_studio/toolchain/risc-v embedded gcc/bin/../lib/gcc/riscv-none-embed/8.2.0/../../../../riscv-none-embed/lib/rv32imafc/ilp32f\libg_nano.a(lib_a-stdio.o)
                0x0000000000014bba                __sread
 .text.__swrite
                0x0000000000014bea       0x4e d:/mounriver/mounriver_studio/toolchain/risc-v embedded gcc/bin/../lib/gcc/riscv-none-embed/8.2.0/../../../../riscv-none-embed/lib/rv32imafc/ilp32f\libg_nano.a(lib_a-stdio.o)
                0x0000000000014bea                __swrite
 .text.__sseek  0x0000000000014c38       0x36 d:/mounriver/mounriver_studio/toolchain/risc-v embedded gcc/bin/../lib/gcc/riscv-none-embed/8.2.0/../../../../riscv-none-embed/lib/rv32imafc/ilp32f\libg_nano.a(lib_a-stdio.o)
                0x0000000000014c38                __sseek
 .text.__sclose
                0x0000000000014c6e        0x6 d:/mounriver/mounriver_studio/toolchain/risc-v embedded gcc/bin/../lib/gcc/riscv-none-embed/8.2.0/../../../../riscv-none-embed/lib/rv32imafc/ilp32f\libg_nano.a(lib_a-stdio.o)
                0x0000000000014c6e                __sclose
 .text.__swbuf_r
                0x0000000000014c74       0xc2 d:/mounriver/mounriver_studio/toolchain/risc-v embedded gcc/bin/../lib/gcc/riscv-none-embed/8.2.0/../../../../riscv-none-embed/lib/rv32imafc/ilp32f\libg_nano.a(lib_a-wbuf.o)
                0x0000000000014c74                __swbuf_r
 .text._write_r
                0x0000000000014d36       0x36 d:/mounriver/mounriver_studio/toolchain/risc-v embedded gcc/bin/../lib/gcc/riscv-none-embed/8.2.0/../../../../riscv-none-embed/lib/rv32imafc/ilp32f\libg_nano.a(lib_a-writer.o)
                0x0000000000014d36                _write_r
 .text.__swsetup_r
                0x0000000000014d6c      0x110 d:/mounriver/mounriver_studio/toolchain/risc-v embedded gcc/bin/../lib/gcc/riscv-none-embed/8.2.0/../../../../riscv-none-embed/lib/rv32imafc/ilp32f\libg_nano.a(lib_a-wsetup.o)
                0x0000000000014d6c                __swsetup_r
 .text._close_r
                0x0000000000014e7c       0x32 d:/mounriver/mounriver_studio/toolchain/risc-v embedded gcc/bin/../lib/gcc/riscv-none-embed/8.2.0/../../../../riscv-none-embed/lib/rv32imafc/ilp32f\libg_nano.a(lib_a-closer.o)
                0x0000000000014e7c                _close_r
 .text.__sflush_r
                0x0000000000014eae      0x13e d:/mounriver/mounriver_studio/toolchain/risc-v embedded gcc/bin/../lib/gcc/riscv-none-embed/8.2.0/../../../../riscv-none-embed/lib/rv32imafc/ilp32f\libg_nano.a(lib_a-fflush.o)
                0x0000000000014eae                __sflush_r
 .text._fflush_r
                0x0000000000014fec       0x68 d:/mounriver/mounriver_studio/toolchain/risc-v embedded gcc/bin/../lib/gcc/riscv-none-embed/8.2.0/../../../../riscv-none-embed/lib/rv32imafc/ilp32f\libg_nano.a(lib_a-fflush.o)
                0x0000000000014fec                _fflush_r
 .text._lseek_r
                0x0000000000015054       0x34 d:/mounriver/mounriver_studio/toolchain/risc-v embedded gcc/bin/../lib/gcc/riscv-none-embed/8.2.0/../../../../riscv-none-embed/lib/rv32imafc/ilp32f\libg_nano.a(lib_a-lseekr.o)
                0x0000000000015054                _lseek_r
 .text.__swhatbuf_r
                0x0000000000015088       0x58 d:/mounriver/mounriver_studio/toolchain/risc-v embedded gcc/bin/../lib/gcc/riscv-none-embed/8.2.0/../../../../riscv-none-embed/lib/rv32imafc/ilp32f\libg_nano.a(lib_a-makebuf.o)
                0x0000000000015088                __swhatbuf_r
 .text.__smakebuf_r
                0x00000000000150e0       0xa0 d:/mounriver/mounriver_studio/toolchain/risc-v embedded gcc/bin/../lib/gcc/riscv-none-embed/8.2.0/../../../../riscv-none-embed/lib/rv32imafc/ilp32f\libg_nano.a(lib_a-makebuf.o)
                0x00000000000150e0                __smakebuf_r
 .text.__ascii_mbtowc
                0x0000000000015180       0x3a d:/mounriver/mounriver_studio/toolchain/risc-v embedded gcc/bin/../lib/gcc/riscv-none-embed/8.2.0/../../../../riscv-none-embed/lib/rv32imafc/ilp32f\libg_nano.a(lib_a-mbtowc_r.o)
                0x0000000000015180                __ascii_mbtowc
 .text.memmove  0x00000000000151ba       0x4a d:/mounriver/mounriver_studio/toolchain/risc-v embedded gcc/bin/../lib/gcc/riscv-none-embed/8.2.0/../../../../riscv-none-embed/lib/rv32imafc/ilp32f\libg_nano.a(lib_a-memmove.o)
                0x00000000000151ba                memmove
 .text._realloc_r
                0x0000000000015204       0x58 d:/mounriver/mounriver_studio/toolchain/risc-v embedded gcc/bin/../lib/gcc/riscv-none-embed/8.2.0/../../../../riscv-none-embed/lib/rv32imafc/ilp32f\libg_nano.a(lib_a-nano-reallocr.o)
                0x0000000000015204                _realloc_r
 .text._read_r  0x000000000001525c       0x34 d:/mounriver/mounriver_studio/toolchain/risc-v embedded gcc/bin/../lib/gcc/riscv-none-embed/8.2.0/../../../../riscv-none-embed/lib/rv32imafc/ilp32f\libg_nano.a(lib_a-readr.o)
                0x000000000001525c                _read_r
 .text.__ascii_wctomb
                0x0000000000015290       0x20 d:/mounriver/mounriver_studio/toolchain/risc-v embedded gcc/bin/../lib/gcc/riscv-none-embed/8.2.0/../../../../riscv-none-embed/lib/rv32imafc/ilp32f\libg_nano.a(lib_a-wctomb_r.o)
                0x0000000000015290                __ascii_wctomb
 .text._fstat_r
                0x00000000000152b0       0x32 d:/mounriver/mounriver_studio/toolchain/risc-v embedded gcc/bin/../lib/gcc/riscv-none-embed/8.2.0/../../../../riscv-none-embed/lib/rv32imafc/ilp32f\libg_nano.a(lib_a-fstatr.o)
                0x00000000000152b0                _fstat_r
 .text._isatty_r
                0x00000000000152e2       0x30 d:/mounriver/mounriver_studio/toolchain/risc-v embedded gcc/bin/../lib/gcc/riscv-none-embed/8.2.0/../../../../riscv-none-embed/lib/rv32imafc/ilp32f\libg_nano.a(lib_a-isattyr.o)
                0x00000000000152e2                _isatty_r
 .text._malloc_usable_size_r
                0x0000000000015312       0x14 d:/mounriver/mounriver_studio/toolchain/risc-v embedded gcc/bin/../lib/gcc/riscv-none-embed/8.2.0/../../../../riscv-none-embed/lib/rv32imafc/ilp32f\libg_nano.a(lib_a-nano-msizer.o)
                0x0000000000015312                _malloc_usable_size_r
 .text.__trunctfdf2
                0x0000000000015326      0x3d0 d:/mounriver/mounriver_studio/toolchain/risc-v embedded gcc/bin/../lib/gcc/riscv-none-embed/8.2.0/rv32imafc/ilp32f\libgcc.a(trunctfdf2.o)
                0x0000000000015326                __trunctfdf2
 .text._close   0x00000000000156f6       0x10 d:/mounriver/mounriver_studio/toolchain/risc-v embedded gcc/bin/../lib/gcc/riscv-none-embed/8.2.0/../../../../riscv-none-embed/lib/rv32imafc/ilp32f\libnosys.a(close.o)
                0x00000000000156f6                _close
 .text._fstat   0x0000000000015706       0x10 d:/mounriver/mounriver_studio/toolchain/risc-v embedded gcc/bin/../lib/gcc/riscv-none-embed/8.2.0/../../../../riscv-none-embed/lib/rv32imafc/ilp32f\libnosys.a(fstat.o)
                0x0000000000015706                _fstat
 .text._isatty  0x0000000000015716       0x10 d:/mounriver/mounriver_studio/toolchain/risc-v embedded gcc/bin/../lib/gcc/riscv-none-embed/8.2.0/../../../../riscv-none-embed/lib/rv32imafc/ilp32f\libnosys.a(isatty.o)
                0x0000000000015716                _isatty
 .text._lseek   0x0000000000015726       0x10 d:/mounriver/mounriver_studio/toolchain/risc-v embedded gcc/bin/../lib/gcc/riscv-none-embed/8.2.0/../../../../riscv-none-embed/lib/rv32imafc/ilp32f\libnosys.a(lseek.o)
                0x0000000000015726                _lseek
 .text._read    0x0000000000015736       0x10 d:/mounriver/mounriver_studio/toolchain/risc-v embedded gcc/bin/../lib/gcc/riscv-none-embed/8.2.0/../../../../riscv-none-embed/lib/rv32imafc/ilp32f\libnosys.a(read.o)
                0x0000000000015736                _read
 .text._sbrk    0x0000000000015746       0x24 d:/mounriver/mounriver_studio/toolchain/risc-v embedded gcc/bin/../lib/gcc/riscv-none-embed/8.2.0/../../../../riscv-none-embed/lib/rv32imafc/ilp32f\libnosys.a(sbrk.o)
                0x0000000000015746                _sbrk
 *(.rodata)
 *fill*         0x000000000001576a        0x2 
 .rodata        0x000000000001576c       0x49 ./zf_driver/zf_driver_pwm.o
 *fill*         0x00000000000157b5        0x3 
 .rodata        0x00000000000157b8       0x4e ./zf_driver/zf_driver_soft_iic.o
 *fill*         0x0000000000015806        0x2 
 .rodata        0x0000000000015808       0x49 ./zf_driver/zf_driver_spi.o
 *fill*         0x0000000000015851        0x3 
 .rodata        0x0000000000015854       0x4a ./zf_driver/zf_driver_uart.o
 *fill*         0x000000000001589e        0x2 
 .rodata        0x00000000000158a0        0x8 ./zf_device/zf_device_dm1xa.o
 .rodata        0x00000000000158a8       0xf0 ./zf_device/zf_device_gnss.o
 .rodata        0x0000000000015998       0x60 ./zf_device/zf_device_ips114.o
 .rodata        0x00000000000159f8      0x108 ./zf_device/zf_device_mt9v03x_dvp.o
 .rodata        0x0000000000015b00       0x78 ./zf_common/zf_common_debug.o
 .rodata        0x0000000000015b78       0x4a ./zf_common/zf_common_fifo.o
 *fill*         0x0000000000015bc2        0x2 
 .rodata        0x0000000000015bc4        0x4 ./user_c/main.o
 .rodata        0x0000000000015bc8       0x41 ./sdk/Peripheral/ch32v30x_usbotg_device.o
 *fill*         0x0000000000015c09        0x7 
 .rodata        0x0000000000015c10       0x18 ./code/cross.o
 .rodata        0x0000000000015c28       0x30 ./code/image_process.o
 .rodata        0x0000000000015c58        0x8 ./code/pid.o
 *(.rodata*)
 .rodata.pwm_init
                0x0000000000015c60       0x28 ./zf_driver/zf_driver_pwm.o
 .rodata.spi_index
                0x0000000000015c88        0xc ./zf_driver/zf_driver_spi.o
                0x0000000000015c88                spi_index
 .rodata.timer_get
                0x0000000000015c94       0x28 ./zf_driver/zf_driver_timer.o
 .rodata.timer_clear
                0x0000000000015cbc       0x28 ./zf_driver/zf_driver_timer.o
 .rodata.uart_index
                0x0000000000015ce4       0x20 ./zf_driver/zf_driver_uart.o
                0x0000000000015ce4                uart_index
 .rodata.ascii_font_8x16
                0x0000000000015d04      0x5f0 ./zf_common/zf_common_font.o
                0x0000000000015d04                ascii_font_8x16
 .rodata.ascii_font_6x8
                0x00000000000162f4      0x228 ./zf_common/zf_common_font.o
                0x00000000000162f4                ascii_font_6x8
 .rodata.MyDevDescrHD
                0x000000000001651c       0x12 ./sdk/Peripheral/ch32v30x_usbotg_device.o
                0x000000000001651c                MyDevDescrHD
 *fill*         0x000000000001652e        0x2 
 .rodata.MyCfgDescrHD
                0x0000000000016530       0x43 ./sdk/Peripheral/ch32v30x_usbotg_device.o
                0x0000000000016530                MyCfgDescrHD
 *fill*         0x0000000000016573        0x1 
 .rodata.MyReportDescHD
                0x0000000000016574       0x14 ./sdk/Peripheral/ch32v30x_usbotg_device.o
                0x0000000000016574                MyReportDescHD
 .rodata.MyManuInfoHD
                0x0000000000016588        0xe ./sdk/Peripheral/ch32v30x_usbotg_device.o
                0x0000000000016588                MyManuInfoHD
 *fill*         0x0000000000016596        0x2 
 .rodata.MyProdInfoHD
                0x0000000000016598        0xc ./sdk/Peripheral/ch32v30x_usbotg_device.o
                0x0000000000016598                MyProdInfoHD
 .rodata.MySerNumInfoHD
                0x00000000000165a4       0x16 ./sdk/Peripheral/ch32v30x_usbotg_device.o
                0x00000000000165a4                MySerNumInfoHD
 *fill*         0x00000000000165ba        0x2 
 .rodata.MyUSBQUADescHD
                0x00000000000165bc        0xa ./sdk/Peripheral/ch32v30x_usbotg_device.o
                0x00000000000165bc                MyUSBQUADescHD
 *fill*         0x00000000000165c6        0x2 
 .rodata.OTG_FS_IRQHandler
                0x00000000000165c8       0xbc ./sdk/Peripheral/ch32v30x_usbotg_device.o
 .rodata.Array_forward_bird_col
                0x0000000000016684     0x5820 ./code/image_process.o
                0x0000000000016684                Array_forward_bird_col
 .rodata.Array_forward_bird_row
                0x000000000001bea4     0x5820 ./code/image_process.o
                0x000000000001bea4                Array_forward_bird_row
 .rodata.dir_front
                0x00000000000216c4       0x20 ./code/image_process.o
                0x00000000000216c4                dir_front
 .rodata.dir_frontleft
                0x00000000000216e4       0x20 ./code/image_process.o
                0x00000000000216e4                dir_frontleft
 .rodata.dir_frontright
                0x0000000000021704       0x20 ./code/image_process.o
                0x0000000000021704                dir_frontright
 .rodata.sqrt.str1.4
                0x0000000000021724        0x5 d:/mounriver/mounriver_studio/toolchain/risc-v embedded gcc/bin/../lib/gcc/riscv-none-embed/8.2.0/../../../../riscv-none-embed/lib/rv32imafc/ilp32f\libm.a(lib_a-w_sqrt.o)
 *fill*         0x0000000000021729        0x3 
 .rodata.sqrtf.str1.4
                0x000000000002172c        0x6 d:/mounriver/mounriver_studio/toolchain/risc-v embedded gcc/bin/../lib/gcc/riscv-none-embed/8.2.0/../../../../riscv-none-embed/lib/rv32imafc/ilp32f\libm.a(lib_a-wf_sqrt.o)
 *fill*         0x0000000000021732        0x2 
 .rodata.__ieee754_atan2f.cst4
                0x0000000000021734       0x28 d:/mounriver/mounriver_studio/toolchain/risc-v embedded gcc/bin/../lib/gcc/riscv-none-embed/8.2.0/../../../../riscv-none-embed/lib/rv32imafc/ilp32f\libm.a(lib_a-ef_atan2.o)
 .rodata.atanf.cst4
                0x000000000002175c       0x40 d:/mounriver/mounriver_studio/toolchain/risc-v embedded gcc/bin/../lib/gcc/riscv-none-embed/8.2.0/../../../../riscv-none-embed/lib/rv32imafc/ilp32f\libm.a(lib_a-sf_atan.o)
                                         0x48 (size before relaxing)
 .rodata.atanhi
                0x000000000002179c       0x10 d:/mounriver/mounriver_studio/toolchain/risc-v embedded gcc/bin/../lib/gcc/riscv-none-embed/8.2.0/../../../../riscv-none-embed/lib/rv32imafc/ilp32f\libm.a(lib_a-sf_atan.o)
 .rodata.atanlo
                0x00000000000217ac       0x10 d:/mounriver/mounriver_studio/toolchain/risc-v embedded gcc/bin/../lib/gcc/riscv-none-embed/8.2.0/../../../../riscv-none-embed/lib/rv32imafc/ilp32f\libm.a(lib_a-sf_atan.o)
 .rodata.__divdf3
                0x00000000000217bc       0x40 d:/mounriver/mounriver_studio/toolchain/risc-v embedded gcc/bin/../lib/gcc/riscv-none-embed/8.2.0/rv32imafc/ilp32f\libgcc.a(divdf3.o)
 .rodata.__muldf3
                0x00000000000217fc       0x40 d:/mounriver/mounriver_studio/toolchain/risc-v embedded gcc/bin/../lib/gcc/riscv-none-embed/8.2.0/rv32imafc/ilp32f\libgcc.a(muldf3.o)
 .rodata.__clz_tab
                0x000000000002183c      0x100 d:/mounriver/mounriver_studio/toolchain/risc-v embedded gcc/bin/../lib/gcc/riscv-none-embed/8.2.0/rv32imafc/ilp32f\libgcc.a(_clz.o)
                0x000000000002183c                __clz_tab
 *fill*         0x000000000002193c        0x4 
 .rodata._printf_float.cst8
                0x0000000000021940        0x8 d:/mounriver/mounriver_studio/toolchain/risc-v embedded gcc/bin/../lib/gcc/riscv-none-embed/8.2.0/../../../../riscv-none-embed/lib/rv32imafc/ilp32f\libg_nano.a(lib_a-nano-vfprintf_float.o)
 .rodata._printf_float.str1.4
                0x0000000000021948       0x12 d:/mounriver/mounriver_studio/toolchain/risc-v embedded gcc/bin/../lib/gcc/riscv-none-embed/8.2.0/../../../../riscv-none-embed/lib/rv32imafc/ilp32f\libg_nano.a(lib_a-nano-vfprintf_float.o)
 *fill*         0x000000000002195a        0x2 
 .rodata._printf_i.str1.4
                0x000000000002195c       0x25 d:/mounriver/mounriver_studio/toolchain/risc-v embedded gcc/bin/../lib/gcc/riscv-none-embed/8.2.0/../../../../riscv-none-embed/lib/rv32imafc/ilp32f\libg_nano.a(lib_a-nano-vfprintf_i.o)
 *fill*         0x0000000000021981        0x7 
 .rodata._dtoa_r.cst8
                0x0000000000021988       0x48 d:/mounriver/mounriver_studio/toolchain/risc-v embedded gcc/bin/../lib/gcc/riscv-none-embed/8.2.0/../../../../riscv-none-embed/lib/rv32imafc/ilp32f\libg_nano.a(lib_a-dtoa.o)
 .rodata._dtoa_r.str1.4
                0x00000000000219d0       0x10 d:/mounriver/mounriver_studio/toolchain/risc-v embedded gcc/bin/../lib/gcc/riscv-none-embed/8.2.0/../../../../riscv-none-embed/lib/rv32imafc/ilp32f\libg_nano.a(lib_a-dtoa.o)
                                         0x12 (size before relaxing)
 .rodata.__sf_fake_stderr
                0x00000000000219e0       0x20 d:/mounriver/mounriver_studio/toolchain/risc-v embedded gcc/bin/../lib/gcc/riscv-none-embed/8.2.0/../../../../riscv-none-embed/lib/rv32imafc/ilp32f\libg_nano.a(lib_a-findfp.o)
                0x00000000000219e0                __sf_fake_stderr
 .rodata.__sf_fake_stdin
                0x0000000000021a00       0x20 d:/mounriver/mounriver_studio/toolchain/risc-v embedded gcc/bin/../lib/gcc/riscv-none-embed/8.2.0/../../../../riscv-none-embed/lib/rv32imafc/ilp32f\libg_nano.a(lib_a-findfp.o)
                0x0000000000021a00                __sf_fake_stdin
 .rodata.__sf_fake_stdout
                0x0000000000021a20       0x20 d:/mounriver/mounriver_studio/toolchain/risc-v embedded gcc/bin/../lib/gcc/riscv-none-embed/8.2.0/../../../../riscv-none-embed/lib/rv32imafc/ilp32f\libg_nano.a(lib_a-findfp.o)
                0x0000000000021a20                __sf_fake_stdout
 .rodata.__mprec_bigtens
                0x0000000000021a40       0x28 d:/mounriver/mounriver_studio/toolchain/risc-v embedded gcc/bin/../lib/gcc/riscv-none-embed/8.2.0/../../../../riscv-none-embed/lib/rv32imafc/ilp32f\libg_nano.a(lib_a-mprec.o)
                0x0000000000021a40                __mprec_bigtens
 .rodata.__mprec_tens
                0x0000000000021a68       0xc8 d:/mounriver/mounriver_studio/toolchain/risc-v embedded gcc/bin/../lib/gcc/riscv-none-embed/8.2.0/../../../../riscv-none-embed/lib/rv32imafc/ilp32f\libg_nano.a(lib_a-mprec.o)
                0x0000000000021a68                __mprec_tens
 .rodata.p05.3321
                0x0000000000021b30        0xc d:/mounriver/mounriver_studio/toolchain/risc-v embedded gcc/bin/../lib/gcc/riscv-none-embed/8.2.0/../../../../riscv-none-embed/lib/rv32imafc/ilp32f\libg_nano.a(lib_a-mprec.o)
 .rodata._svfprintf_r.str1.4
                0x0000000000021b3c       0x13 d:/mounriver/mounriver_studio/toolchain/risc-v embedded gcc/bin/../lib/gcc/riscv-none-embed/8.2.0/../../../../riscv-none-embed/lib/rv32imafc/ilp32f\libg_nano.a(lib_a-nano-svfprintf.o)
 .rodata._vfprintf_r.str1.4
                0x0000000000021b4f       0x13 d:/mounriver/mounriver_studio/toolchain/risc-v embedded gcc/bin/../lib/gcc/riscv-none-embed/8.2.0/../../../../riscv-none-embed/lib/rv32imafc/ilp32f\libg_nano.a(lib_a-nano-vfprintf.o)
 *fill*         0x0000000000021b4f        0x1 
 .rodata._setlocale_r.str1.4
                0x0000000000021b50        0xa d:/mounriver/mounriver_studio/toolchain/risc-v embedded gcc/bin/../lib/gcc/riscv-none-embed/8.2.0/../../../../riscv-none-embed/lib/rv32imafc/ilp32f\libg_nano.a(lib_a-locale.o)
                                          0xd (size before relaxing)
 *fill*         0x0000000000021b5a        0x2 
 .rodata.str1.4
                0x0000000000021b5c        0x4 d:/mounriver/mounriver_studio/toolchain/risc-v embedded gcc/bin/../lib/gcc/riscv-none-embed/8.2.0/../../../../riscv-none-embed/lib/rv32imafc/ilp32f\libg_nano.a(lib_a-locale.o)
                                          0x2 (size before relaxing)
 .rodata._ctype_
                0x0000000000021b60      0x101 d:/mounriver/mounriver_studio/toolchain/risc-v embedded gcc/bin/../lib/gcc/riscv-none-embed/8.2.0/../../../../riscv-none-embed/lib/rv32imafc/ilp32f\libg_nano.a(lib_a-ctype_.o)
                0x0000000000021b60                _ctype_
 *(.glue_7)
 *(.glue_7t)
 *(.gnu.linkonce.t.*)
                0x0000000000021c64                . = ALIGN (0x4)
 *fill*         0x0000000000021c61        0x3 

.rela.dyn       0x0000000000021c64        0x0
 .rela.init     0x0000000000021c64        0x0 ./zf_driver/zf_driver_delay.o
 .rela.vector   0x0000000000021c64        0x0 ./zf_driver/zf_driver_delay.o
 .rela.text.handle_reset
                0x0000000000021c64        0x0 ./zf_driver/zf_driver_delay.o
 .rela.text._sbrk_r
                0x0000000000021c64        0x0 ./zf_driver/zf_driver_delay.o
 .rela.text._svfprintf_r
                0x0000000000021c64        0x0 ./zf_driver/zf_driver_delay.o
 .rela.text._vfprintf_r
                0x0000000000021c64        0x0 ./zf_driver/zf_driver_delay.o
 .rela.text._write_r
                0x0000000000021c64        0x0 ./zf_driver/zf_driver_delay.o
 .rela.text._close_r
                0x0000000000021c64        0x0 ./zf_driver/zf_driver_delay.o
 .rela.text._lseek_r
                0x0000000000021c64        0x0 ./zf_driver/zf_driver_delay.o
 .rela.text._read_r
                0x0000000000021c64        0x0 ./zf_driver/zf_driver_delay.o
 .rela.text._fstat_r
                0x0000000000021c64        0x0 ./zf_driver/zf_driver_delay.o
 .rela.text._isatty_r
                0x0000000000021c64        0x0 ./zf_driver/zf_driver_delay.o
 .rela.text._close
                0x0000000000021c64        0x0 ./zf_driver/zf_driver_delay.o
 .rela.text._fstat
                0x0000000000021c64        0x0 ./zf_driver/zf_driver_delay.o
 .rela.text._isatty
                0x0000000000021c64        0x0 ./zf_driver/zf_driver_delay.o
 .rela.text._lseek
                0x0000000000021c64        0x0 ./zf_driver/zf_driver_delay.o
 .rela.text._read
                0x0000000000021c64        0x0 ./zf_driver/zf_driver_delay.o
 .rela.text._sbrk
                0x0000000000021c64        0x0 ./zf_driver/zf_driver_delay.o

.fini           0x0000000000021c64        0x0
 *(SORT_NONE(.fini))
                0x0000000000021c64                . = ALIGN (0x4)
                [!provide]                        PROVIDE (_etext = .)
                [!provide]                        PROVIDE (_eitcm = .)

.preinit_array  0x0000000000021c64        0x0
                [!provide]                        PROVIDE (__preinit_array_start = .)
 *(.preinit_array)
                [!provide]                        PROVIDE (__preinit_array_end = .)

.init_array     0x0000000000021c64        0x0
                [!provide]                        PROVIDE (__init_array_start = .)
 *(SORT_BY_INIT_PRIORITY(.init_array.*) SORT_BY_INIT_PRIORITY(.ctors.*))
 *(.init_array EXCLUDE_FILE(*crtend?.o *crtend.o *crtbegin?.o *crtbegin.o) .ctors)
                [!provide]                        PROVIDE (__init_array_end = .)

.fini_array     0x0000000000021c64        0x0
                [!provide]                        PROVIDE (__fini_array_start = .)
 *(SORT_BY_INIT_PRIORITY(.fini_array.*) SORT_BY_INIT_PRIORITY(.dtors.*))
 *(.fini_array EXCLUDE_FILE(*crtend?.o *crtend.o *crtbegin?.o *crtbegin.o) .dtors)
                [!provide]                        PROVIDE (__fini_array_end = .)

.ctors
 *crtbegin.o(.ctors)
 *crtbegin?.o(.ctors)
 *(EXCLUDE_FILE(*crtend?.o *crtend.o) .ctors)
 *(SORT_BY_NAME(.ctors.*))
 *(.ctors)

.dtors
 *crtbegin.o(.dtors)
 *crtbegin?.o(.dtors)
 *(EXCLUDE_FILE(*crtend?.o *crtend.o) .dtors)
 *(SORT_BY_NAME(.dtors.*))
 *(.dtors)

.dalign         0x0000000020000040        0x0 load address 0x0000000000021c64
                0x0000000020000040                . = ALIGN (0x4)
                0x0000000020000040                PROVIDE (_data_vma = .)

.dlalign        0x0000000000021c64        0x0
                0x0000000000021c64                . = ALIGN (0x4)
                0x0000000000021c64                PROVIDE (_data_lma = .)

.data           0x0000000020000040      0x298 load address 0x0000000000021c64
 *(.gnu.linkonce.r.*)
 *(.data .data.*)
 .data.gpio_group
                0x0000000020000040       0x14 ./zf_driver/zf_driver_gpio.o
                0x0000000020000040                gpio_group
 .data.APBAHBPrescTable
                0x0000000020000054       0x10 ./sdk/Peripheral/ch32v30x_rcc.o
 .data.TAB_USB_FS_OSC_DESC
                0x0000000020000064       0x43 ./sdk/Peripheral/ch32v30x_usbotg_device.o
                0x0000000020000064                TAB_USB_FS_OSC_DESC
 *fill*         0x00000000200000a7        0x1 
 .data.impure_data
                0x00000000200000a8       0x60 d:/mounriver/mounriver_studio/toolchain/risc-v embedded gcc/bin/../lib/gcc/riscv-none-embed/8.2.0/../../../../riscv-none-embed/lib/rv32imafc/ilp32f\libg_nano.a(lib_a-impure.o)
 .data.__global_locale
                0x0000000020000108      0x16c d:/mounriver/mounriver_studio/toolchain/risc-v embedded gcc/bin/../lib/gcc/riscv-none-embed/8.2.0/../../../../riscv-none-embed/lib/rv32imafc/ilp32f\libg_nano.a(lib_a-locale.o)
                0x0000000020000108                __global_locale
 *(.gnu.linkonce.d.*)
                0x0000000020000278                . = ALIGN (0x8)
 *fill*         0x0000000020000274        0x4 
                0x0000000020000a78                PROVIDE (__global_pointer$ = (. + 0x800))
 *(.sdata .sdata.*)
 .sdata.dm1xa_distance_mm
                0x0000000020000278        0x2 ./zf_device/zf_device_dm1xa.o
 .sdata.ips114_pencolor
                0x000000002000027a        0x2 ./zf_device/zf_device_ips114.o
 .sdata.ips114_bgcolor
                0x000000002000027c        0x2 ./zf_device/zf_device_ips114.o
 *fill*         0x000000002000027e        0x2 
 .sdata.ips114_display_dir
                0x0000000020000280        0x4 ./zf_device/zf_device_ips114.o
 .sdata.ips114_display_font
                0x0000000020000284        0x4 ./zf_device/zf_device_ips114.o
 .sdata.ips114_x_max
                0x0000000020000288        0x1 ./zf_device/zf_device_ips114.o
 .sdata.ips114_y_max
                0x0000000020000289        0x1 ./zf_device/zf_device_ips114.o
 *fill*         0x000000002000028a        0x2 
 .sdata.mt9v03x_type
                0x000000002000028c        0x4 ./zf_device/zf_device_mt9v03x_dvp.o
 .sdata.camera_uart_handler
                0x0000000020000290        0x4 ./zf_device/zf_device_type.o
                0x0000000020000290                camera_uart_handler
 .sdata.camera_dvp_handler
                0x0000000020000294        0x4 ./zf_device/zf_device_type.o
                0x0000000020000294                camera_dvp_handler
 .sdata.wireless_module_uart_handler
                0x0000000020000298        0x4 ./zf_device/zf_device_type.o
                0x0000000020000298                wireless_module_uart_handler
 .sdata.tof_module_exti_handler
                0x000000002000029c        0x4 ./zf_device/zf_device_type.o
                0x000000002000029c                tof_module_exti_handler
 .sdata.system_clock
                0x00000000200002a0        0x4 ./zf_common/zf_common_clock.o
                0x00000000200002a0                system_clock
 .sdata.zf_debug_assert_enable
                0x00000000200002a4        0x1 ./zf_common/zf_common_debug.o
 *fill*         0x00000000200002a5        0x3 
 .sdata.aim_distance
                0x00000000200002a8        0x4 ./user_c/main.o
                0x00000000200002a8                aim_distance
 .sdata.ADCPrescTable
                0x00000000200002ac        0x4 ./sdk/Peripheral/ch32v30x_rcc.o
 .sdata.USBHD_Dev_Speed
                0x00000000200002b0        0x1 ./sdk/Peripheral/ch32v30x_usbotg_device.o
                0x00000000200002b0                USBHD_Dev_Speed
 *fill*         0x00000000200002b1        0x3 
 .sdata.LineCoding
                0x00000000200002b4        0x7 ./sdk/Peripheral/ch32v30x_usbotg_device.o
                0x00000000200002b4                LineCoding
 *fill*         0x00000000200002bb        0x1 
 .sdata.track_type
                0x00000000200002bc        0x4 ./code/cross.o
                0x00000000200002bc                track_type
 .sdata.__fdlib_version
                0x00000000200002c0        0x4 d:/mounriver/mounriver_studio/toolchain/risc-v embedded gcc/bin/../lib/gcc/riscv-none-embed/8.2.0/../../../../riscv-none-embed/lib/rv32imafc/ilp32f\libm.a(lib_a-s_lib_ver.o)
                0x00000000200002c0                __fdlib_version
 .sdata._impure_ptr
                0x00000000200002c4        0x4 d:/mounriver/mounriver_studio/toolchain/risc-v embedded gcc/bin/../lib/gcc/riscv-none-embed/8.2.0/../../../../riscv-none-embed/lib/rv32imafc/ilp32f\libg_nano.a(lib_a-impure.o)
                0x00000000200002c4                _impure_ptr
 *(.sdata2.*)
 .sdata2.uart_irq
                0x00000000200002c8        0x8 ./zf_driver/zf_driver_uart.o
                0x00000000200002c8                uart_irq
 .sdata2.MyLangDescrHD
                0x00000000200002d0        0x4 ./sdk/Peripheral/ch32v30x_usbotg_device.o
                0x00000000200002d0                MyLangDescrHD
 .sdata2._global_impure_ptr
                0x00000000200002d4        0x4 d:/mounriver/mounriver_studio/toolchain/risc-v embedded gcc/bin/../lib/gcc/riscv-none-embed/8.2.0/../../../../riscv-none-embed/lib/rv32imafc/ilp32f\libg_nano.a(lib_a-impure.o)
                0x00000000200002d4                _global_impure_ptr
 *(.gnu.linkonce.s.*)
                0x00000000200002d8                . = ALIGN (0x8)
 *(.srodata.cst16)
 *(.srodata.cst8)
 *(.srodata.cst4)
 *(.srodata.cst2)
 *(.srodata .srodata.*)
                0x00000000200002d8                . = ALIGN (0x4)
                0x00000000200002d8                PROVIDE (_edata = .)

.bss            0x00000000200002d8    0x15b6c load address 0x0000000000021efc
                0x00000000200002d8                . = ALIGN (0x4)
                0x00000000200002d8                PROVIDE (_sbss = .)
 *(.sbss*)
 .sbss.dm1xa_plus_count
                0x00000000200002d8        0x4 ./zf_device/zf_device_dm1xa.o
 .sbss.dm1xa_type
                0x00000000200002dc        0x4 ./zf_device/zf_device_dm1xa.o
 .sbss.dm1xa_ranging_state
                0x00000000200002e0        0x4 ./zf_device/zf_device_dm1xa.o
 .sbss.gnss_flag
                0x00000000200002e4        0x1 ./zf_device/zf_device_gnss.o
                0x00000000200002e4                gnss_flag
 .sbss.gnss_state
                0x00000000200002e5        0x1 ./zf_device/zf_device_gnss.o
 *fill*         0x00000000200002e6        0x2 
 .sbss.gnss_gga_state
                0x00000000200002e8        0x4 ./zf_device/zf_device_gnss.o
 .sbss.gnss_rmc_state
                0x00000000200002ec        0x4 ./zf_device/zf_device_gnss.o
 .sbss.gnss_ths_state
                0x00000000200002f0        0x4 ./zf_device/zf_device_gnss.o
 .sbss.mt9v03x_finish_flag
                0x00000000200002f4        0x1 ./zf_device/zf_device_mt9v03x_dvp.o
                0x00000000200002f4                mt9v03x_finish_flag
 *fill*         0x00000000200002f5        0x3 
 .sbss.camera_receiver_fifo
                0x00000000200002f8        0x4 ./zf_device/zf_device_mt9v03x_dvp.o
 .sbss.mt9v03x_version
                0x00000000200002fc        0x2 ./zf_device/zf_device_mt9v03x_dvp.o
 *fill*         0x00000000200002fe        0x2 
 .sbss.camera_type
                0x0000000020000300        0x4 ./zf_device/zf_device_type.o
                0x0000000020000300                camera_type
 .sbss.zf_debug_init_flag
                0x0000000020000304        0x1 ./zf_common/zf_common_debug.o
 .sbss.assert_nest_index.5042
                0x0000000020000305        0x1 ./zf_common/zf_common_debug.o
 *fill*         0x0000000020000306        0x2 
 .sbss.interrupt_nest_count
                0x0000000020000308        0x4 ./zf_common/zf_common_interrupt.o
 .sbss.rpts0_num
                0x000000002000030c        0x1 ./user_c/main.o
                0x000000002000030c                rpts0_num
 .sbss.rpts1_num
                0x000000002000030d        0x1 ./user_c/main.o
                0x000000002000030d                rpts1_num
 .sbss.rpts0s_num
                0x000000002000030e        0x1 ./user_c/main.o
                0x000000002000030e                rpts0s_num
 .sbss.rpts1s_num
                0x000000002000030f        0x1 ./user_c/main.o
                0x000000002000030f                rpts1s_num
 .sbss.rpts0a_num
                0x0000000020000310        0x1 ./user_c/main.o
                0x0000000020000310                rpts0a_num
 .sbss.rpts1a_num
                0x0000000020000311        0x1 ./user_c/main.o
                0x0000000020000311                rpts1a_num
 .sbss.rpts0an_num
                0x0000000020000312        0x1 ./user_c/main.o
                0x0000000020000312                rpts0an_num
 .sbss.rpts1an_num
                0x0000000020000313        0x1 ./user_c/main.o
                0x0000000020000313                rpts1an_num
 .sbss.rptsc0_num
                0x0000000020000314        0x1 ./user_c/main.o
                0x0000000020000314                rptsc0_num
 .sbss.rptsc1_num
                0x0000000020000315        0x1 ./user_c/main.o
                0x0000000020000315                rptsc1_num
 *fill*         0x0000000020000316        0x2 
 .sbss.Lpt0_rpts0s_id
                0x0000000020000318        0x4 ./user_c/main.o
                0x0000000020000318                Lpt0_rpts0s_id
 .sbss.Lpt1_rpts1s_id
                0x000000002000031c        0x4 ./user_c/main.o
                0x000000002000031c                Lpt1_rpts1s_id
 .sbss.Lpt0_found
                0x0000000020000320        0x1 ./user_c/main.o
                0x0000000020000320                Lpt0_found
 .sbss.Lpt1_found
                0x0000000020000321        0x1 ./user_c/main.o
                0x0000000020000321                Lpt1_found
 .sbss.is_straight0
                0x0000000020000322        0x1 ./user_c/main.o
                0x0000000020000322                is_straight0
 .sbss.is_straight1
                0x0000000020000323        0x1 ./user_c/main.o
                0x0000000020000323                is_straight1
 .sbss.rpts_num
                0x0000000020000324        0x1 ./user_c/main.o
                0x0000000020000324                rpts_num
 *fill*         0x0000000020000325        0x3 
 .sbss.zonghe   0x0000000020000328        0x4 ./user_c/main.o
                0x0000000020000328                zonghe
 .sbss.error    0x000000002000032c        0x4 ./user_c/main.o
                0x000000002000032c                error
 .sbss.motor_speed