Archive member included to satisfy reference by file (symbol)

d:/mounriver/mounriver_studio/toolchain/risc-v embedded gcc/bin/../lib/gcc/riscv-none-embed/8.2.0/../../../../riscv-none-embed/lib/rv32imafc/ilp32f\libm.a(lib_a-s_cos.o)
                              ./libraries/zf_device/zf_device_gnss.o (cos)
d:/mounriver/mounriver_studio/toolchain/risc-v embedded gcc/bin/../lib/gcc/riscv-none-embed/8.2.0/../../../../riscv-none-embed/lib/rv32imafc/ilp32f\libm.a(lib_a-s_sin.o)
                              ./libraries/zf_device/zf_device_gnss.o (sin)
d:/mounriver/mounriver_studio/toolchain/risc-v embedded gcc/bin/../lib/gcc/riscv-none-embed/8.2.0/../../../../riscv-none-embed/lib/rv32imafc/ilp32f\libm.a(lib_a-w_asin.o)
                              ./libraries/zf_device/zf_device_gnss.o (asin)
d:/mounriver/mounriver_studio/toolchain/risc-v embedded gcc/bin/../lib/gcc/riscv-none-embed/8.2.0/../../../../riscv-none-embed/lib/rv32imafc/ilp32f\libm.a(lib_a-w_atan2.o)
                              ./libraries/zf_device/zf_device_gnss.o (atan2)
d:/mounriver/mounriver_studio/toolchain/risc-v embedded gcc/bin/../lib/gcc/riscv-none-embed/8.2.0/../../../../riscv-none-embed/lib/rv32imafc/ilp32f\libm.a(lib_a-w_pow.o)
                              ./libraries/zf_device/zf_device_gnss.o (pow)
d:/mounriver/mounriver_studio/toolchain/risc-v embedded gcc/bin/../lib/gcc/riscv-none-embed/8.2.0/../../../../riscv-none-embed/lib/rv32imafc/ilp32f\libm.a(lib_a-w_sqrt.o)
                              ./libraries/zf_device/zf_device_gnss.o (sqrt)
d:/mounriver/mounriver_studio/toolchain/risc-v embedded gcc/bin/../lib/gcc/riscv-none-embed/8.2.0/../../../../riscv-none-embed/lib/rv32imafc/ilp32f\libm.a(lib_a-e_asin.o)
                              d:/mounriver/mounriver_studio/toolchain/risc-v embedded gcc/bin/../lib/gcc/riscv-none-embed/8.2.0/../../../../riscv-none-embed/lib/rv32imafc/ilp32f\libm.a(lib_a-w_asin.o) (__ieee754_asin)
d:/mounriver/mounriver_studio/toolchain/risc-v embedded gcc/bin/../lib/gcc/riscv-none-embed/8.2.0/../../../../riscv-none-embed/lib/rv32imafc/ilp32f\libm.a(lib_a-e_atan2.o)
                              d:/mounriver/mounriver_studio/toolchain/risc-v embedded gcc/bin/../lib/gcc/riscv-none-embed/8.2.0/../../../../riscv-none-embed/lib/rv32imafc/ilp32f\libm.a(lib_a-w_atan2.o) (__ieee754_atan2)
d:/mounriver/mounriver_studio/toolchain/risc-v embedded gcc/bin/../lib/gcc/riscv-none-embed/8.2.0/../../../../riscv-none-embed/lib/rv32imafc/ilp32f\libm.a(lib_a-e_pow.o)
                              d:/mounriver/mounriver_studio/toolchain/risc-v embedded gcc/bin/../lib/gcc/riscv-none-embed/8.2.0/../../../../riscv-none-embed/lib/rv32imafc/ilp32f\libm.a(lib_a-w_pow.o) (__ieee754_pow)
d:/mounriver/mounriver_studio/toolchain/risc-v embedded gcc/bin/../lib/gcc/riscv-none-embed/8.2.0/../../../../riscv-none-embed/lib/rv32imafc/ilp32f\libm.a(lib_a-e_rem_pio2.o)
                              d:/mounriver/mounriver_studio/toolchain/risc-v embedded gcc/bin/../lib/gcc/riscv-none-embed/8.2.0/../../../../riscv-none-embed/lib/rv32imafc/ilp32f\libm.a(lib_a-s_cos.o) (__ieee754_rem_pio2)
d:/mounriver/mounriver_studio/toolchain/risc-v embedded gcc/bin/../lib/gcc/riscv-none-embed/8.2.0/../../../../riscv-none-embed/lib/rv32imafc/ilp32f\libm.a(lib_a-e_sqrt.o)
                              d:/mounriver/mounriver_studio/toolchain/risc-v embedded gcc/bin/../lib/gcc/riscv-none-embed/8.2.0/../../../../riscv-none-embed/lib/rv32imafc/ilp32f\libm.a(lib_a-w_sqrt.o) (__ieee754_sqrt)
d:/mounriver/mounriver_studio/toolchain/risc-v embedded gcc/bin/../lib/gcc/riscv-none-embed/8.2.0/../../../../riscv-none-embed/lib/rv32imafc/ilp32f\libm.a(lib_a-k_cos.o)
                              d:/mounriver/mounriver_studio/toolchain/risc-v embedded gcc/bin/../lib/gcc/riscv-none-embed/8.2.0/../../../../riscv-none-embed/lib/rv32imafc/ilp32f\libm.a(lib_a-s_cos.o) (__kernel_cos)
d:/mounriver/mounriver_studio/toolchain/risc-v embedded gcc/bin/../lib/gcc/riscv-none-embed/8.2.0/../../../../riscv-none-embed/lib/rv32imafc/ilp32f\libm.a(lib_a-k_rem_pio2.o)
                              d:/mounriver/mounriver_studio/toolchain/risc-v embedded gcc/bin/../lib/gcc/riscv-none-embed/8.2.0/../../../../riscv-none-embed/lib/rv32imafc/ilp32f\libm.a(lib_a-e_rem_pio2.o) (__kernel_rem_pio2)
d:/mounriver/mounriver_studio/toolchain/risc-v embedded gcc/bin/../lib/gcc/riscv-none-embed/8.2.0/../../../../riscv-none-embed/lib/rv32imafc/ilp32f\libm.a(lib_a-k_sin.o)
                              d:/mounriver/mounriver_studio/toolchain/risc-v embedded gcc/bin/../lib/gcc/riscv-none-embed/8.2.0/../../../../riscv-none-embed/lib/rv32imafc/ilp32f\libm.a(lib_a-s_cos.o) (__kernel_sin)
d:/mounriver/mounriver_studio/toolchain/risc-v embedded gcc/bin/../lib/gcc/riscv-none-embed/8.2.0/../../../../riscv-none-embed/lib/rv32imafc/ilp32f\libm.a(lib_a-s_atan.o)
[...]
Memory Configuration

Name             Origin             Length             Attributes
RAM              0x0000000020000000 0x0000000000020000 xrw
FLASH            0x0000000000000000 0x0000000000030000 xr
*default*        0x0000000000000000 0xffffffffffffffff

Linker script and memory map

LOAD ./user_c/isr.o
LOAD ./user_c/main.o
LOAD ./libraries/zf_driver/zf_driver_adc.o
LOAD ./libraries/zf_driver/zf_driver_delay.o
LOAD ./libraries/zf_driver/zf_driver_dvp.o
LOAD ./libraries/zf_driver/zf_driver_encoder.o
LOAD ./libraries/zf_driver/zf_driver_exti.o
LOAD ./libraries/zf_driver/zf_driver_flash.o
LOAD ./libraries/zf_driver/zf_driver_gpio.o
LOAD ./libraries/zf_driver/zf_driver_iic.o
LOAD ./libraries/zf_driver/zf_driver_pit.o
LOAD ./libraries/zf_driver/zf_driver_pwm.o
LOAD ./libraries/zf_driver/zf_driver_soft_iic.o
LOAD ./libraries/zf_driver/zf_driver_soft_spi.o
LOAD ./libraries/zf_driver/zf_driver_spi.o
LOAD ./libraries/zf_driver/zf_driver_timer.o
LOAD ./libraries/zf_driver/zf_driver_uart.o
LOAD ./libraries/zf_driver/zf_driver_usb_cdc.o
LOAD ./libraries/zf_device/zf_device_absolute_encoder.o
LOAD ./libraries/zf_device/zf_device_aht20.o
LOAD ./libraries/zf_device/zf_device_bluetooth_ch9141.o
LOAD ./libraries/zf_device/zf_device_camera.o
LOAD ./libraries/zf_device/zf_device_dl1a.o
LOAD ./libraries/zf_device/zf_device_dl1b.o
LOAD ./libraries/zf_device/zf_device_dm1xa.o
LOAD ./libraries/zf_device/zf_device_gnss.o
LOAD ./libraries/zf_device/zf_device_icm20602.o
LOAD ./libraries/zf_device/zf_device_imu660ra.o
LOAD ./libraries/zf_device/zf_device_imu963ra.o
LOAD ./libraries/zf_device/zf_device_ips114.o
LOAD ./libraries/zf_device/zf_device_ips200.o
LOAD ./libraries/zf_device/zf_device_k24c02.o
LOAD ./libraries/zf_device/zf_device_key.o
LOAD ./libraries/zf_device/zf_device_mpu6050.o
LOAD ./libraries/zf_device/zf_device_mt9v03x_dvp.o
LOAD ./libraries/zf_device/zf_device_oled.o
LOAD ./libraries/zf_device/zf_device_scc8660_dvp.o
LOAD ./libraries/zf_device/zf_device_tft180.o
LOAD ./libraries/zf_device/zf_device_type.o
LOAD ./libraries/zf_device/zf_device_virtual_oscilloscope.o
LOAD ./libraries/zf_device/zf_device_w25q32.o
LOAD ./libraries/zf_device/zf_device_wifi_spi.o
LOAD ./libraries/zf_device/zf_device_wifi_uart.o
LOAD ./libraries/zf_device/zf_device_wireless_ch573.o
LOAD ./libraries/zf_device/zf_device_wireless_uart.o
LOAD ./libraries/zf_components/seekfree_assistant.o
LOAD ./libraries/zf_components/seekfree_assistant_interface.o
LOAD ./libraries/zf_common/zf_common_clock.o
LOAD ./libraries/zf_common/zf_common_debug.o
LOAD ./libraries/zf_common/zf_common_fifo.o
LOAD ./libraries/zf_common/zf_common_font.o
LOAD ./libraries/zf_common/zf_common_function.o
LOAD ./libraries/zf_common/zf_common_interrupt.o
LOAD ./libraries/sdk/Startup/startup_ch32v30x_D8C.o
LOAD ./libraries/sdk/Peripheral/ch32v30x_adc.o
LOAD ./libraries/sdk/Peripheral/ch32v30x_bkp.o
LOAD ./libraries/sdk/Peripheral/ch32v30x_can.o
LOAD ./libraries/sdk/Peripheral/ch32v30x_crc.o
LOAD ./libraries/sdk/Peripheral/ch32v30x_dac.o
LOAD ./libraries/sdk/Peripheral/ch32v30x_dbgmcu.o
LOAD ./libraries/sdk/Peripheral/ch32v30x_dma.o
LOAD ./libraries/sdk/Peripheral/ch32v30x_dvp.o
LOAD ./libraries/sdk/Peripheral/ch32v30x_eth.o
LOAD ./libraries/sdk/Peripheral/ch32v30x_exti.o
LOAD ./libraries/sdk/Peripheral/ch32v30x_flash.o
LOAD ./libraries/sdk/Peripheral/ch32v30x_fsmc.o
LOAD ./libraries/sdk/Peripheral/ch32v30x_gpio.o
LOAD ./libraries/sdk/Peripheral/ch32v30x_i2c.o
LOAD ./libraries/sdk/Peripheral/ch32v30x_iwdg.o
LOAD ./libraries/sdk/Peripheral/ch32v30x_opa.o
LOAD ./libraries/sdk/Peripheral/ch32v30x_pwr.o
LOAD ./libraries/sdk/Peripheral/ch32v30x_rcc.o
LOAD ./libraries/sdk/Peripheral/ch32v30x_rng.o
LOAD ./libraries/sdk/Peripheral/ch32v30x_rtc.o
LOAD ./libraries/sdk/Peripheral/ch32v30x_sdio.o
LOAD ./libraries/sdk/Peripheral/ch32v30x_spi.o
LOAD ./libraries/sdk/Peripheral/ch32v30x_tim.o
LOAD ./libraries/sdk/Peripheral/ch32v30x_usart.o
LOAD ./libraries/sdk/Peripheral/ch32v30x_usbotg_device.o
LOAD ./libraries/sdk/Peripheral/ch32v30x_wwdg.o
LOAD ./libraries/sdk/Core/core_riscv.o
LOAD ./CODE/img.o
LOAD d:/mounriver/mounriver_studio/toolchain/risc-v embedded gcc/bin/../lib/gcc/riscv-none-embed/8.2.0/../../../../riscv-none-embed/lib/rv32imafc/ilp32f\libm.a
LOAD C:\Users\admin\Desktop\my_mt9v03x_demo\mrs\libraries\zf_device\libzf_device_config.a
LOAD d:/mounriver/mounriver_studio/toolchain/risc-v embedded gcc/bin/../lib/gcc/riscv-none-embed/8.2.0/rv32imafc/ilp32f\libgcc.a
LOAD d:/mounriver/mounriver_studio/toolchain/risc-v embedded gcc/bin/../lib/gcc/riscv-none-embed/8.2.0/../../../../riscv-none-embed/lib/rv32imafc/ilp32f\libg_nano.a
LOAD d:/mounriver/mounriver_studio/toolchain/risc-v embedded gcc/bin/../lib/gcc/riscv-none-embed/8.2.0/../../../../riscv-none-embed/lib/rv32imafc/ilp32f\libc_nano.a
LOAD d:/mounriver/mounriver_studio/toolchain/risc-v embedded gcc/bin/../lib/gcc/riscv-none-embed/8.2.0/rv32imafc/ilp32f\libgcc.a
START GROUP
LOAD d:/mounriver/mounriver_studio/toolchain/risc-v embedded gcc/bin/../lib/gcc/riscv-none-embed/8.2.0/rv32imafc/ilp32f\libgcc.a
LOAD d:/mounriver/mounriver_studio/toolchain/risc-v embedded gcc/bin/../lib/gcc/riscv-none-embed/8.2.0/../../../../riscv-none-embed/lib/rv32imafc/ilp32f\libc_nano.a
LOAD d:/mounriver/mounriver_studio/toolchain/risc-v embedded gcc/bin/../lib/gcc/riscv-none-embed/8.2.0/../../../../riscv-none-embed/lib/rv32imafc/ilp32f\libnosys.a
END GROUP
START GROUP
LOAD d:/mounriver/mounriver_studio/toolchain/risc-v embedded gcc/bin/../lib/gcc/riscv-none-embed/8.2.0/rv32imafc/ilp32f\libgcc.a
LOAD d:/mounriver/mounriver_studio/toolchain/risc-v embedded gcc/bin/../lib/gcc/riscv-none-embed/8.2.0/../../../../riscv-none-embed/lib/rv32imafc/ilp32f\libc_nano.a
LOAD d:/mounriver/mounriver_studio/toolchain/risc-v embedded gcc/bin/../lib/gcc/riscv-none-embed/8.2.0/../../../../riscv-none-embed/lib/rv32imafc/ilp32f\libnosys.a
END GROUP
                0x0000000000000800                __stack_size = 0x800
                [!provide]                        PROVIDE (_stack_size = __stack_size)

.init           0x0000000000000000       0x38
                0x0000000000000000                _sinit = .
                0x0000000000000000                . = ALIGN (0x4)
 *(SORT_NONE(.init))
 .init          0x0000000000000000       0x38 ./libraries/sdk/Startup/startup_ch32v30x_D8C.o
                0x0000000000000000                _start
                0x0000000000000038                . = ALIGN (0x4)
                0x0000000000000038                _einit = .

.vector         0x0000000000000038      0x1c8
 *(.vector)
 .vector        0x0000000000000038      0x1a0 ./libraries/sdk/Startup/startup_ch32v30x_D8C.o
                0x0000000000000200                . = ALIGN (0x40)
 *fill*         0x00000000000001d8       0x28 

.text           0x0000000000000200    0x15a7c
                0x0000000000000200                . = ALIGN (0x4)
 *(.text)
 .text          0x0000000000000200       0xa8 d:/mounriver/mounriver_studio/toolchain/risc-v embedded gcc/bin/../lib/gcc/riscv-none-embed/8.2.0/../../../../riscv-none-embed/lib/rv32imafc/ilp32f\libg_nano.a(lib_a-memset.o)
                0x0000000000000200                memset
 *(.text.*)
 .text.USART1_IRQHandler
                0x00000000000002a8       0xc4 ./user_c/isr.o
                0x00000000000002a8                USART1_IRQHandler
 .text.USART2_IRQHandler
                0x000000000000036c       0xc4 ./user_c/isr.o
                0x000000000000036c                USART2_IRQHandler
 .text.USART3_IRQHandler
                0x0000000000000430       0xc8 ./user_c/isr.o
                0x0000000000000430                USART3_IRQHandler
 .text.UART4_IRQHandler
                0x00000000000004f8       0xc4 ./user_c/isr.o
                0x00000000000004f8                UART4_IRQHandler
 .text.UART5_IRQHandler
                0x00000000000005bc       0xc2 ./user_c/isr.o
                0x00000000000005bc                UART5_IRQHandler
 .text.UART6_IRQHandler
                0x000000000000067e       0xc4 ./user_c/isr.o
                0x000000000000067e                UART6_IRQHandler
 .text.UART7_IRQHandler
                0x0000000000000742       0xca ./user_c/isr.o
                0x0000000000000742                UART7_IRQHandler
 .text.UART8_IRQHandler
                0x000000000000080c       0xc0 ./user_c/isr.o
                0x000000000000080c                UART8_IRQHandler
 .text.DVP_IRQHandler
                0x00000000000008cc       0xd0 ./user_c/isr.o
                0x00000000000008cc                DVP_IRQHandler
 .text.EXTI0_IRQHandler
                0x000000000000099c       0xb4 ./user_c/isr.o
                0x000000000000099c                EXTI0_IRQHandler
 .text.EXTI1_IRQHandler
                0x0000000000000a50       0xb4 ./user_c/isr.o
                0x0000000000000a50                EXTI1_IRQHandler
 .text.EXTI2_IRQHandler
                0x0000000000000b04       0xb4 ./user_c/isr.o
                0x0000000000000b04                EXTI2_IRQHandler
 .text.EXTI3_IRQHandler
                0x0000000000000bb8       0xb4 ./user_c/isr.o
                0x0000000000000bb8                EXTI3_IRQHandler
 .text.EXTI4_IRQHandler
                0x0000000000000c6c       0xb4 ./user_c/isr.o
                0x0000000000000c6c                EXTI4_IRQHandler
 .text.EXTI9_5_IRQHandler
                0x0000000000000d20      0x118 ./user_c/isr.o
                0x0000000000000d20                EXTI9_5_IRQHandler
 .text.EXTI15_10_IRQHandler
                0x0000000000000e38      0x132 ./user_c/isr.o
                0x0000000000000e38                EXTI15_10_IRQHandler
 .text.TIM1_UP_IRQHandler
                0x0000000000000f6a       0xc0 ./user_c/isr.o
                0x0000000000000f6a                TIM1_UP_IRQHandler
 .text.TIM2_IRQHandler
                0x000000000000102a       0xbc ./user_c/isr.o
                0x000000000000102a                TIM2_IRQHandler
 .text.TIM3_IRQHandler
                0x00000000000010e6       0xc0 ./user_c/isr.o
                0x00000000000010e6                TIM3_IRQHandler
 .text.TIM4_IRQHandler
                0x00000000000011a6       0xc0 ./user_c/isr.o
                0x00000000000011a6                TIM4_IRQHandler
 .text.TIM5_IRQHandler
                0x0000000000001266       0xc0 ./user_c/isr.o
                0x0000000000001266                TIM5_IRQHandler
 .text.TIM6_IRQHandler
                0x0000000000001326       0xb8 ./user_c/isr.o
                0x0000000000001326                TIM6_IRQHandler
 .text.TIM7_IRQHandler
                0x00000000000013de       0xc0 ./user_c/isr.o
                0x00000000000013de                TIM7_IRQHandler
 .text.TIM8_UP_IRQHandler
                0x000000000000149e       0xc0 ./user_c/isr.o
                0x000000000000149e                TIM8_UP_IRQHandler
 .text.TIM9_UP_IRQHandler
                0x000000000000155e       0xc0 ./user_c/isr.o
                0x000000000000155e                TIM9_UP_IRQHandler
 .text.TIM10_UP_IRQHandler
                0x000000000000161e       0xb8 ./user_c/isr.o
                0x000000000000161e                TIM10_UP_IRQHandler
 .text.NMI_Handler
                0x00000000000016d6       0x10 ./user_c/isr.o
                0x00000000000016d6                NMI_Handler
 .text.HardFault_Handler
                0x00000000000016e6        0x8 ./user_c/isr.o
                0x00000000000016e6                HardFault_Handler
 .text.main     0x00000000000016ee      0x28c ./user_c/main.o
                0x00000000000016ee                main
 .text.pit_handler
                0x000000000000197a       0x16 ./user_c/main.o
                0x000000000000197a                pit_handler
 .text.system_delay_ms
                0x0000000000001990       0xa2 ./libraries/zf_driver/zf_driver_delay.o
                0x0000000000001990                system_delay_ms
 .text.system_delay_us
                0x0000000000001a32       0xa4 ./libraries/zf_driver/zf_driver_delay.o
                0x0000000000001a32                system_delay_us
 .text.dvp_gpio_init
                0x0000000000001ad6      0x102 ./libraries/zf_driver/zf_driver_dvp.o
                0x0000000000001ad6                dvp_gpio_init
 .text.dvp_camera_init
                0x0000000000001bd8       0x8c ./libraries/zf_driver/zf_driver_dvp.o
                0x0000000000001bd8                dvp_camera_init
 .text.gpio_set_level
                0x0000000000001c64       0x78 ./libraries/zf_driver/zf_driver_gpio.o
                0x0000000000001c64                gpio_set_level
 .text.gpio_get_level
                0x0000000000001cdc       0x42 ./libraries/zf_driver/zf_driver_gpio.o
                0x0000000000001cdc                gpio_get_level
 .text.gpio_init
                0x0000000000001d1e      0x15c ./libraries/zf_driver/zf_driver_gpio.o
                0x0000000000001d1e                gpio_init
 .text.pit_init
                0x0000000000001e7a      0x218 ./libraries/zf_driver/zf_driver_pit.o
                0x0000000000001e7a                pit_init
 .text.pwm_set_duty
                0x0000000000002092      0x166 ./libraries/zf_driver/zf_driver_pwm.o
                0x0000000000002092                pwm_set_duty
 .text.pwm_init
                0x00000000000021f8      0x416 ./libraries/zf_driver/zf_driver_pwm.o
                0x00000000000021f8                pwm_init
 .text.soft_iic_start
                0x000000000000260e      0x128 ./libraries/zf_driver/zf_driver_soft_iic.o
 .text.soft_iic_stop
                0x0000000000002736      0x142 ./libraries/zf_driver/zf_driver_soft_iic.o
 .text.soft_iic_send_ack
                0x0000000000002878      0x196 ./libraries/zf_driver/zf_driver_soft_iic.o
 .text.soft_iic_wait_ack
                0x0000000000002a0e      0x160 ./libraries/zf_driver/zf_driver_soft_iic.o
 .text.soft_iic_send_data
                0x0000000000002b6e      0x16e ./libraries/zf_driver/zf_driver_soft_iic.o
 .text.soft_iic_read_data
                0x0000000000002cdc      0x1ea ./libraries/zf_driver/zf_driver_soft_iic.o
 .text.soft_iic_sccb_write_register
                0x0000000000002ec6       0x80 ./libraries/zf_driver/zf_driver_soft_iic.o
                0x0000000000002ec6                soft_iic_sccb_write_register
 .text.soft_iic_sccb_read_register
                0x0000000000002f46       0xb4 ./libraries/zf_driver/zf_driver_soft_iic.o
                0x0000000000002f46                soft_iic_sccb_read_register
 .text.soft_iic_init
                0x0000000000002ffa       0xb2 ./libraries/zf_driver/zf_driver_soft_iic.o
                0x0000000000002ffa                soft_iic_init
 .text.spi_write_8bit
                0x00000000000030ac       0x56 ./libraries/zf_driver/zf_driver_spi.o
                0x00000000000030ac                spi_write_8bit
 .text.spi_write_8bit_array
                0x0000000000003102       0x94 ./libraries/zf_driver/zf_driver_spi.o
                0x0000000000003102                spi_write_8bit_array
 .text.spi_write_16bit
                0x0000000000003196       0xa4 ./libraries/zf_driver/zf_driver_spi.o
                0x0000000000003196                spi_write_16bit
 .text.spi_write_16bit_array
                0x000000000000323a       0xe4 ./libraries/zf_driver/zf_driver_spi.o
                0x000000000000323a                spi_write_16bit_array
 .text.spi_transfer_8bit
                0x000000000000331e       0xde ./libraries/zf_driver/zf_driver_spi.o
                0x000000000000331e                spi_transfer_8bit
 .text.spi_init
                0x00000000000033fc      0x2d4 ./libraries/zf_driver/zf_driver_spi.o
                0x00000000000033fc                spi_init
 .text.timer_funciton_check
                0x00000000000036d0       0x72 ./libraries/zf_driver/zf_driver_timer.o
                0x00000000000036d0                timer_funciton_check
 .text.timer_clock_enable
                0x0000000000003742       0xe2 ./libraries/zf_driver/zf_driver_timer.o
                0x0000000000003742                timer_clock_enable
 .text.timer_get
                0x0000000000003824      0x102 ./libraries/zf_driver/zf_driver_timer.o
                0x0000000000003824                timer_get
 .text.timer_clear
                0x0000000000003926       0xc4 ./libraries/zf_driver/zf_driver_timer.o
                0x0000000000003926                timer_clear
 .text.uart_write_byte
                0x00000000000039ea       0x56 ./libraries/zf_driver/zf_driver_uart.o
                0x00000000000039ea                uart_write_byte
 .text.uart_write_buffer
                0x0000000000003a40       0x64 ./libraries/zf_driver/zf_driver_uart.o
                0x0000000000003a40                uart_write_buffer
 .text.uart_write_string
                0x0000000000003aa4       0x60 ./libraries/zf_driver/zf_driver_uart.o
                0x0000000000003aa4                uart_write_string
 .text.uart_rx_interrupt
                0x0000000000003b04       0x84 ./libraries/zf_driver/zf_driver_uart.o
                0x0000000000003b04                uart_rx_interrupt
 .text.uart_query_byte
                0x0000000000003b88       0x5e ./libraries/zf_driver/zf_driver_uart.o
                0x0000000000003b88                uart_query_byte
 .text.uart_init
                0x0000000000003be6      0x5aa ./libraries/zf_driver/zf_driver_uart.o
                0x0000000000003be6                uart_init
 .text.bluetooth_ch9141_send_buffer
                0x0000000000004190       0xb8 ./libraries/zf_device/zf_device_bluetooth_ch9141.o
                0x0000000000004190                bluetooth_ch9141_send_buffer
 .text.bluetooth_ch9141_read_buffer
                0x0000000000004248       0x5c ./libraries/zf_device/zf_device_bluetooth_ch9141.o
                0x0000000000004248                bluetooth_ch9141_read_buffer
 .text.dm1xa_sound_callback
                0x00000000000042a4       0xf6 ./libraries/zf_device/zf_device_dm1xa.o
                0x00000000000042a4                dm1xa_sound_callback
 .text.dm1xa_light_callback
                0x000000000000439a       0x32 ./libraries/zf_device/zf_device_dm1xa.o
                0x000000000000439a                dm1xa_light_callback
 .text.gnss_uart_callback
                0x00000000000043cc      0x18c ./libraries/zf_device/zf_device_gnss.o
                0x00000000000043cc                gnss_uart_callback
 .text.ips114_write_index
                0x0000000000004558       0x40 ./libraries/zf_device/zf_device_ips114.o
 .text.ips114_set_region
                0x0000000000004598      0x272 ./libraries/zf_device/zf_device_ips114.o
 .text.ips114_debug_init
                0x000000000000480a       0x86 ./libraries/zf_device/zf_device_ips114.o
 .text.ips114_clear
                0x0000000000004890      0x126 ./libraries/zf_device/zf_device_ips114.o
                0x0000000000004890                ips114_clear
 .text.ips114_set_dir
                0x00000000000049b6       0x4c ./libraries/zf_device/zf_device_ips114.o
                0x00000000000049b6                ips114_set_dir
 .text.ips114_set_color
                0x0000000000004a02       0x34 ./libraries/zf_device/zf_device_ips114.o
                0x0000000000004a02                ips114_set_color
 .text.ips114_show_char
                0x0000000000004a36      0x322 ./libraries/zf_device/zf_device_ips114.o
                0x0000000000004a36                ips114_show_char
 .text.ips114_show_string
                0x0000000000004d58      0x110 ./libraries/zf_device/zf_device_ips114.o
                0x0000000000004d58                ips114_show_string
 .text.ips114_init
                0x0000000000004e68      0x342 ./libraries/zf_device/zf_device_ips114.o
                0x0000000000004e68                ips114_init
 .text.key_scanner
                0x00000000000051aa      0x124 ./libraries/zf_device/zf_device_key.o
                0x00000000000051aa                key_scanner
 .text.key_get_state
                0x00000000000052ce       0x24 ./libraries/zf_device/zf_device_key.o
                0x00000000000052ce                key_get_state
 .text.key_init
                0x00000000000052f2       0x8c ./libraries/zf_device/zf_device_key.o
                0x00000000000052f2                key_init
 .text.mt9v03x_set_config
                0x000000000000537e      0x132 ./libraries/zf_device/zf_device_mt9v03x_dvp.o
 .text.mt9v03x_get_config
                0x00000000000054b0      0x176 ./libraries/zf_device/zf_device_mt9v03x_dvp.o
 .text.mt9v03x_uart_check_id
                0x0000000000005626       0xda ./libraries/zf_device/zf_device_mt9v03x_dvp.o
 .text.mt9v03x_uart_handler
                0x0000000000005700       0x4e ./libraries/zf_device/zf_device_mt9v03x_dvp.o
 .text.mt9v03x_dvp_handler
                0x000000000000574e       0x14 ./libraries/zf_device/zf_device_mt9v03x_dvp.o
                0x000000000000574e                mt9v03x_dvp_handler
 .text.mt9v03x_get_version
                0x0000000000005762       0xb0 ./libraries/zf_device/zf_device_mt9v03x_dvp.o
                0x0000000000005762                mt9v03x_get_version
 .text.mt9v03x_sccb_init
                0x0000000000005812       0xc2 ./libraries/zf_device/zf_device_mt9v03x_dvp.o
                0x0000000000005812                mt9v03x_sccb_init
 .text.mt9v03x_uart_init
                0x00000000000058d4      0x2ae ./libraries/zf_device/zf_device_mt9v03x_dvp.o
                0x00000000000058d4                mt9v03x_uart_init
 .text.mt9v03x_init
                0x0000000000005b82       0xa8 ./libraries/zf_device/zf_device_mt9v03x_dvp.o
                0x0000000000005b82                mt9v03x_init
 .text.type_default_callback
                0x0000000000005c2a        0xe ./libraries/zf_device/zf_device_type.o
 .text.set_camera_type
                0x0000000000005c38       0x52 ./libraries/zf_device/zf_device_type.o
                0x0000000000005c38                set_camera_type
 .text.wifi_spi_wait_idle
                0x0000000000005c8a       0x6c ./libraries/zf_device/zf_device_wifi_spi.o
 .text.wifi_spi_write
                0x0000000000005cf6       0x70 ./libraries/zf_device/zf_device_wifi_spi.o
 .text.wifi_spi_transfer_command
                0x0000000000005d66       0x6e ./libraries/zf_device/zf_device_wifi_spi.o
 .text.wifi_spi_transfer_data
                0x0000000000005dd4       0xd4 ./libraries/zf_device/zf_device_wifi_spi.o
 .text.wifi_spi_set_parameter
                0x0000000000005ea8       0xa8 ./libraries/zf_device/zf_device_wifi_spi.o
 .text.wifi_spi_get_parameter
                0x0000000000005f50       0x8c ./libraries/zf_device/zf_device_wifi_spi.o
 .text.wifi_spi_get_version
                0x0000000000005fdc       0x5c ./libraries/zf_device/zf_device_wifi_spi.o
 .text.wifi_spi_get_mac_addr
                0x0000000000006038       0x5c ./libraries/zf_device/zf_device_wifi_spi.o
 .text.wifi_spi_get_ip_addr_port
                0x0000000000006094       0x5c ./libraries/zf_device/zf_device_wifi_spi.o
 .text.wifi_spi_wifi_connect
                0x00000000000060f0       0x7e ./libraries/zf_device/zf_device_wifi_spi.o
                0x00000000000060f0                wifi_spi_wifi_connect
 .text.wifi_spi_socket_connect
                0x000000000000616e       0x6a ./libraries/zf_device/zf_device_wifi_spi.o
                0x000000000000616e                wifi_spi_socket_connect
 .text.wifi_spi_send_buffer
                0x00000000000061d8      0x138 ./libraries/zf_device/zf_device_wifi_spi.o
                0x00000000000061d8                wifi_spi_send_buffer
 .text.wifi_spi_read_buffer
                0x0000000000006310       0xda ./libraries/zf_device/zf_device_wifi_spi.o
                0x0000000000006310                wifi_spi_read_buffer
 .text.get_mcu_version
                0x00000000000063ea       0x58 ./libraries/zf_device/zf_device_wifi_spi.o
 .text.wifi_spi_init
                0x0000000000006442      0x140 ./libraries/zf_device/zf_device_wifi_spi.o
                0x0000000000006442                wifi_spi_init
 .text.wifi_uart_wait_ack
                0x0000000000006582       0xc6 ./libraries/zf_device/zf_device_wifi_uart.o
 .text.wifi_uart_clear_receive_buffer
                0x0000000000006648       0x1e ./libraries/zf_device/zf_device_wifi_uart.o
 .text.wifi_uart_send_buffer
                0x0000000000006666      0x18c ./libraries/zf_device/zf_device_wifi_uart.o
                0x0000000000006666                wifi_uart_send_buffer
 .text.wifi_uart_read_buffer
                0x00000000000067f2       0x5c ./libraries/zf_device/zf_device_wifi_uart.o
                0x00000000000067f2                wifi_uart_read_buffer
 .text.wireless_uart_send_buffer
                0x000000000000684e       0xb8 ./libraries/zf_device/zf_device_wireless_uart.o
                0x000000000000684e                wireless_uart_send_buffer
 .text.wireless_uart_read_buffer
                0x0000000000006906       0x5c ./libraries/zf_device/zf_device_wireless_uart.o
                0x0000000000006906                wireless_uart_read_buffer
 .text.seekfree_assistant_camera_data_send
                0x0000000000006962      0x116 ./libraries/zf_components/seekfree_assistant.o
                0x0000000000006962                seekfree_assistant_camera_data_send
 .text.seekfree_assistant_camera_dot_send
                0x0000000000006a78       0xc0 ./libraries/zf_components/seekfree_assistant.o
                0x0000000000006a78                seekfree_assistant_camera_dot_send
 .text.seekfree_assistant_camera_information_config
                0x0000000000006b38       0x7a ./libraries/zf_components/seekfree_assistant.o
                0x0000000000006b38                seekfree_assistant_camera_information_config
 .text.seekfree_assistant_camera_send
                0x0000000000006bb2       0x8c ./libraries/zf_components/seekfree_assistant.o
                0x0000000000006bb2                seekfree_assistant_camera_send
 .text.seekfree_assistant_transfer
                0x0000000000006c3e       0x1a ./libraries/zf_components/seekfree_assistant_interface.o
                0x0000000000006c3e                seekfree_assistant_transfer
 .text.seekfree_assistant_receive
                0x0000000000006c58       0x18 ./libraries/zf_components/seekfree_assistant_interface.o
                0x0000000000006c58                seekfree_assistant_receive
 .text.seekfree_assistant_interface_init
                0x0000000000006c70       0xb4 ./libraries/zf_components/seekfree_assistant_interface.o
                0x0000000000006c70                seekfree_assistant_interface_init
 .text.clock_reset
                0x0000000000006d24       0x76 ./libraries/zf_common/zf_common_clock.o
                0x0000000000006d24                clock_reset
 .text.clock_set_freq
                0x0000000000006d9a      0x1e0 ./libraries/zf_common/zf_common_clock.o
                0x0000000000006d9a                clock_set_freq
 .text.clock_init
                0x0000000000006f7a       0x2e ./libraries/zf_common/zf_common_clock.o
                0x0000000000006f7a                clock_init
 .text.__NOP    0x0000000000006fa8       0x10 ./libraries/zf_common/zf_common_debug.o
 .text.debug_delay
                0x0000000000006fb8       0x54 ./libraries/zf_common/zf_common_debug.o
 .text.debug_protective_handler
                0x000000000000700c        0xe ./libraries/zf_common/zf_common_debug.o
 .text.debug_uart_str_output
                0x000000000000701a       0x20 ./libraries/zf_common/zf_common_debug.o
 .text.debug_output
                0x000000000000703a      0x564 ./libraries/zf_common/zf_common_debug.o
 .text.debug_send_buffer
                0x000000000000759e       0x2a ./libraries/zf_common/zf_common_debug.o
                0x000000000000759e                debug_send_buffer
 .text.debug_read_ring_buffer
                0x00000000000075c8       0x36 ./libraries/zf_common/zf_common_debug.o
                0x00000000000075c8                debug_read_ring_buffer
 .text.debug_interrupr_handler
                0x00000000000075fe       0x38 ./libraries/zf_common/zf_common_debug.o
                0x00000000000075fe                debug_interrupr_handler
 .text._write   0x0000000000007636       0x7c ./libraries/zf_common/zf_common_debug.o
                0x0000000000007636                _write
 .text.debug_assert_handler
                0x00000000000076b2       0x68 ./libraries/zf_common/zf_common_debug.o
                0x00000000000076b2                debug_assert_handler
 .text.debug_log_handler
                0x000000000000771a       0x4e ./libraries/zf_common/zf_common_debug.o
                0x000000000000771a                debug_log_handler
 .text.debug_output_struct_init
                0x0000000000007768       0x5a ./libraries/zf_common/zf_common_debug.o
                0x0000000000007768                debug_output_struct_init
 .text.debug_output_init
                0x00000000000077c2       0xa8 ./libraries/zf_common/zf_common_debug.o
                0x00000000000077c2                debug_output_init
 .text.debug_init
                0x000000000000786a       0x6c ./libraries/zf_common/zf_common_debug.o
                0x000000000000786a                debug_init
 .text.fifo_head_offset
                0x00000000000078d6      0x184 ./libraries/zf_common/zf_common_fifo.o
 .text.fifo_end_offset
                0x0000000000007a5a      0x184 ./libraries/zf_common/zf_common_fifo.o
 .text.fifo_clear
                0x0000000000007bde      0x24a ./libraries/zf_common/zf_common_fifo.o
                0x0000000000007bde                fifo_clear
 .text.fifo_used
                0x0000000000007e28       0x7a ./libraries/zf_common/zf_common_fifo.o
                0x0000000000007e28                fifo_used
 .text.fifo_write_element
                0x0000000000007ea2      0x260 ./libraries/zf_common/zf_common_fifo.o
                0x0000000000007ea2                fifo_write_element
 .text.fifo_write_buffer
                0x0000000000008102      0x5ea ./libraries/zf_common/zf_common_fifo.o
                0x0000000000008102                fifo_write_buffer
 .text.fifo_read_buffer
                0x00000000000086ec      0x5a4 ./libraries/zf_common/zf_common_fifo.o
                0x00000000000086ec                fifo_read_buffer
 .text.fifo_read_tail_buffer
                0x0000000000008c90      0x606 ./libraries/zf_common/zf_common_fifo.o
                0x0000000000008c90                fifo_read_tail_buffer
 .text.fifo_init
                0x0000000000009296      0x248 ./libraries/zf_common/zf_common_fifo.o
                0x0000000000009296                fifo_init
 .text.func_int_to_str
                0x00000000000094de      0x116 ./libraries/zf_common/zf_common_function.o
                0x00000000000094de                func_int_to_str
 .text.__enable_irq
                0x00000000000095f4       0x18 ./libraries/zf_common/zf_common_interrupt.o
 .text.__disable_irq
                0x000000000000960c       0x14 ./libraries/zf_common/zf_common_interrupt.o
 .text.NVIC_EnableIRQ
                0x0000000000009620       0x32 ./libraries/zf_common/zf_common_interrupt.o
 .text.NVIC_DisableIRQ
                0x0000000000009652       0x32 ./libraries/zf_common/zf_common_interrupt.o
 .text.NVIC_SetPriority
                0x0000000000009684       0x2a ./libraries/zf_common/zf_common_interrupt.o
 .text.interrupt_enable
                0x00000000000096ae       0x1e ./libraries/zf_common/zf_common_interrupt.o
                0x00000000000096ae                interrupt_enable
 .text.interrupt_disable
                0x00000000000096cc       0x1e ./libraries/zf_common/zf_common_interrupt.o
                0x00000000000096cc                interrupt_disable
 .text.interrupt_set_priority
                0x00000000000096ea       0x2a ./libraries/zf_common/zf_common_interrupt.o
                0x00000000000096ea                interrupt_set_priority
 .text.interrupt_global_enable
                0x0000000000009714       0x32 ./libraries/zf_common/zf_common_interrupt.o
                0x0000000000009714                interrupt_global_enable
 .text.interrupt_global_disable
                0x0000000000009746       0x2c ./libraries/zf_common/zf_common_interrupt.o
                0x0000000000009746                interrupt_global_disable
 .text.interrupt_init
                0x0000000000009772       0x18 ./libraries/zf_common/zf_common_interrupt.o
                0x0000000000009772                interrupt_init
 .text.vector_handler
                0x000000000000978a       0xbe ./libraries/sdk/Startup/startup_ch32v30x_D8C.o
                0x000000000000978e                Ecall_M_Mode_Handler
                0x0000000000009790                Ecall_U_Mode_Handler
                0x0000000000009792                Break_Point_Handler
                0x0000000000009794                SysTick_Handler
                0x0000000000009796                SW_Handler
                0x0000000000009798                WWDG_IRQHandler
                0x000000000000979a                PVD_IRQHandler
                0x000000000000979c                TAMPER_IRQHandler
                0x000000000000979e                RTC_IRQHandler
                0x00000000000097a0                FLASH_IRQHandler
                0x00000000000097a2                RCC_IRQHandler
                0x00000000000097ae                DMA1_Channel1_IRQHandler
                0x00000000000097b0                DMA1_Channel2_IRQHandler
                0x00000000000097b2                DMA1_Channel3_IRQHandler
                0x00000000000097b4                DMA1_Channel4_IRQHandler
                0x00000000000097b6                DMA1_Channel5_IRQHandler
                0x00000000000097b8                DMA1_Channel6_IRQHandler
                0x00000000000097ba                DMA1_Channel7_IRQHandler
                0x00000000000097bc                ADC1_2_IRQHandler
                0x00000000000097be                USB_HP_CAN1_TX_IRQHandler
                0x00000000000097c0                USB_LP_CAN1_RX0_IRQHandler
                0x00000000000097c2                CAN1_RX1_IRQHandler
                0x00000000000097c4                CAN1_SCE_IRQHandler
                0x00000000000097c8                TIM1_BRK_IRQHandler
                0x00000000000097cc                TIM1_TRG_COM_IRQHandler
                0x00000000000097ce                TIM1_CC_IRQHandler
                0x00000000000097d6                I2C1_EV_IRQHandler
                0x00000000000097d8                I2C1_ER_IRQHandler
                0x00000000000097da                I2C2_EV_IRQHandler
                0x00000000000097dc                I2C2_ER_IRQHandler
                0x00000000000097de                SPI1_IRQHandler
                0x00000000000097e0                SPI2_IRQHandler
                0x00000000000097ea                RTCAlarm_IRQHandler
                0x00000000000097ec                USBWakeUp_IRQHandler
                0x00000000000097ee                TIM8_BRK_IRQHandler
                0x00000000000097f2                TIM8_TRG_COM_IRQHandler
                0x00000000000097f4                TIM8_CC_IRQHandler
                0x00000000000097f6                RNG_IRQHandler
                0x00000000000097f8                FSMC_IRQHandler
                0x00000000000097fa                SDIO_IRQHandler
                0x00000000000097fe                SPI3_IRQHandler
                0x0000000000009808                DMA2_Channel1_IRQHandler
                0x000000000000980a                DMA2_Channel2_IRQHandler
                0x000000000000980c                DMA2_Channel3_IRQHandler
                0x000000000000980e                DMA2_Channel4_IRQHandler
                0x0000000000009810                DMA2_Channel5_IRQHandler
                0x0000000000009812                ETH_IRQHandler
                0x0000000000009814                ETH_WKUP_IRQHandler
                0x0000000000009816                CAN2_TX_IRQHandler
                0x0000000000009818                CAN2_RX0_IRQHandler
                0x000000000000981a                CAN2_RX1_IRQHandler
                0x000000000000981c                CAN2_SCE_IRQHandler
                0x0000000000009820                USBHSWakeup_IRQHandler
                0x0000000000009822                USBHS_IRQHandler
                0x000000000000982c                TIM9_BRK_IRQHandler
                0x0000000000009830                TIM9_TRG_COM_IRQHandler
                0x0000000000009832                TIM9_CC_IRQHandler
                0x0000000000009834                TIM10_BRK_IRQHandler
                0x0000000000009838                TIM10_TRG_COM_IRQHandler
                0x000000000000983a                TIM10_CC_IRQHandler
                0x000000000000983c                DMA2_Channel6_IRQHandler
                0x000000000000983e                DMA2_Channel7_IRQHandler
                0x0000000000009840                DMA2_Channel8_IRQHandler
                0x0000000000009842                DMA2_Channel9_IRQHandler
                0x0000000000009844                DMA2_Channel10_IRQHandler
                0x0000000000009846                DMA2_Channel11_IRQHandler
 .text.handle_reset
                0x0000000000009848       0x8a ./libraries/sdk/Startup/startup_ch32v30x_D8C.o
                0x0000000000009848                handle_reset
 .text.EXTI_GetITStatus
                0x00000000000098d2       0x56 ./libraries/sdk/Peripheral/ch32v30x_exti.o
                0x00000000000098d2                EXTI_GetITStatus
 .text.EXTI_ClearITPendingBit
                0x0000000000009928       0x20 ./libraries/sdk/Peripheral/ch32v30x_exti.o
                0x0000000000009928                EXTI_ClearITPendingBit
 .text.GPIO_Init
                0x0000000000009948      0x22a ./libraries/sdk/Peripheral/ch32v30x_gpio.o
                0x0000000000009948                GPIO_Init
 .text.GPIO_WriteBit
                0x0000000000009b72       0x38 ./libraries/sdk/Peripheral/ch32v30x_gpio.o
                0x0000000000009b72                GPIO_WriteBit
 .text.GPIO_PinRemapConfig
                0x0000000000009baa      0x1c8 ./libraries/sdk/Peripheral/ch32v30x_gpio.o
                0x0000000000009baa                GPIO_PinRemapConfig
 .text.RCC_GetClocksFreq
                0x0000000000009d72      0x2c6 ./libraries/sdk/Peripheral/ch32v30x_rcc.o
                0x0000000000009d72                RCC_GetClocksFreq
 .text.RCC_AHBPeriphClockCmd
                0x000000000000a038       0x46 ./libraries/sdk/Peripheral/ch32v30x_rcc.o
                0x000000000000a038                RCC_AHBPeriphClockCmd
 .text.RCC_APB2PeriphClockCmd
                0x000000000000a07e       0x46 ./libraries/sdk/Peripheral/ch32v30x_rcc.o
                0x000000000000a07e                RCC_APB2PeriphClockCmd
 .text.RCC_APB1PeriphClockCmd
                0x000000000000a0c4       0x46 ./libraries/sdk/Peripheral/ch32v30x_rcc.o
                0x000000000000a0c4                RCC_APB1PeriphClockCmd
 .text.RCC_APB2PeriphResetCmd
                0x000000000000a10a       0x46 ./libraries/sdk/Peripheral/ch32v30x_rcc.o
                0x000000000000a10a                RCC_APB2PeriphResetCmd
 .text.RCC_APB1PeriphResetCmd
                0x000000000000a150       0x46 ./libraries/sdk/Peripheral/ch32v30x_rcc.o
                0x000000000000a150                RCC_APB1PeriphResetCmd
 .text.SPI_I2S_DeInit
                0x000000000000a196       0x76 ./libraries/sdk/Peripheral/ch32v30x_spi.o
                0x000000000000a196                SPI_I2S_DeInit
 .text.SPI_Init
                0x000000000000a20c       0xf8 ./libraries/sdk/Peripheral/ch32v30x_spi.o
                0x000000000000a20c                SPI_Init
 .text.SPI_Cmd  0x000000000000a304       0x5a ./libraries/sdk/Peripheral/ch32v30x_spi.o
                0x000000000000a304                SPI_Cmd
 .text.TIM_TimeBaseInit
                0x000000000000a35e      0x17e ./libraries/sdk/Peripheral/ch32v30x_tim.o
                0x000000000000a35e                TIM_TimeBaseInit
 .text.TIM_OC1Init
                0x000000000000a4dc      0x19c ./libraries/sdk/Peripheral/ch32v30x_tim.o
                0x000000000000a4dc                TIM_OC1Init
 .text.TIM_OC2Init
                0x000000000000a678      0x1e2 ./libraries/sdk/Peripheral/ch32v30x_tim.o
                0x000000000000a678                TIM_OC2Init
 .text.TIM_OC3Init
                0x000000000000a85a      0x1dc ./libraries/sdk/Peripheral/ch32v30x_tim.o
                0x000000000000a85a                TIM_OC3Init
 .text.TIM_OC4Init
                0x000000000000aa36      0x176 ./libraries/sdk/Peripheral/ch32v30x_tim.o
                0x000000000000aa36                TIM_OC4Init
 .text.TIM_Cmd  0x000000000000abac       0x58 ./libraries/sdk/Peripheral/ch32v30x_tim.o
                0x000000000000abac                TIM_Cmd
 .text.TIM_CtrlPWMOutputs
                0x000000000000ac04       0x60 ./libraries/sdk/Peripheral/ch32v30x_tim.o
                0x000000000000ac04                TIM_CtrlPWMOutputs
 .text.TIM_ITConfig
                0x000000000000ac64       0x70 ./libraries/sdk/Peripheral/ch32v30x_tim.o
                0x000000000000ac64                TIM_ITConfig
 .text.TIM_OC1PreloadConfig
                0x000000000000acd4       0x4c ./libraries/sdk/Peripheral/ch32v30x_tim.o
                0x000000000000acd4                TIM_OC1PreloadConfig
 .text.TIM_OC2PreloadConfig
                0x000000000000ad20       0x5a ./libraries/sdk/Peripheral/ch32v30x_tim.o
                0x000000000000ad20                TIM_OC2PreloadConfig
 .text.TIM_OC3PreloadConfig
                0x000000000000ad7a       0x4c ./libraries/sdk/Peripheral/ch32v30x_tim.o
                0x000000000000ad7a                TIM_OC3PreloadConfig
 .text.TIM_OC4PreloadConfig
                0x000000000000adc6       0x5a ./libraries/sdk/Peripheral/ch32v30x_tim.o
                0x000000000000adc6                TIM_OC4PreloadConfig
 .text.TIM_OC1FastConfig
                0x000000000000ae20       0x4c ./libraries/sdk/Peripheral/ch32v30x_tim.o
                0x000000000000ae20                TIM_OC1FastConfig
 .text.TIM_OC2FastConfig
                0x000000000000ae6c       0x56 ./libraries/sdk/Peripheral/ch32v30x_tim.o
                0x000000000000ae6c                TIM_OC2FastConfig
 .text.TIM_OC3FastConfig
                0x000000000000aec2       0x4c ./libraries/sdk/Peripheral/ch32v30x_tim.o
                0x000000000000aec2                TIM_OC3FastConfig
 .text.TIM_OC4FastConfig
                0x000000000000af0e       0x56 ./libraries/sdk/Peripheral/ch32v30x_tim.o
                0x000000000000af0e                TIM_OC4FastConfig
 .text.TIM_GetITStatus
                0x000000000000af64       0x70 ./libraries/sdk/Peripheral/ch32v30x_tim.o
                0x000000000000af64                TIM_GetITStatus
 .text.TIM_ClearITPendingBit
                0x000000000000afd4       0x2e ./libraries/sdk/Peripheral/ch32v30x_tim.o
                0x000000000000afd4                TIM_ClearITPendingBit
 .text.USART_Init
                0x000000000000b002      0x234 ./libraries/sdk/Peripheral/ch32v30x_usart.o
                0x000000000000b002                USART_Init
 .text.USART_Cmd
                0x000000000000b236       0x60 ./libraries/sdk/Peripheral/ch32v30x_usart.o
                0x000000000000b236                USART_Cmd
 .text.USART_ITConfig
                0x000000000000b296       0xc4 ./libraries/sdk/Peripheral/ch32v30x_usart.o
                0x000000000000b296                USART_ITConfig
 .text.USART_SendData
                0x000000000000b35a       0x2e ./libraries/sdk/Peripheral/ch32v30x_usart.o
                0x000000000000b35a                USART_SendData
 .text.USART_GetFlagStatus
                0x000000000000b388       0x46 ./libraries/sdk/Peripheral/ch32v30x_usart.o
                0x000000000000b388                USART_GetFlagStatus
 .text.USART_GetITStatus
                0x000000000000b3ce      0x102 ./libraries/sdk/Peripheral/ch32v30x_usart.o
                0x000000000000b3ce                USART_GetITStatus
 .text.USART_ClearITPendingBit
                0x000000000000b4d0       0x4e ./libraries/sdk/Peripheral/ch32v30x_usart.o
                0x000000000000b4d0                USART_ClearITPendingBit
 .text.DevEP1_IN_Deal
                0x000000000000b51e       0x3e ./libraries/sdk/Peripheral/ch32v30x_usbotg_device.o
                0x000000000000b51e                DevEP1_IN_Deal
 .text.DevEP2_IN_Deal
                0x000000000000b55c       0x3e ./libraries/sdk/Peripheral/ch32v30x_usbotg_device.o
                0x000000000000b55c                DevEP2_IN_Deal
 .text.DevEP1_OUT_Deal
                0x000000000000b59a       0x66 ./libraries/sdk/Peripheral/ch32v30x_usbotg_device.o
                0x000000000000b59a                DevEP1_OUT_Deal
 .text.DevEP2_OUT_Deal
                0x000000000000b600       0x66 ./libraries/sdk/Peripheral/ch32v30x_usbotg_device.o
                0x000000000000b600                DevEP2_OUT_Deal
 .text.OTG_FS_IRQHandler
                0x000000000000b666      0xd16 ./libraries/sdk/Peripheral/ch32v30x_usbotg_device.o
                0x000000000000b666                OTG_FS_IRQHandler
 .text.my_adapt_threshold
                0x000000000000c37c      0x3be ./CODE/img.o
                0x000000000000c37c                my_adapt_threshold
 .text.pow      0x000000000000c73a      0x324 d:/mounriver/mounriver_studio/toolchain/risc-v embedded gcc/bin/../lib/gcc/riscv-none-embed/8.2.0/../../../../riscv-none-embed/lib/rv32imafc/ilp32f\libm.a(lib_a-w_pow.o)
                0x000000000000c73a                pow
 .text.__ieee754_pow
                0x000000000000ca5e      0xad6 d:/mounriver/mounriver_studio/toolchain/risc-v embedded gcc/bin/../lib/gcc/riscv-none-embed/8.2.0/../../../../riscv-none-embed/lib/rv32imafc/ilp32f\libm.a(lib_a-e_pow.o)
                0x000000000000ca5e                __ieee754_pow
 .text.__ieee754_sqrt
                0x000000000000d534      0x1d6 d:/mounriver/mounriver_studio/toolchain/risc-v embedded gcc/bin/../lib/gcc/riscv-none-embed/8.2.0/../../../../riscv-none-embed/lib/rv32imafc/ilp32f\libm.a(lib_a-e_sqrt.o)
                0x000000000000d534                __ieee754_sqrt
 .text.fabs     0x000000000000d70a        0x6 d:/mounriver/mounriver_studio/toolchain/risc-v embedded gcc/bin/../lib/gcc/riscv-none-embed/8.2.0/../../../../riscv-none-embed/lib/rv32imafc/ilp32f\libm.a(lib_a-s_fabs.o)
                0x000000000000d70a                fabs
 .text.finite   0x000000000000d710        0xe d:/mounriver/mounriver_studio/toolchain/risc-v embedded gcc/bin/../lib/gcc/riscv-none-embed/8.2.0/../../../../riscv-none-embed/lib/rv32imafc/ilp32f\libm.a(lib_a-s_finite.o)
                0x000000000000d710                finite
 .text.matherr  0x000000000000d71e        0x4 d:/mounriver/mounriver_studio/toolchain/risc-v embedded gcc/bin/../lib/gcc/riscv-none-embed/8.2.0/../../../../riscv-none-embed/lib/rv32imafc/ilp32f\libm.a(lib_a-s_matherr.o)
                0x000000000000d71e                matherr
 .text.nan      0x000000000000d722        0xe d:/mounriver/mounriver_studio/toolchain/risc-v embedded gcc/bin/../lib/gcc/riscv-none-embed/8.2.0/../../../../riscv-none-embed/lib/rv32imafc/ilp32f\libm.a(lib_a-s_nan.o)
                0x000000000000d722                nan
 .text.rint     0x000000000000d730      0x18c d:/mounriver/mounriver_studio/toolchain/risc-v embedded gcc/bin/../lib/gcc/riscv-none-embed/8.2.0/../../../../riscv-none-embed/lib/rv32imafc/ilp32f\libm.a(lib_a-s_rint.o)
                0x000000000000d730                rint
 .text.scalbn   0x000000000000d8bc      0x140 d:/mounriver/mounriver_studio/toolchain/risc-v embedded gcc/bin/../lib/gcc/riscv-none-embed/8.2.0/../../../../riscv-none-embed/lib/rv32imafc/ilp32f\libm.a(lib_a-s_scalbn.o)
                0x000000000000d8bc                scalbn
 .text.copysign
                0x000000000000d9fc       0x16 d:/mounriver/mounriver_studio/toolchain/risc-v embedded gcc/bin/../lib/gcc/riscv-none-embed/8.2.0/../../../../riscv-none-embed/lib/rv32imafc/ilp32f\libm.a(lib_a-s_copysign.o)
                0x000000000000d9fc                copysign
 .text.mt9v03x_write_and_check_word_sccb
                0x000000000000da12       0x92 C:\Users\admin\Desktop\my_mt9v03x_demo\mrs\libraries\zf_device\libzf_device_config.a(zf_device_config.o)
 .text.mt9v03x_write_word_sccb
                0x000000000000daa4       0x34 C:\Users\admin\Desktop\my_mt9v03x_demo\mrs\libraries\zf_device\libzf_device_config.a(zf_device_config.o)
 .text.mt9v03x_read_word_sccb.constprop.0
                0x000000000000dad8       0x36 C:\Users\admin\Desktop\my_mt9v03x_demo\mrs\libraries\zf_device\libzf_device_config.a(zf_device_config.o)
 .text.mt9v03x_sccb_check_id
                0x000000000000db0e       0x5e C:\Users\admin\Desktop\my_mt9v03x_demo\mrs\libraries\zf_device\libzf_device_config.a(zf_device_config.o)
                0x000000000000db0e                mt9v03x_sccb_check_id
 .text.mt9v03x_sccb_set_config
                0x000000000000db6c      0x5a2 C:\Users\admin\Desktop\my_mt9v03x_demo\mrs\libraries\zf_device\libzf_device_config.a(zf_device_config.o)
                0x000000000000db6c                mt9v03x_sccb_set_config
 .text.__adddf3
                0x000000000000e10e      0xa0e d:/mounriver/mounriver_studio/toolchain/risc-v embedded gcc/bin/../lib/gcc/riscv-none-embed/8.2.0/rv32imafc/ilp32f\libgcc.a(adddf3.o)
                0x000000000000e10e                __adddf3
 .text.__divdf3
                0x000000000000eb1c      0x7ea d:/mounriver/mounriver_studio/toolchain/risc-v embedded gcc/bin/../lib/gcc/riscv-none-embed/8.2.0/rv32imafc/ilp32f\libgcc.a(divdf3.o)
                0x000000000000eb1c                __divdf3
 .text.__eqdf2  0x000000000000f306       0x98 d:/mounriver/mounriver_studio/toolchain/risc-v embedded gcc/bin/../lib/gcc/riscv-none-embed/8.2.0/rv32imafc/ilp32f\libgcc.a(eqdf2.o)
                0x000000000000f306                __nedf2
                0x000000000000f306                __eqdf2
 .text.__gedf2  0x000000000000f39e       0xb6 d:/mounriver/mounriver_studio/toolchain/risc-v embedded gcc/bin/../lib/gcc/riscv-none-embed/8.2.0/rv32imafc/ilp32f\libgcc.a(gedf2.o)
                0x000000000000f39e                __gedf2
                0x000000000000f39e                __gtdf2
 .text.__ledf2  0x000000000000f454       0xb6 d:/mounriver/mounriver_studio/toolchain/risc-v embedded gcc/bin/../lib/gcc/riscv-none-embed/8.2.0/rv32imafc/ilp32f\libgcc.a(ledf2.o)
                0x000000000000f454                __ledf2
                0x000000000000f454                __ltdf2
 .text.__muldf3
                0x000000000000f50a      0x656 d:/mounriver/mounriver_studio/toolchain/risc-v embedded gcc/bin/../lib/gcc/riscv-none-embed/8.2.0/rv32imafc/ilp32f\libgcc.a(muldf3.o)
                0x000000000000f50a                __muldf3
 .text.__subdf3
                0x000000000000fb60      0xa8c d:/mounriver/mounriver_studio/toolchain/risc-v embedded gcc/bin/../lib/gcc/riscv-none-embed/8.2.0/rv32imafc/ilp32f\libgcc.a(subdf3.o)
                0x000000000000fb60                __subdf3
 .text.__unorddf2
                0x00000000000105ec       0x7c d:/mounriver/mounriver_studio/toolchain/risc-v embedded gcc/bin/../lib/gcc/riscv-none-embed/8.2.0/rv32imafc/ilp32f\libgcc.a(unorddf2.o)
                0x00000000000105ec                __unorddf2
 .text.__fixdfsi
                0x0000000000010668       0xd8 d:/mounriver/mounriver_studio/toolchain/risc-v embedded gcc/bin/../lib/gcc/riscv-none-embed/8.2.0/rv32imafc/ilp32f\libgcc.a(fixdfsi.o)
                0x0000000000010668                __fixdfsi
 .text.__fixunsdfsi
                0x0000000000010740       0x9e d:/mounriver/mounriver_studio/toolchain/risc-v embedded gcc/bin/../lib/gcc/riscv-none-embed/8.2.0/rv32imafc/ilp32f\libgcc.a(fixunsdfsi.o)
                0x0000000000010740                __fixunsdfsi
 .text.__floatsidf
                0x00000000000107de       0x70 d:/mounriver/mounriver_studio/toolchain/risc-v embedded gcc/bin/../lib/gcc/riscv-none-embed/8.2.0/rv32imafc/ilp32f\libgcc.a(floatsidf.o)
                0x00000000000107de                __floatsidf
 .text.__floatunsidf
                0x000000000001084e       0x66 d:/mounriver/mounriver_studio/toolchain/risc-v embedded gcc/bin/../lib/gcc/riscv-none-embed/8.2.0/rv32imafc/ilp32f\libgcc.a(floatunsidf.o)
                0x000000000001084e                __floatunsidf
 .text.__extendsfdf2
                0x00000000000108b4       0xe8 d:/mounriver/mounriver_studio/toolchain/risc-v embedded gcc/bin/../lib/gcc/riscv-none-embed/8.2.0/rv32imafc/ilp32f\libgcc.a(extendsfdf2.o)
                0x00000000000108b4                __extendsfdf2
 .text.__truncdfsf2
                0x000000000001099c      0x31e d:/mounriver/mounriver_studio/toolchain/risc-v embedded gcc/bin/../lib/gcc/riscv-none-embed/8.2.0/rv32imafc/ilp32f\libgcc.a(truncdfsf2.o)
                0x000000000001099c                __truncdfsf2
 .text.__clzsi2
                0x0000000000010cba       0x76 d:/mounriver/mounriver_studio/toolchain/risc-v embedded gcc/bin/../lib/gcc/riscv-none-embed/8.2.0/rv32imafc/ilp32f\libgcc.a(_clzsi2.o)
                0x0000000000010cba                __clzsi2
 .text.__errno  0x0000000000010d30        0x8 d:/mounriver/mounriver_studio/toolchain/risc-v embedded gcc/bin/../lib/gcc/riscv-none-embed/8.2.0/../../../../riscv-none-embed/lib/rv32imafc/ilp32f\libg_nano.a(lib_a-errno.o)
                0x0000000000010d30                __errno
 .text.malloc   0x0000000000010d38        0xa d:/mounriver/mounriver_studio/toolchain/risc-v embedded gcc/bin/../lib/gcc/riscv-none-embed/8.2.0/../../../../riscv-none-embed/lib/rv32imafc/ilp32f\libg_nano.a(lib_a-malloc.o)
                0x0000000000010d38                malloc
 .text.free     0x0000000000010d42        0xa d:/mounriver/mounriver_studio/toolchain/risc-v embedded gcc/bin/../lib/gcc/riscv-none-embed/8.2.0/../../../../riscv-none-embed/lib/rv32imafc/ilp32f\libg_nano.a(lib_a-malloc.o)
                0x0000000000010d42                free
 .text.memcpy   0x0000000000010d4c       0xb6 d:/mounriver/mounriver_studio/toolchain/risc-v embedded gcc/bin/../lib/gcc/riscv-none-embed/8.2.0/../../../../riscv-none-embed/lib/rv32imafc/ilp32f\libg_nano.a(lib_a-memcpy.o)
                0x0000000000010d4c                memcpy
 .text._free_r  0x0000000000010e02       0xa8 d:/mounriver/mounriver_studio/toolchain/risc-v embedded gcc/bin/../lib/gcc/riscv-none-embed/8.2.0/../../../../riscv-none-embed/lib/rv32imafc/ilp32f\libg_nano.a(lib_a-nano-freer.o)
                0x0000000000010e02                _free_r
 .text._malloc_r
                0x0000000000010eaa       0xda d:/mounriver/mounriver_studio/toolchain/risc-v embedded gcc/bin/../lib/gcc/riscv-none-embed/8.2.0/../../../../riscv-none-embed/lib/rv32imafc/ilp32f\libg_nano.a(lib_a-nano-mallocr.o)
                0x0000000000010eaa                _malloc_r
 .text.__cvt    0x0000000000010f84       0xee d:/mounriver/mounriver_studio/toolchain/risc-v embedded gcc/bin/../lib/gcc/riscv-none-embed/8.2.0/../../../../riscv-none-embed/lib/rv32imafc/ilp32f\libg_nano.a(lib_a-nano-vfprintf_float.o)
                0x0000000000010f84                __cvt
 .text.__exponent
                0x0000000000011072       0x8c d:/mounriver/mounriver_studio/toolchain/risc-v embedded gcc/bin/../lib/gcc/riscv-none-embed/8.2.0/../../../../riscv-none-embed/lib/rv32imafc/ilp32f\libg_nano.a(lib_a-nano-vfprintf_float.o)
                0x0000000000011072                __exponent
 .text._printf_float
                0x00000000000110fe      0x4c4 d:/mounriver/mounriver_studio/toolchain/risc-v embedded gcc/bin/../lib/gcc/riscv-none-embed/8.2.0/../../../../riscv-none-embed/lib/rv32imafc/ilp32f\libg_nano.a(lib_a-nano-vfprintf_float.o)
                0x00000000000110fe                _printf_float
 .text._printf_common
                0x00000000000115c2      0x10c d:/mounriver/mounriver_studio/toolchain/risc-v embedded gcc/bin/../lib/gcc/riscv-none-embed/8.2.0/../../../../riscv-none-embed/lib/rv32imafc/ilp32f\libg_nano.a(lib_a-nano-vfprintf_i.o)
                0x00000000000115c2                _printf_common
 .text._printf_i
                0x00000000000116ce      0x2ac d:/mounriver/mounriver_studio/toolchain/risc-v embedded gcc/bin/../lib/gcc/riscv-none-embed/8.2.0/../../../../riscv-none-embed/lib/rv32imafc/ilp32f\libg_nano.a(lib_a-nano-vfprintf_i.o)
                0x00000000000116ce                _printf_i
 .text.printf   0x000000000001197a       0x42 d:/mounriver/mounriver_studio/toolchain/risc-v embedded gcc/bin/../lib/gcc/riscv-none-embed/8.2.0/../../../../riscv-none-embed/lib/rv32imafc/ilp32f\libg_nano.a(lib_a-printf.o)
                0x000000000001197a                iprintf
                0x000000000001197a                printf
 .text._sbrk_r  0x00000000000119bc       0x32 d:/mounriver/mounriver_studio/toolchain/risc-v embedded gcc/bin/../lib/gcc/riscv-none-embed/8.2.0/../../../../riscv-none-embed/lib/rv32imafc/ilp32f\libg_nano.a(lib_a-sbrkr.o)
                0x00000000000119bc                _sbrk_r
 .text.sprintf  0x00000000000119ee       0x46 d:/mounriver/mounriver_studio/toolchain/risc-v embedded gcc/bin/../lib/gcc/riscv-none-embed/8.2.0/../../../../riscv-none-embed/lib/rv32imafc/ilp32f\libg_nano.a(lib_a-sprintf.o)
                0x00000000000119ee                siprintf
                0x00000000000119ee                sprintf
 .text.strlen   0x0000000000011a34       0x12 d:/mounriver/mounriver_studio/toolchain/risc-v embedded gcc/bin/../lib/gcc/riscv-none-embed/8.2.0/../../../../riscv-none-embed/lib/rv32imafc/ilp32f\libg_nano.a(lib_a-strlen.o)
                0x0000000000011a34                strlen
 .text.strncmp  0x0000000000011a46       0x2c d:/mounriver/mounriver_studio/toolchain/risc-v embedded gcc/bin/../lib/gcc/riscv-none-embed/8.2.0/../../../../riscv-none-embed/lib/rv32imafc/ilp32f\libg_nano.a(lib_a-strncmp.o)
                0x0000000000011a46                strncmp
 .text.strstr   0x0000000000011a72       0x3e d:/mounriver/mounriver_studio/toolchain/risc-v embedded gcc/bin/../lib/gcc/riscv-none-embed/8.2.0/../../../../riscv-none-embed/lib/rv32imafc/ilp32f\libg_nano.a(lib_a-strstr.o)
                0x0000000000011a72                strstr
 .text.quorem   0x0000000000011ab0      0x13a d:/mounriver/mounriver_studio/toolchain/risc-v embedded gcc/bin/../lib/gcc/riscv-none-embed/8.2.0/../../../../riscv-none-embed/lib/rv32imafc/ilp32f\libg_nano.a(lib_a-dtoa.o)
 .text._dtoa_r  0x0000000000011bea      0xbea d:/mounriver/mounriver_studio/toolchain/risc-v embedded gcc/bin/../lib/gcc/riscv-none-embed/8.2.0/../../../../riscv-none-embed/lib/rv32imafc/ilp32f\libg_nano.a(lib_a-dtoa.o)
                0x0000000000011bea                _dtoa_r
 .text.std      0x00000000000127d4       0x6a d:/mounriver/mounriver_studio/toolchain/risc-v embedded gcc/bin/../lib/gcc/riscv-none-embed/8.2.0/../../../../riscv-none-embed/lib/rv32imafc/ilp32f\libg_nano.a(lib_a-findfp.o)
 .text._cleanup_r
                0x000000000001283e        0xa d:/mounriver/mounriver_studio/toolchain/risc-v embedded gcc/bin/../lib/gcc/riscv-none-embed/8.2.0/../../../../riscv-none-embed/lib/rv32imafc/ilp32f\libg_nano.a(lib_a-findfp.o)
                0x000000000001283e                _cleanup_r
 .text.__sfmoreglue
                0x0000000000012848       0x48 d:/mounriver/mounriver_studio/toolchain/risc-v embedded gcc/bin/../lib/gcc/riscv-none-embed/8.2.0/../../../../riscv-none-embed/lib/rv32imafc/ilp32f\libg_nano.a(lib_a-findfp.o)
                0x0000000000012848                __sfmoreglue
 .text.__sinit  0x0000000000012890       0x6c d:/mounriver/mounriver_studio/toolchain/risc-v embedded gcc/bin/../lib/gcc/riscv-none-embed/8.2.0/../../../../riscv-none-embed/lib/rv32imafc/ilp32f\libg_nano.a(lib_a-findfp.o)
                0x0000000000012890                __sinit
 .text.__sfp    0x00000000000128fc       0xa0 d:/mounriver/mounriver_studio/toolchain/risc-v embedded gcc/bin/../lib/gcc/riscv-none-embed/8.2.0/../../../../riscv-none-embed/lib/rv32imafc/ilp32f\libg_nano.a(lib_a-findfp.o)
                0x00000000000128fc                __sfp
 .text._fwalk_reent
                0x000000000001299c       0x6c d:/mounriver/mounriver_studio/toolchain/risc-v embedded gcc/bin/../lib/gcc/riscv-none-embed/8.2.0/../../../../riscv-none-embed/lib/rv32imafc/ilp32f\libg_nano.a(lib_a-fwalk.o)
                0x000000000001299c                _fwalk_reent
 .text._localeconv_r
                0x0000000000012a08       0x18 d:/mounriver/mounriver_studio/toolchain/risc-v embedded gcc/bin/../lib/gcc/riscv-none-embed/8.2.0/../../../../riscv-none-embed/lib/rv32imafc/ilp32f\libg_nano.a(lib_a-localeconv.o)
                0x0000000000012a08                _localeconv_r
 .text.memchr   0x0000000000012a20       0x1a d:/mounriver/mounriver_studio/toolchain/risc-v embedded gcc/bin/../lib/gcc/riscv-none-embed/8.2.0/../../../../riscv-none-embed/lib/rv32imafc/ilp32f\libg_nano.a(lib_a-memchr.o)
                0x0000000000012a20                memchr
 .text.__malloc_lock
                0x0000000000012a3a        0x2 d:/mounriver/mounriver_studio/toolchain/risc-v embedded gcc/bin/../lib/gcc/riscv-none-embed/8.2.0/../../../../riscv-none-embed/lib/rv32imafc/ilp32f\libg_nano.a(lib_a-mlock.o)
                0x0000000000012a3a                __malloc_lock
 .text.__malloc_unlock
                0x0000000000012a3c        0x2 d:/mounriver/mounriver_studio/toolchain/risc-v embedded gcc/bin/../lib/gcc/riscv-none-embed/8.2.0/../../../../riscv-none-embed/lib/rv32imafc/ilp32f\libg_nano.a(lib_a-mlock.o)
                0x0000000000012a3c                __malloc_unlock
 .text._Balloc  0x0000000000012a3e       0x88 d:/mounriver/mounriver_studio/toolchain/risc-v embedded gcc/bin/../lib/gcc/riscv-none-embed/8.2.0/../../../../riscv-none-embed/lib/rv32imafc/ilp32f\libg_nano.a(lib_a-mprec.o)
                0x0000000000012a3e                _Balloc
 .text._Bfree   0x0000000000012ac6       0x44 d:/mounriver/mounriver_studio/toolchain/risc-v embedded gcc/bin/../lib/gcc/riscv-none-embed/8.2.0/../../../../riscv-none-embed/lib/rv32imafc/ilp32f\libg_nano.a(lib_a-mprec.o)
                0x0000000000012ac6                _Bfree
 .text.__multadd
                0x0000000000012b0a       0x98 d:/mounriver/mounriver_studio/toolchain/risc-v embedded gcc/bin/../lib/gcc/riscv-none-embed/8.2.0/../../../../riscv-none-embed/lib/rv32imafc/ilp32f\libg_nano.a(lib_a-mprec.o)
                0x0000000000012b0a                __multadd
 .text.__hi0bits
                0x0000000000012ba2       0x46 d:/mounriver/mounriver_studio/toolchain/risc-v embedded gcc/bin/../lib/gcc/riscv-none-embed/8.2.0/../../../../riscv-none-embed/lib/rv32imafc/ilp32f\libg_nano.a(lib_a-mprec.o)
                0x0000000000012ba2                __hi0bits
 .text.__lo0bits
                0x0000000000012be8       0x6a d:/mounriver/mounriver_studio/toolchain/risc-v embedded gcc/bin/../lib/gcc/riscv-none-embed/8.2.0/../../../../riscv-none-embed/lib/rv32imafc/ilp32f\libg_nano.a(lib_a-mprec.o)
                0x0000000000012be8                __lo0bits
 .text.__i2b    0x0000000000012c52       0x1c d:/mounriver/mounriver_studio/toolchain/risc-v embedded gcc/bin/../lib/gcc/riscv-none-embed/8.2.0/../../../../riscv-none-embed/lib/rv32imafc/ilp32f\libg_nano.a(lib_a-mprec.o)
                0x0000000000012c52                __i2b
 .text.__multiply
                0x0000000000012c6e      0x144 d:/mounriver/mounriver_studio/toolchain/risc-v embedded gcc/bin/../lib/gcc/riscv-none-embed/8.2.0/../../../../riscv-none-embed/lib/rv32imafc/ilp32f\libg_nano.a(lib_a-mprec.o)
                0x0000000000012c6e                __multiply
 .text.__pow5mult
                0x0000000000012db2       0xbe d:/mounriver/mounriver_studio/toolchain/risc-v embedded gcc/bin/../lib/gcc/riscv-none-embed/8.2.0/../../../../riscv-none-embed/lib/rv32imafc/ilp32f\libg_nano.a(lib_a-mprec.o)
                0x0000000000012db2                __pow5mult
 .text.__lshift
                0x0000000000012e70       0xce d:/mounriver/mounriver_studio/toolchain/risc-v embedded gcc/bin/../lib/gcc/riscv-none-embed/8.2.0/../../../../riscv-none-embed/lib/rv32imafc/ilp32f\libg_nano.a(lib_a-mprec.o)
                0x0000000000012e70                __lshift
 .text.__mcmp   0x0000000000012f3e       0x32 d:/mounriver/mounriver_studio/toolchain/risc-v embedded gcc/bin/../lib/gcc/riscv-none-embed/8.2.0/../../../../riscv-none-embed/lib/rv32imafc/ilp32f\libg_nano.a(lib_a-mprec.o)
                0x0000000000012f3e                __mcmp
 .text.__mdiff  0x0000000000012f70       0xf2 d:/mounriver/mounriver_studio/toolchain/risc-v embedded gcc/bin/../lib/gcc/riscv-none-embed/8.2.0/../../../../riscv-none-embed/lib/rv32imafc/ilp32f\libg_nano.a(lib_a-mprec.o)
                0x0000000000012f70                __mdiff
 .text.__d2b    0x0000000000013062       0xd4 d:/mounriver/mounriver_studio/toolchain/risc-v embedded gcc/bin/../lib/gcc/riscv-none-embed/8.2.0/../../../../riscv-none-embed/lib/rv32imafc/ilp32f\libg_nano.a(lib_a-mprec.o)
                0x0000000000013062                __d2b
 .text._calloc_r
                0x0000000000013136       0x28 d:/mounriver/mounriver_studio/toolchain/risc-v embedded gcc/bin/../lib/gcc/riscv-none-embed/8.2.0/../../../../riscv-none-embed/lib/rv32imafc/ilp32f\libg_nano.a(lib_a-nano-callocr.o)
                0x0000000000013136                _calloc_r
 .text.__ssputs_r
                0x000000000001315e       0xee d:/mounriver/mounriver_studio/toolchain/risc-v embedded gcc/bin/../lib/gcc/riscv-none-embed/8.2.0/../../../../riscv-none-embed/lib/rv32imafc/ilp32f\libg_nano.a(lib_a-nano-svfprintf.o)
                0x000000000001315e                __ssputs_r
 .text._svfprintf_r
                0x000000000001324c      0x27e d:/mounriver/mounriver_studio/toolchain/risc-v embedded gcc/bin/../lib/gcc/riscv-none-embed/8.2.0/../../../../riscv-none-embed/lib/rv32imafc/ilp32f\libg_nano.a(lib_a-nano-svfprintf.o)
                0x000000000001324c                _svfiprintf_r
                0x000000000001324c                _svfprintf_r
 .text.__sfputc_r
                0x00000000000134ca       0x28 d:/mounriver/mounriver_studio/toolchain/risc-v embedded gcc/bin/../lib/gcc/riscv-none-embed/8.2.0/../../../../riscv-none-embed/lib/rv32imafc/ilp32f\libg_nano.a(lib_a-nano-vfprintf.o)
 .text.__sfputs_r
                0x00000000000134f2       0x44 d:/mounriver/mounriver_studio/toolchain/risc-v embedded gcc/bin/../lib/gcc/riscv-none-embed/8.2.0/../../../../riscv-none-embed/lib/rv32imafc/ilp32f\libg_nano.a(lib_a-nano-vfprintf.o)
                0x00000000000134f2                __sfputs_r
 .text._vfprintf_r
                0x0000000000013536      0x29e d:/mounriver/mounriver_studio/toolchain/risc-v embedded gcc/bin/../lib/gcc/riscv-none-embed/8.2.0/../../../../riscv-none-embed/lib/rv32imafc/ilp32f\libg_nano.a(lib_a-nano-vfprintf.o)
                0x0000000000013536                _vfprintf_r
                0x0000000000013536                _vfiprintf_r
 .text.__sread  0x00000000000137d4       0x30 d:/mounriver/mounriver_studio/toolchain/risc-v embedded gcc/bin/../lib/gcc/riscv-none-embed/8.2.0/../../../../riscv-none-embed/lib/rv32imafc/ilp32f\libg_nano.a(lib_a-stdio.o)
                0x00000000000137d4                __sread
 .text.__swrite
                0x0000000000013804       0x4e d:/mounriver/mounriver_studio/toolchain/risc-v embedded gcc/bin/../lib/gcc/riscv-none-embed/8.2.0/../../../../riscv-none-embed/lib/rv32imafc/ilp32f\libg_nano.a(lib_a-stdio.o)
                0x0000000000013804                __swrite
 .text.__sseek  0x0000000000013852       0x36 d:/mounriver/mounriver_studio/toolchain/risc-v embedded gcc/bin/../lib/gcc/riscv-none-embed/8.2.0/../../../../riscv-none-embed/lib/rv32imafc/ilp32f\libg_nano.a(lib_a-stdio.o)
                0x0000000000013852                __sseek
 .text.__sclose
                0x0000000000013888        0x6 d:/mounriver/mounriver_studio/toolchain/risc-v embedded gcc/bin/../lib/gcc/riscv-none-embed/8.2.0/../../../../riscv-none-embed/lib/rv32imafc/ilp32f\libg_nano.a(lib_a-stdio.o)
                0x0000000000013888                __sclose
 .text.__swbuf_r
                0x000000000001388e       0xc2 d:/mounriver/mounriver_studio/toolchain/risc-v embedded gcc/bin/../lib/gcc/riscv-none-embed/8.2.0/../../../../riscv-none-embed/lib/rv32imafc/ilp32f\libg_nano.a(lib_a-wbuf.o)
                0x000000000001388e                __swbuf_r
 .text._write_r
                0x0000000000013950       0x36 d:/mounriver/mounriver_studio/toolchain/risc-v embedded gcc/bin/../lib/gcc/riscv-none-embed/8.2.0/../../../../riscv-none-embed/lib/rv32imafc/ilp32f\libg_nano.a(lib_a-writer.o)
                0x0000000000013950                _write_r
 .text.__swsetup_r
                0x0000000000013986      0x110 d:/mounriver/mounriver_studio/toolchain/risc-v embedded gcc/bin/../lib/gcc/riscv-none-embed/8.2.0/../../../../riscv-none-embed/lib/rv32imafc/ilp32f\libg_nano.a(lib_a-wsetup.o)
                0x0000000000013986                __swsetup_r
 .text._close_r
                0x0000000000013a96       0x32 d:/mounriver/mounriver_studio/toolchain/risc-v embedded gcc/bin/../lib/gcc/riscv-none-embed/8.2.0/../../../../riscv-none-embed/lib/rv32imafc/ilp32f\libg_nano.a(lib_a-closer.o)
                0x0000000000013a96                _close_r
 .text.__sflush_r
                0x0000000000013ac8      0x13e d:/mounriver/mounriver_studio/toolchain/risc-v embedded gcc/bin/../lib/gcc/riscv-none-embed/8.2.0/../../../../riscv-none-embed/lib/rv32imafc/ilp32f\libg_nano.a(lib_a-fflush.o)
                0x0000000000013ac8                __sflush_r
 .text._fflush_r
                0x0000000000013c06       0x68 d:/mounriver/mounriver_studio/toolchain/risc-v embedded gcc/bin/../lib/gcc/riscv-none-embed/8.2.0/../../../../riscv-none-embed/lib/rv32imafc/ilp32f\libg_nano.a(lib_a-fflush.o)
                0x0000000000013c06                _fflush_r
 .text._lseek_r
                0x0000000000013c6e       0x34 d:/mounriver/mounriver_studio/toolchain/risc-v embedded gcc/bin/../lib/gcc/riscv-none-embed/8.2.0/../../../../riscv-none-embed/lib/rv32imafc/ilp32f\libg_nano.a(lib_a-lseekr.o)
                0x0000000000013c6e                _lseek_r
 .text.__swhatbuf_r
                0x0000000000013ca2       0x58 d:/mounriver/mounriver_studio/toolchain/risc-v embedded gcc/bin/../lib/gcc/riscv-none-embed/8.2.0/../../../../riscv-none-embed/lib/rv32imafc/ilp32f\libg_nano.a(lib_a-makebuf.o)
                0x0000000000013ca2                __swhatbuf_r
 .text.__smakebuf_r
                0x0000000000013cfa       0xa0 d:/mounriver/mounriver_studio/toolchain/risc-v embedded gcc/bin/../lib/gcc/riscv-none-embed/8.2.0/../../../../riscv-none-embed/lib/rv32imafc/ilp32f\libg_nano.a(lib_a-makebuf.o)
                0x0000000000013cfa                __smakebuf_r
 .text.__ascii_mbtowc
                0x0000000000013d9a       0x3a d:/mounriver/mounriver_studio/toolchain/risc-v embedded gcc/bin/../lib/gcc/riscv-none-embed/8.2.0/../../../../riscv-none-embed/lib/rv32imafc/ilp32f\libg_nano.a(lib_a-mbtowc_r.o)
                0x0000000000013d9a                __ascii_mbtowc
 .text.memmove  0x0000000000013dd4       0x4a d:/mounriver/mounriver_studio/toolchain/risc-v embedded gcc/bin/../lib/gcc/riscv-none-embed/8.2.0/../../../../riscv-none-embed/lib/rv32imafc/ilp32f\libg_nano.a(lib_a-memmove.o)
                0x0000000000013dd4                memmove
 .text._realloc_r
                0x0000000000013e1e       0x58 d:/mounriver/mounriver_studio/toolchain/risc-v embedded gcc/bin/../lib/gcc/riscv-none-embed/8.2.0/../../../../riscv-none-embed/lib/rv32imafc/ilp32f\libg_nano.a(lib_a-nano-reallocr.o)
                0x0000000000013e1e                _realloc_r
 .text._read_r  0x0000000000013e76       0x34 d:/mounriver/mounriver_studio/toolchain/risc-v embedded gcc/bin/../lib/gcc/riscv-none-embed/8.2.0/../../../../riscv-none-embed/lib/rv32imafc/ilp32f\libg_nano.a(lib_a-readr.o)
                0x0000000000013e76                _read_r
 .text.__ascii_wctomb
                0x0000000000013eaa       0x20 d:/mounriver/mounriver_studio/toolchain/risc-v embedded gcc/bin/../lib/gcc/riscv-none-embed/8.2.0/../../../../riscv-none-embed/lib/rv32imafc/ilp32f\libg_nano.a(lib_a-wctomb_r.o)
                0x0000000000013eaa                __ascii_wctomb
 .text._fstat_r
                0x0000000000013eca       0x32 d:/mounriver/mounriver_studio/toolchain/risc-v embedded gcc/bin/../lib/gcc/riscv-none-embed/8.2.0/../../../../riscv-none-embed/lib/rv32imafc/ilp32f\libg_nano.a(lib_a-fstatr.o)
                0x0000000000013eca                _fstat_r
 .text._isatty_r
                0x0000000000013efc       0x30 d:/mounriver/mounriver_studio/toolchain/risc-v embedded gcc/bin/../lib/gcc/riscv-none-embed/8.2.0/../../../../riscv-none-embed/lib/rv32imafc/ilp32f\libg_nano.a(lib_a-isattyr.o)
                0x0000000000013efc                _isatty_r
 .text._malloc_usable_size_r
                0x0000000000013f2c       0x14 d:/mounriver/mounriver_studio/toolchain/risc-v embedded gcc/bin/../lib/gcc/riscv-none-embed/8.2.0/../../../../riscv-none-embed/lib/rv32imafc/ilp32f\libg_nano.a(lib_a-nano-msizer.o)
                0x0000000000013f2c                _malloc_usable_size_r
 .text.__trunctfdf2
                0x0000000000013f40      0x3d0 d:/mounriver/mounriver_studio/toolchain/risc-v embedded gcc/bin/../lib/gcc/riscv-none-embed/8.2.0/rv32imafc/ilp32f\libgcc.a(trunctfdf2.o)
                0x0000000000013f40                __trunctfdf2
 .text._close   0x0000000000014310       0x10 d:/mounriver/mounriver_studio/toolchain/risc-v embedded gcc/bin/../lib/gcc/riscv-none-embed/8.2.0/../../../../riscv-none-embed/lib/rv32imafc/ilp32f\libnosys.a(close.o)
                0x0000000000014310                _close
 .text._fstat   0x0000000000014320       0x10 d:/mounriver/mounriver_studio/toolchain/risc-v embedded gcc/bin/../lib/gcc/riscv-none-embed/8.2.0/../../../../riscv-none-embed/lib/rv32imafc/ilp32f\libnosys.a(fstat.o)
                0x0000000000014320                _fstat
 .text._isatty  0x0000000000014330       0x10 d:/mounriver/mounriver_studio/toolchain/risc-v embedded gcc/bin/../lib/gcc/riscv-none-embed/8.2.0/../../../../riscv-none-embed/lib/rv32imafc/ilp32f\libnosys.a(isatty.o)
                0x0000000000014330                _isatty
 .text._lseek   0x0000000000014340       0x10 d:/mounriver/mounriver_studio/toolchain/risc-v embedded gcc/bin/../lib/gcc/riscv-none-embed/8.2.0/../../../../riscv-none-embed/lib/rv32imafc/ilp32f\libnosys.a(lseek.o)
                0x0000000000014340                _lseek
 .text._read    0x0000000000014350       0x10 d:/mounriver/mounriver_studio/toolchain/risc-v embedded gcc/bin/../lib/gcc/riscv-none-embed/8.2.0/../../../../riscv-none-embed/lib/rv32imafc/ilp32f\libnosys.a(read.o)
                0x0000000000014350                _read
 .text._sbrk    0x0000000000014360       0x24 d:/mounriver/mounriver_studio/toolchain/risc-v embedded gcc/bin/../lib/gcc/riscv-none-embed/8.2.0/../../../../riscv-none-embed/lib/rv32imafc/ilp32f\libnosys.a(sbrk.o)
                0x0000000000014360                _sbrk
 *(.rodata)
 *fill*         0x0000000000014384        0x0 
 .rodata        0x0000000000014384       0x1c ./user_c/main.o
 .rodata        0x00000000000143a0       0x4f ./libraries/zf_driver/zf_driver_pit.o
 *fill*         0x00000000000143ef        0x1 
 .rodata        0x00000000000143f0       0x27 ./libraries/zf_driver/zf_driver_pwm.o
 *fill*         0x0000000000014417        0x1 
 .rodata        0x0000000000014418       0x2c ./libraries/zf_driver/zf_driver_soft_iic.o
 .rodata        0x0000000000014444       0x27 ./libraries/zf_driver/zf_driver_spi.o
 *fill*         0x000000000001446b        0x1 
 .rodata        0x000000000001446c       0x28 ./libraries/zf_driver/zf_driver_uart.o
 .rodata        0x0000000000014494       0x34 ./libraries/zf_device/zf_device_bluetooth_ch9141.o
 *fill*         0x00000000000144c8        0x0 
 .rodata        0x00000000000144c8        0x8 ./libraries/zf_device/zf_device_dm1xa.o
 .rodata        0x00000000000144d0       0xf0 ./libraries/zf_device/zf_device_gnss.o
 .rodata        0x00000000000145c0       0x40 ./libraries/zf_device/zf_device_ips114.o
 .rodata        0x0000000000014600       0x27 ./libraries/zf_device/zf_device_key.o
 *fill*         0x0000000000014627        0x1 
 .rodata        0x0000000000014628       0xe4 ./libraries/zf_device/zf_device_mt9v03x_dvp.o
 .rodata        0x000000000001470c       0x78 ./libraries/zf_device/zf_device_wifi_spi.o
 .rodata        0x0000000000014784      0x2a6 ./libraries/zf_device/zf_device_wifi_uart.o
 *fill*         0x0000000000014a2a        0x2 
 .rodata        0x0000000000014a2c       0x31 ./libraries/zf_device/zf_device_wireless_uart.o
 *fill*         0x0000000000014a5d        0x3 
 .rodata        0x0000000000014a60       0x30 ./libraries/zf_components/seekfree_assistant.o
 .rodata        0x0000000000014a90       0x78 ./libraries/zf_common/zf_common_debug.o
 .rodata        0x0000000000014b08       0x28 ./libraries/zf_common/zf_common_fifo.o
 .rodata        0x0000000000014b30       0x68 ./libraries/zf_common/zf_common_function.o
 .rodata        0x0000000000014b98       0x41 ./libraries/sdk/Peripheral/ch32v30x_usbotg_device.o
 *fill*         0x0000000000014bd9        0x7 
 .rodata        0x0000000000014be0       0x10 ./CODE/img.o
 *(.rodata*)
 .rodata.pit_init
                0x0000000000014bf0       0x28 ./libraries/zf_driver/zf_driver_pit.o
 .rodata.pwm_set_duty
                0x0000000000014c18       0x28 ./libraries/zf_driver/zf_driver_pwm.o
 .rodata.pwm_init
                0x0000000000014c40       0x28 ./libraries/zf_driver/zf_driver_pwm.o
 .rodata.spi_index
                0x0000000000014c68        0xc ./libraries/zf_driver/zf_driver_spi.o
                0x0000000000014c68                spi_index
 .rodata.timer_get
                0x0000000000014c74       0x28 ./libraries/zf_driver/zf_driver_timer.o
 .rodata.timer_clear
                0x0000000000014c9c       0x28 ./libraries/zf_driver/zf_driver_timer.o
 .rodata.uart_index
                0x0000000000014cc4       0x20 ./libraries/zf_driver/zf_driver_uart.o
                0x0000000000014cc4                uart_index
 .rodata.key_index
                0x0000000000014ce4       0x14 ./libraries/zf_device/zf_device_key.o
 .rodata.seekfree_assistant_interface_init
                0x0000000000014cf8       0x18 ./libraries/zf_components/seekfree_assistant_interface.o
 .rodata.ascii_font_8x16
                0x0000000000014d10      0x5f0 ./libraries/zf_common/zf_common_font.o
                0x0000000000014d10                ascii_font_8x16
 .rodata.ascii_font_6x8
                0x0000000000015300      0x228 ./libraries/zf_common/zf_common_font.o
                0x0000000000015300                ascii_font_6x8
 .rodata.MyDevDescrHD
                0x0000000000015528       0x12 ./libraries/sdk/Peripheral/ch32v30x_usbotg_device.o
                0x0000000000015528                MyDevDescrHD
 *fill*         0x000000000001553a        0x2 
 .rodata.MyCfgDescrHD
                0x000000000001553c       0x43 ./libraries/sdk/Peripheral/ch32v30x_usbotg_device.o
                0x000000000001553c                MyCfgDescrHD
 *fill*         0x000000000001557f        0x1 
 .rodata.MyReportDescHD
                0x0000000000015580       0x14 ./libraries/sdk/Peripheral/ch32v30x_usbotg_device.o
                0x0000000000015580                MyReportDescHD
 .rodata.MyManuInfoHD
                0x0000000000015594        0xe ./libraries/sdk/Peripheral/ch32v30x_usbotg_device.o
                0x0000000000015594                MyManuInfoHD
 *fill*         0x00000000000155a2        0x2 
 .rodata.MyProdInfoHD
                0x00000000000155a4        0xc ./libraries/sdk/Peripheral/ch32v30x_usbotg_device.o
                0x00000000000155a4                MyProdInfoHD
 .rodata.MySerNumInfoHD
                0x00000000000155b0       0x16 ./libraries/sdk/Peripheral/ch32v30x_usbotg_device.o
                0x00000000000155b0                MySerNumInfoHD
 *fill*         0x00000000000155c6        0x2 
 .rodata.MyUSBQUADescHD
                0x00000000000155c8        0xa ./libraries/sdk/Peripheral/ch32v30x_usbotg_device.o
                0x00000000000155c8                MyUSBQUADescHD
 *fill*         0x00000000000155d2        0x2 
 .rodata.OTG_FS_IRQHandler
                0x00000000000155d4       0xbc ./libraries/sdk/Peripheral/ch32v30x_usbotg_device.o
 .rodata.pow.cst8
                0x0000000000015690       0x30 d:/mounriver/mounriver_studio/toolchain/risc-v embedded gcc/bin/../lib/gcc/riscv-none-embed/8.2.0/../../../../riscv-none-embed/lib/rv32imafc/ilp32f\libm.a(lib_a-w_pow.o)
 .rodata.pow.str1.4
                0x00000000000156c0        0x4 d:/mounriver/mounriver_studio/toolchain/risc-v embedded gcc/bin/../lib/gcc/riscv-none-embed/8.2.0/../../../../riscv-none-embed/lib/rv32imafc/ilp32f\libm.a(lib_a-w_pow.o)
 *fill*         0x00000000000156c4        0x4 
 .rodata.__ieee754_pow.cst8
                0x00000000000156c8      0x100 d:/mounriver/mounriver_studio/toolchain/risc-v embedded gcc/bin/../lib/gcc/riscv-none-embed/8.2.0/../../../../riscv-none-embed/lib/rv32imafc/ilp32f\libm.a(lib_a-e_pow.o)
                                        0x110 (size before relaxing)
 .rodata.__ieee754_pow.str1.4
                0x00000000000157c8        0x4 d:/mounriver/mounriver_studio/toolchain/risc-v embedded gcc/bin/../lib/gcc/riscv-none-embed/8.2.0/../../../../riscv-none-embed/lib/rv32imafc/ilp32f\libm.a(lib_a-e_pow.o)
                                          0x1 (size before relaxing)
 .rodata.nan.cst8
                0x00000000000157c8        0x8 d:/mounriver/mounriver_studio/toolchain/risc-v embedded gcc/bin/../lib/gcc/riscv-none-embed/8.2.0/../../../../riscv-none-embed/lib/rv32imafc/ilp32f\libm.a(lib_a-s_nan.o)
 .rodata.TWO52  0x00000000000157d0       0x10 d:/mounriver/mounriver_studio/toolchain/risc-v embedded gcc/bin/../lib/gcc/riscv-none-embed/8.2.0/../../../../riscv-none-embed/lib/rv32imafc/ilp32f\libm.a(lib_a-s_rint.o)
 .rodata.scalbn.cst8
                0x00000000000157e0       0x10 d:/mounriver/mounriver_studio/toolchain/risc-v embedded gcc/bin/../lib/gcc/riscv-none-embed/8.2.0/../../../../riscv-none-embed/lib/rv32imafc/ilp32f\libm.a(lib_a-s_scalbn.o)
                                         0x20 (size before relaxing)
 .rodata.__divdf3
                0x00000000000157f0       0x40 d:/mounriver/mounriver_studio/toolchain/risc-v embedded gcc/bin/../lib/gcc/riscv-none-embed/8.2.0/rv32imafc/ilp32f\libgcc.a(divdf3.o)
 .rodata.__muldf3
                0x0000000000015830       0x40 d:/mounriver/mounriver_studio/toolchain/risc-v embedded gcc/bin/../lib/gcc/riscv-none-embed/8.2.0/rv32imafc/ilp32f\libgcc.a(muldf3.o)
 .rodata.__clz_tab
                0x0000000000015870      0x100 d:/mounriver/mounriver_studio/toolchain/risc-v embedded gcc/bin/../lib/gcc/riscv-none-embed/8.2.0/rv32imafc/ilp32f\libgcc.a(_clz.o)
                0x0000000000015870                __clz_tab
 .rodata._printf_float.cst8
                0x0000000000015970        0x8 d:/mounriver/mounriver_studio/toolchain/risc-v embedded gcc/bin/../lib/gcc/riscv-none-embed/8.2.0/../../../../riscv-none-embed/lib/rv32imafc/ilp32f\libg_nano.a(lib_a-nano-vfprintf_float.o)
 .rodata._printf_float.str1.4
                0x0000000000015978       0x12 d:/mounriver/mounriver_studio/toolchain/risc-v embedded gcc/bin/../lib/gcc/riscv-none-embed/8.2.0/../../../../riscv-none-embed/lib/rv32imafc/ilp32f\libg_nano.a(lib_a-nano-vfprintf_float.o)
 *fill*         0x000000000001598a        0x2 
 .rodata._printf_i.str1.4
                0x000000000001598c       0x25 d:/mounriver/mounriver_studio/toolchain/risc-v embedded gcc/bin/../lib/gcc/riscv-none-embed/8.2.0/../../../../riscv-none-embed/lib/rv32imafc/ilp32f\libg_nano.a(lib_a-nano-vfprintf_i.o)
 *fill*         0x00000000000159b1        0x7 
 .rodata._dtoa_r.cst8
                0x00000000000159b8       0x30 d:/mounriver/mounriver_studio/toolchain/risc-v embedded gcc/bin/../lib/gcc/riscv-none-embed/8.2.0/../../../../riscv-none-embed/lib/rv32imafc/ilp32f\libg_nano.a(lib_a-dtoa.o)
                                         0x48 (size before relaxing)
 .rodata._dtoa_r.str1.4
                0x00000000000159e8       0x10 d:/mounriver/mounriver_studio/toolchain/risc-v embedded gcc/bin/../lib/gcc/riscv-none-embed/8.2.0/../../../../riscv-none-embed/lib/rv32imafc/ilp32f\libg_nano.a(lib_a-dtoa.o)
                                         0x12 (size before relaxing)
 .rodata.__sf_fake_stderr
                0x00000000000159f8       0x20 d:/mounriver/mounriver_studio/toolchain/risc-v embedded gcc/bin/../lib/gcc/riscv-none-embed/8.2.0/../../../../riscv-none-embed/lib/rv32imafc/ilp32f\libg_nano.a(lib_a-findfp.o)
                0x00000000000159f8                __sf_fake_stderr
 .rodata.__sf_fake_stdin
                0x0000000000015a18       0x20 d:/mounriver/mounriver_studio/toolchain/risc-v embedded gcc/bin/../lib/gcc/riscv-none-embed/8.2.0/../../../../riscv-none-embed/lib/rv32imafc/ilp32f\libg_nano.a(lib_a-findfp.o)
                0x0000000000015a18                __sf_fake_stdin
 .rodata.__sf_fake_stdout
                0x0000000000015a38       0x20 d:/mounriver/mounriver_studio/toolchain/risc-v embedded gcc/bin/../lib/gcc/riscv-none-embed/8.2.0/../../../../riscv-none-embed/lib/rv32imafc/ilp32f\libg_nano.a(lib_a-findfp.o)
                0x0000000000015a38                __sf_fake_stdout
 .rodata.__mprec_bigtens
                0x0000000000015a58       0x28 d:/mounriver/mounriver_studio/toolchain/risc-v embedded gcc/bin/../lib/gcc/riscv-none-embed/8.2.0/../../../../riscv-none-embed/lib/rv32imafc/ilp32f\libg_nano.a(lib_a-mprec.o)
                0x0000000000015a58                __mprec_bigtens
 .rodata.__mprec_tens
                0x0000000000015a80       0xc8 d:/mounriver/mounriver_studio/toolchain/risc-v embedded gcc/bin/../lib/gcc/riscv-none-embed/8.2.0/../../../../riscv-none-embed/lib/rv32imafc/ilp32f\libg_nano.a(lib_a-mprec.o)
                0x0000000000015a80                __mprec_tens
 .rodata.p05.3321
                0x0000000000015b48        0xc d:/mounriver/mounriver_studio/toolchain/risc-v embedded gcc/bin/../lib/gcc/riscv-none-embed/8.2.0/../../../../riscv-none-embed/lib/rv32imafc/ilp32f\libg_nano.a(lib_a-mprec.o)
 .rodata._svfprintf_r.str1.4
                0x0000000000015b54       0x13 d:/mounriver/mounriver_studio/toolchain/risc-v embedded gcc/bin/../lib/gcc/riscv-none-embed/8.2.0/../../../../riscv-none-embed/lib/rv32imafc/ilp32f\libg_nano.a(lib_a-nano-svfprintf.o)
 .rodata._vfprintf_r.str1.4
                0x0000000000015b67       0x13 d:/mounriver/mounriver_studio/toolchain/risc-v embedded gcc/bin/../lib/gcc/riscv-none-embed/8.2.0/../../../../riscv-none-embed/lib/rv32imafc/ilp32f\libg_nano.a(lib_a-nano-vfprintf.o)
 *fill*         0x0000000000015b67        0x1 
 .rodata._setlocale_r.str1.4
                0x0000000000015b68        0xa d:/mounriver/mounriver_studio/toolchain/risc-v embedded gcc/bin/../lib/gcc/riscv-none-embed/8.2.0/../../../../riscv-none-embed/lib/rv32imafc/ilp32f\libg_nano.a(lib_a-locale.o)
                                          0xd (size before relaxing)
 *fill*         0x0000000000015b72        0x2 
 .rodata.str1.4
                0x0000000000015b74        0x4 d:/mounriver/mounriver_studio/toolchain/risc-v embedded gcc/bin/../lib/gcc/riscv-none-embed/8.2.0/../../../../riscv-none-embed/lib/rv32imafc/ilp32f\libg_nano.a(lib_a-locale.o)
                                          0x2 (size before relaxing)
 .rodata._ctype_
                0x0000000000015b78      0x101 d:/mounriver/mounriver_studio/toolchain/risc-v embedded gcc/bin/../lib/gcc/riscv-none-embed/8.2.0/../../../../riscv-none-embed/lib/rv32imafc/ilp32f\libg_nano.a(lib_a-ctype_.o)
                0x0000000000015b78                _ctype_
 *(.glue_7)
 *(.glue_7t)
 *(.gnu.linkonce.t.*)
                0x0000000000015c7c                . = ALIGN (0x4)
 *fill*         0x0000000000015c79        0x3 

.rela.dyn       0x0000000000015c7c        0x0
 .rela.text.main
                0x0000000000015c7c        0x0 ./user_c/isr.o
 .rela.sdata.seekfree_assistant_transfer_callback
                0x0000000000015c7c        0x0 ./user_c/isr.o
 .rela.sdata.seekfree_assistant_receive_callback
                0x0000000000015c7c        0x0 ./user_c/isr.o
 .rela.init     0x0000000000015c7c        0x0 ./user_c/isr.o
 .rela.vector   0x0000000000015c7c        0x0 ./user_c/isr.o
 .rela.text.handle_reset
                0x0000000000015c7c        0x0 ./user_c/isr.o
 .rela.text._sbrk_r
                0x0000000000015c7c        0x0 ./user_c/isr.o
 .rela.text._svfprintf_r
                0x0000000000015c7c        0x0 ./user_c/isr.o
 .rela.text._vfprintf_r
                0x0000000000015c7c        0x0 ./user_c/isr.o
 .rela.text._write_r
                0x0000000000015c7c        0x0 ./user_c/isr.o
 .rela.text._close_r
                0x0000000000015c7c        0x0 ./user_c/isr.o
 .rela.text._lseek_r
                0x0000000000015c7c        0x0 ./user_c/isr.o
 .rela.text._read_r
                0x0000000000015c7c        0x0 ./user_c/isr.o
 .rela.text._fstat_r
                0x0000000000015c7c        0x0 ./user_c/isr.o
 .rela.text._isatty_r
                0x0000000000015c7c        0x0 ./user_c/isr.o
 .rela.text._close
                0x0000000000015c7c        0x0 ./user_c/isr.o
 .rela.text._fstat
                0x0000000000015c7c        0x0 ./user_c/isr.o
 .rela.text._isatty
                0x0000000000015c7c        0x0 ./user_c/isr.o
 .rela.text._lseek
                0x0000000000015c7c        0x0 ./user_c/isr.o
 .rela.text._read
                0x0000000000015c7c        0x0 ./user_c/isr.o
 .rela.text._sbrk
                0x0000000000015c7c        0x0 ./user_c/isr.o

.fini           0x0000000000015c7c        0x0
 *(SORT_NONE(.fini))
                0x0000000000015c7c                . = ALIGN (0x4)
                [!provide]                        PROVIDE (_etext = .)
                [!provide]                        PROVIDE (_eitcm = .)

.preinit_array  0x0000000000015c7c        0x0
                [!provide]                        PROVIDE (__preinit_array_start = .)
 *(.preinit_array)
                [!provide]                        PROVIDE (__preinit_array_end = .)

.init_array     0x0000000000015c7c        0x0
                [!provide]                        PROVIDE (__init_array_start = .)
 *(SORT_BY_INIT_PRIORITY(.init_array.*) SORT_BY_INIT_PRIORITY(.ctors.*))
 *(.init_array EXCLUDE_FILE(*crtend?.o *crtend.o *crtbegin?.o *crtbegin.o) .ctors)
                [!provide]                        PROVIDE (__init_array_end = .)

.fini_array     0x0000000000015c7c        0x0
                [!provide]                        PROVIDE (__fini_array_start = .)
 *(SORT_BY_INIT_PRIORITY(.fini_array.*) SORT_BY_INIT_PRIORITY(.dtors.*))
 *(.fini_array EXCLUDE_FILE(*crtend?.o *crtend.o *crtbegin?.o *crtbegin.o) .dtors)
                [!provide]                        PROVIDE (__fini_array_end = .)

.ctors
 *crtbegin.o(.ctors)
 *crtbegin?.o(.ctors)
 *(EXCLUDE_FILE(*crtend?.o *crtend.o) .ctors)
 *(SORT_BY_NAME(.ctors.*))
 *(.ctors)

.dtors
 *crtbegin.o(.dtors)
 *crtbegin?.o(.dtors)
 *(EXCLUDE_FILE(*crtend?.o *crtend.o) .dtors)
 *(SORT_BY_NAME(.dtors.*))
 *(.dtors)

.dalign         0x0000000020000000        0x0 load address 0x0000000000015c7c
                0x0000000020000000                . = ALIGN (0x4)
                0x0000000020000000                PROVIDE (_data_vma = .)

.dlalign        0x0000000000015c7c        0x0
                0x0000000000015c7c                . = ALIGN (0x4)
                0x0000000000015c7c                PROVIDE (_data_lma = .)

.data           0x0000000020000000      0x298 load address 0x0000000000015c7c
 *(.gnu.linkonce.r.*)
 *(.data .data.*)
 .data.gpio_group
                0x0000000020000000       0x14 ./libraries/zf_driver/zf_driver_gpio.o
                0x0000000020000000                gpio_group
 .data.APBAHBPrescTable
                0x0000000020000014       0x10 ./libraries/sdk/Peripheral/ch32v30x_rcc.o
 .data.TAB_USB_FS_OSC_DESC
                0x0000000020000024       0x43 ./libraries/sdk/Peripheral/ch32v30x_usbotg_device.o
                0x0000000020000024                TAB_USB_FS_OSC_DESC
 *fill*         0x0000000020000067        0x1 
 .data.impure_data
                0x0000000020000068       0x60 d:/mounriver/mounriver_studio/toolchain/risc-v embedded gcc/bin/../lib/gcc/riscv-none-embed/8.2.0/../../../../riscv-none-embed/lib/rv32imafc/ilp32f\libg_nano.a(lib_a-impure.o)
 .data.__global_locale
                0x00000000200000c8      0x16c d:/mounriver/mounriver_studio/toolchain/risc-v embedded gcc/bin/../lib/gcc/riscv-none-embed/8.2.0/../../../../riscv-none-embed/lib/rv32imafc/ilp32f\libg_nano.a(lib_a-locale.o)
                0x00000000200000c8                __global_locale
 *(.gnu.linkonce.d.*)
                0x0000000020000238                . = ALIGN (0x8)
 *fill*         0x0000000020000234        0x4 
                0x0000000020000a38                PROVIDE (__global_pointer$ = (. + 0x800))
 *(.sdata .sdata.*)
 .sdata.dm1xa_distance_mm
                0x0000000020000238        0x2 ./libraries/zf_device/zf_device_dm1xa.o
 .sdata.ips114_pencolor
                0x000000002000023a        0x2 ./libraries/zf_device/zf_device_ips114.o
 .sdata.ips114_bgcolor
                0x000000002000023c        0x2 ./libraries/zf_device/zf_device_ips114.o
 *fill*         0x000000002000023e        0x2 
 .sdata.ips114_display_dir
                0x0000000020000240        0x4 ./libraries/zf_device/zf_device_ips114.o
 .sdata.ips114_display_font
                0x0000000020000244        0x4 ./libraries/zf_device/zf_device_ips114.o
 .sdata.ips114_x_max
                0x0000000020000248        0x1 ./libraries/zf_device/zf_device_ips114.o
 .sdata.ips114_y_max
                0x0000000020000249        0x1 ./libraries/zf_device/zf_device_ips114.o
 *fill*         0x000000002000024a        0x2 
 .sdata.mt9v03x_type
                0x000000002000024c        0x4 ./libraries/zf_device/zf_device_mt9v03x_dvp.o
 .sdata.camera_uart_handler
                0x0000000020000250        0x4 ./libraries/zf_device/zf_device_type.o
                0x0000000020000250                camera_uart_handler
 .sdata.camera_dvp_handler
                0x0000000020000254        0x4 ./libraries/zf_device/zf_device_type.o
                0x0000000020000254                camera_dvp_handler
 .sdata.wireless_module_uart_handler